Component: Arm Compiler for Embedded 6.19 Tool: armlink [5e73cb00]

==============================================================================

Section Cross References

    app.o(.text.main) refers to gd32e10x_rcu.o(.text.rcu_periph_clock_enable) for rcu_periph_clock_enable
    app.o(.text.main) refers to gd32e10x_gpio.o(.text.gpio_init) for gpio_init
    app.o(.text.main) refers to gd32e10x_gpio.o(.text.gpio_bit_set) for gpio_bit_set
    app.o(.text.main) refers to gd32e10x_rcu.o(.text.rcu_clock_freq_get) for rcu_clock_freq_get
    app.o(.text.main) refers to app.o(.bss.usbfs_prescaler) for usbfs_prescaler
    app.o(.text.main) refers to gd32e10x_rcu.o(.text.rcu_usb_clock_config) for rcu_usb_clock_config
    app.o(.text.main) refers to app.o(.data.usbhs_core_dev) for usbhs_core_dev
    app.o(.text.main) refers to usbd_core.o(.text.usbd_init) for usbd_init
    app.o(.text.main) refers to gd32e10x_misc.o(.text.nvic_priority_group_set) for nvic_priority_group_set
    app.o(.text.main) refers to gd32e10x_misc.o(.text.nvic_irq_enable) for nvic_irq_enable
    app.o(.ARM.exidx.text.main) refers to app.o(.text.main) for [Anonymous Symbol]
    app.o(.text.led_config) refers to gd32e10x_rcu.o(.text.rcu_periph_clock_enable) for rcu_periph_clock_enable
    app.o(.text.led_config) refers to gd32e10x_gpio.o(.text.gpio_init) for gpio_init
    app.o(.text.led_config) refers to gd32e10x_gpio.o(.text.gpio_bit_set) for gpio_bit_set
    app.o(.ARM.exidx.text.led_config) refers to app.o(.text.led_config) for [Anonymous Symbol]
    app.o(.text.usb_clock_config) refers to gd32e10x_rcu.o(.text.rcu_clock_freq_get) for rcu_clock_freq_get
    app.o(.text.usb_clock_config) refers to app.o(.bss.usbfs_prescaler) for usbfs_prescaler
    app.o(.text.usb_clock_config) refers to gd32e10x_rcu.o(.text.rcu_usb_clock_config) for rcu_usb_clock_config
    app.o(.text.usb_clock_config) refers to gd32e10x_rcu.o(.text.rcu_periph_clock_enable) for rcu_periph_clock_enable
    app.o(.ARM.exidx.text.usb_clock_config) refers to app.o(.text.usb_clock_config) for [Anonymous Symbol]
    app.o(.text.usb_interrupt_config) refers to gd32e10x_misc.o(.text.nvic_priority_group_set) for nvic_priority_group_set
    app.o(.text.usb_interrupt_config) refers to gd32e10x_misc.o(.text.nvic_irq_enable) for nvic_irq_enable
    app.o(.ARM.exidx.text.usb_interrupt_config) refers to app.o(.text.usb_interrupt_config) for [Anonymous Symbol]
    app.o(.data.usbhs_core_dev) refers to custom_hid_core.o(.rodata.device_descripter) for device_descripter
    app.o(.data.usbhs_core_dev) refers to custom_hid_core.o(.rodata.configuration_descriptor) for configuration_descriptor
    app.o(.data.usbhs_core_dev) refers to custom_hid_core.o(.data.usbd_strings) for usbd_strings
    app.o(.data.usbhs_core_dev) refers to custom_hid_core.o(.text.custom_hid_init) for custom_hid_init
    app.o(.data.usbhs_core_dev) refers to custom_hid_core.o(.text.custom_hid_deinit) for custom_hid_deinit
    app.o(.data.usbhs_core_dev) refers to custom_hid_core.o(.text.custom_hid_req_handler) for custom_hid_req_handler
    app.o(.data.usbhs_core_dev) refers to custom_hid_core.o(.text.custom_hid_data_handler) for custom_hid_data_handler
    app.o(.data.usbhs_core_dev) refers to delay.o(.text.delayMicroseconds) for delayMicroseconds
    app.o(.data.usbhs_core_dev) refers to delay.o(.text.delay) for delay
    custom_hid_core.o(.text.custom_hid_init) refers to custom_hid_core.o(.rodata.configuration_descriptor) for configuration_descriptor
    custom_hid_core.o(.text.custom_hid_init) refers to usbd_core.o(.text.usbd_ep_init) for usbd_ep_init
    custom_hid_core.o(.text.custom_hid_init) refers to custom_hid_core.o(.bss.rxBuff) for rxBuff
    custom_hid_core.o(.text.custom_hid_init) refers to usbd_core.o(.text.usbd_ep_rx) for usbd_ep_rx
    custom_hid_core.o(.ARM.exidx.text.custom_hid_init) refers to custom_hid_core.o(.text.custom_hid_init) for [Anonymous Symbol]
    custom_hid_core.o(.text.custom_hid_deinit) refers to usbd_core.o(.text.usbd_ep_deinit) for usbd_ep_deinit
    custom_hid_core.o(.ARM.exidx.text.custom_hid_deinit) refers to custom_hid_core.o(.text.custom_hid_deinit) for [Anonymous Symbol]
    custom_hid_core.o(.text.custom_hid_req_handler) refers to custom_hid_core.o(.bss.usbd_customhid_idlestate) for usbd_customhid_idlestate
    custom_hid_core.o(.text.custom_hid_req_handler) refers to custom_hid_core.o(.rodata.customhid_report_descriptor) for customhid_report_descriptor
    custom_hid_core.o(.text.custom_hid_req_handler) refers to custom_hid_core.o(.bss.usbd_customhid_altset) for usbd_customhid_altset
    custom_hid_core.o(.text.custom_hid_req_handler) refers to custom_hid_core.o(.bss.usbd_customhid_protocol) for usbd_customhid_protocol
    custom_hid_core.o(.text.custom_hid_req_handler) refers to usbd_core.o(.text.usbd_ctltx) for usbd_ctltx
    custom_hid_core.o(.text.custom_hid_req_handler) refers to usbd_std.o(.text.usbd_enum_error) for usbd_enum_error
[...]
    Removing gd32e10x_timer.o(.ARM.exidx.text.timer_primary_output_config), (8 bytes).
    Removing gd32e10x_timer.o(.text.timer_channel_control_shadow_config), (16 bytes).
    Removing gd32e10x_timer.o(.ARM.exidx.text.timer_channel_control_shadow_config), (8 bytes).
    Removing gd32e10x_timer.o(.text.timer_channel_control_shadow_update_config), (30 bytes).
    Removing gd32e10x_timer.o(.ARM.exidx.text.timer_channel_control_shadow_update_config), (8 bytes).
    Removing gd32e10x_timer.o(.text.timer_channel_output_struct_para_init), (10 bytes).
    Removing gd32e10x_timer.o(.ARM.exidx.text.timer_channel_output_struct_para_init), (8 bytes).
    Removing gd32e10x_timer.o(.text.timer_channel_output_config), (584 bytes).
    Removing gd32e10x_timer.o(.ARM.exidx.text.timer_channel_output_config), (8 bytes).
    Removing gd32e10x_timer.o(.text.timer_channel_output_mode_config), (58 bytes).
    Removing gd32e10x_timer.o(.ARM.exidx.text.timer_channel_output_mode_config), (8 bytes).
    Removing gd32e10x_timer.o(.text.timer_channel_output_pulse_value_config), (12 bytes).
    Removing gd32e10x_timer.o(.ARM.exidx.text.timer_channel_output_pulse_value_config), (8 bytes).
    Removing gd32e10x_timer.o(.text.timer_channel_output_shadow_config), (58 bytes).
    Removing gd32e10x_timer.o(.ARM.exidx.text.timer_channel_output_shadow_config), (8 bytes).
    Removing gd32e10x_timer.o(.text.timer_channel_output_fast_config), (58 bytes).
    Removing gd32e10x_timer.o(.ARM.exidx.text.timer_channel_output_fast_config), (8 bytes).
    Removing gd32e10x_timer.o(.text.timer_channel_output_clear_config), (58 bytes).
    Removing gd32e10x_timer.o(.ARM.exidx.text.timer_channel_output_clear_config), (8 bytes).
    Removing gd32e10x_timer.o(.text.timer_channel_output_polarity_config), (74 bytes).
    Removing gd32e10x_timer.o(.ARM.exidx.text.timer_channel_output_polarity_config), (8 bytes).
    Removing gd32e10x_timer.o(.text.timer_channel_complementary_output_polarity_config), (60 bytes).
    Removing gd32e10x_timer.o(.ARM.exidx.text.timer_channel_complementary_output_polarity_config), (8 bytes).
    Removing gd32e10x_timer.o(.text.timer_channel_output_state_config), (74 bytes).
    Removing gd32e10x_timer.o(.ARM.exidx.text.timer_channel_output_state_config), (8 bytes).
    Removing gd32e10x_timer.o(.text.timer_channel_complementary_output_state_config), (60 bytes).
    Removing gd32e10x_timer.o(.ARM.exidx.text.timer_channel_complementary_output_state_config), (8 bytes).
    Removing gd32e10x_timer.o(.text.timer_channel_input_struct_para_init), (12 bytes).
    Removing gd32e10x_timer.o(.ARM.exidx.text.timer_channel_input_struct_para_init), (8 bytes).
    Removing gd32e10x_timer.o(.text.timer_input_capture_config), (346 bytes).
    Removing gd32e10x_timer.o(.ARM.exidx.text.timer_input_capture_config), (8 bytes).
    Removing gd32e10x_timer.o(.text.timer_channel_input_capture_prescaler_config), (58 bytes).
    Removing gd32e10x_timer.o(.ARM.exidx.text.timer_channel_input_capture_prescaler_config), (8 bytes).
    Removing gd32e10x_timer.o(.text.timer_channel_capture_value_register_read), (14 bytes).
    Removing gd32e10x_timer.o(.ARM.exidx.text.timer_channel_capture_value_register_read), (8 bytes).
    Removing gd32e10x_timer.o(.text.timer_input_pwm_capture_config), (356 bytes).
    Removing gd32e10x_timer.o(.ARM.exidx.text.timer_input_pwm_capture_config), (8 bytes).
    Removing gd32e10x_timer.o(.text.timer_hall_mode_config), (28 bytes).
    Removing gd32e10x_timer.o(.ARM.exidx.text.timer_hall_mode_config), (8 bytes).
    Removing gd32e10x_timer.o(.text.timer_input_trigger_source_select), (16 bytes).
    Removing gd32e10x_timer.o(.ARM.exidx.text.timer_input_trigger_source_select), (8 bytes).
    Removing gd32e10x_timer.o(.text.timer_master_output_trigger_source_select), (16 bytes).
    Removing gd32e10x_timer.o(.ARM.exidx.text.timer_master_output_trigger_source_select), (8 bytes).
    Removing gd32e10x_timer.o(.text.timer_slave_mode_select), (16 bytes).
    Removing gd32e10x_timer.o(.ARM.exidx.text.timer_slave_mode_select), (8 bytes).
    Removing gd32e10x_timer.o(.text.timer_master_slave_mode_config), (28 bytes).
    Removing gd32e10x_timer.o(.ARM.exidx.text.timer_master_slave_mode_config), (8 bytes).
    Removing gd32e10x_timer.o(.text.timer_external_trigger_config), (34 bytes).
    Removing gd32e10x_timer.o(.ARM.exidx.text.timer_external_trigger_config), (8 bytes).
    Removing gd32e10x_timer.o(.text.timer_quadrature_decoder_mode_config), (78 bytes).
    Removing gd32e10x_timer.o(.ARM.exidx.text.timer_quadrature_decoder_mode_config), (8 bytes).
    Removing gd32e10x_timer.o(.text.timer_internal_clock_config), (10 bytes).
    Removing gd32e10x_timer.o(.ARM.exidx.text.timer_internal_clock_config), (8 bytes).
    Removing gd32e10x_timer.o(.text.timer_internal_trigger_as_external_clock_config), (32 bytes).
    Removing gd32e10x_timer.o(.ARM.exidx.text.timer_internal_trigger_as_external_clock_config), (8 bytes).
    Removing gd32e10x_timer.o(.text.timer_external_trigger_as_external_clock_config), (148 bytes).
    Removing gd32e10x_timer.o(.ARM.exidx.text.timer_external_trigger_as_external_clock_config), (8 bytes).
    Removing gd32e10x_timer.o(.text.timer_external_clock_mode0_config), (50 bytes).
    Removing gd32e10x_timer.o(.ARM.exidx.text.timer_external_clock_mode0_config), (8 bytes).
    Removing gd32e10x_timer.o(.text.timer_external_clock_mode1_config), (42 bytes).
    Removing gd32e10x_timer.o(.ARM.exidx.text.timer_external_clock_mode1_config), (8 bytes).
    Removing gd32e10x_timer.o(.text.timer_external_clock_mode1_disable), (10 bytes).
    Removing gd32e10x_timer.o(.ARM.exidx.text.timer_external_clock_mode1_disable), (8 bytes).
    Removing gd32e10x_timer.o(.text.timer_write_chxval_register_config), (36 bytes).
    Removing gd32e10x_timer.o(.ARM.exidx.text.timer_write_chxval_register_config), (8 bytes).
    Removing gd32e10x_timer.o(.text.timer_output_value_selection_config), (36 bytes).
    Removing gd32e10x_timer.o(.ARM.exidx.text.timer_output_value_selection_config), (8 bytes).
    Removing gd32e10x_timer.o(.text.timer_interrupt_enable), (8 bytes).
    Removing gd32e10x_timer.o(.ARM.exidx.text.timer_interrupt_enable), (8 bytes).
    Removing gd32e10x_timer.o(.text.timer_interrupt_disable), (10 bytes).
    Removing gd32e10x_timer.o(.ARM.exidx.text.timer_interrupt_disable), (8 bytes).
    Removing gd32e10x_timer.o(.text.timer_interrupt_flag_get), (22 bytes).
    Removing gd32e10x_timer.o(.ARM.exidx.text.timer_interrupt_flag_get), (8 bytes).
    Removing gd32e10x_timer.o(.text.timer_interrupt_flag_clear), (6 bytes).
    Removing gd32e10x_timer.o(.ARM.exidx.text.timer_interrupt_flag_clear), (8 bytes).
    Removing gd32e10x_timer.o(.text.timer_flag_get), (10 bytes).
    Removing gd32e10x_timer.o(.ARM.exidx.text.timer_flag_get), (8 bytes).
    Removing gd32e10x_timer.o(.text.timer_flag_clear), (6 bytes).
    Removing gd32e10x_timer.o(.ARM.exidx.text.timer_flag_clear), (8 bytes).
    Removing gd32e10x_pmu.o(.text), (0 bytes).
    Removing gd32e10x_pmu.o(.text.pmu_deinit), (22 bytes).
    Removing gd32e10x_pmu.o(.ARM.exidx.text.pmu_deinit), (8 bytes).
    Removing gd32e10x_pmu.o(.text.pmu_lvd_select), (40 bytes).
    Removing gd32e10x_pmu.o(.ARM.exidx.text.pmu_lvd_select), (8 bytes).
    Removing gd32e10x_pmu.o(.text.pmu_ldo_output_select), (24 bytes).
    Removing gd32e10x_pmu.o(.ARM.exidx.text.pmu_ldo_output_select), (8 bytes).
    Removing gd32e10x_pmu.o(.text.pmu_lvd_disable), (18 bytes).
    Removing gd32e10x_pmu.o(.ARM.exidx.text.pmu_lvd_disable), (8 bytes).
    Removing gd32e10x_pmu.o(.text.pmu_to_sleepmode), (26 bytes).
    Removing gd32e10x_pmu.o(.ARM.exidx.text.pmu_to_sleepmode), (8 bytes).
    Removing gd32e10x_pmu.o(.ARM.exidx.text.pmu_to_deepsleepmode), (8 bytes).
    Removing gd32e10x_pmu.o(.text.pmu_to_standbymode), (50 bytes).
    Removing gd32e10x_pmu.o(.ARM.exidx.text.pmu_to_standbymode), (8 bytes).
    Removing gd32e10x_pmu.o(.text.pmu_wakeup_pin_enable), (18 bytes).
    Removing gd32e10x_pmu.o(.ARM.exidx.text.pmu_wakeup_pin_enable), (8 bytes).
    Removing gd32e10x_pmu.o(.text.pmu_wakeup_pin_disable), (18 bytes).
    Removing gd32e10x_pmu.o(.ARM.exidx.text.pmu_wakeup_pin_disable), (8 bytes).
    Removing gd32e10x_pmu.o(.text.pmu_backup_write_enable), (18 bytes).
    Removing gd32e10x_pmu.o(.ARM.exidx.text.pmu_backup_write_enable), (8 bytes).
    Removing gd32e10x_pmu.o(.text.pmu_backup_write_disable), (18 bytes).
    Removing gd32e10x_pmu.o(.ARM.exidx.text.pmu_backup_write_disable), (8 bytes).
    Removing gd32e10x_pmu.o(.text.pmu_flag_clear), (30 bytes).
    Removing gd32e10x_pmu.o(.ARM.exidx.text.pmu_flag_clear), (8 bytes).
    Removing gd32e10x_pmu.o(.text.pmu_flag_get), (18 bytes).
    Removing gd32e10x_pmu.o(.ARM.exidx.text.pmu_flag_get), (8 bytes).
    Removing gd32e10x_ctc.o(.text), (0 bytes).
    Removing gd32e10x_ctc.o(.text.ctc_deinit), (22 bytes).
    Removing gd32e10x_ctc.o(.ARM.exidx.text.ctc_deinit), (8 bytes).
    Removing gd32e10x_ctc.o(.text.ctc_counter_enable), (18 bytes).
    Removing gd32e10x_ctc.o(.ARM.exidx.text.ctc_counter_enable), (8 bytes).
    Removing gd32e10x_ctc.o(.text.ctc_counter_disable), (18 bytes).
    Removing gd32e10x_ctc.o(.ARM.exidx.text.ctc_counter_disable), (8 bytes).
    Removing gd32e10x_ctc.o(.text.ctc_irc48m_trim_value_config), (26 bytes).
    Removing gd32e10x_ctc.o(.ARM.exidx.text.ctc_irc48m_trim_value_config), (8 bytes).
    Removing gd32e10x_ctc.o(.text.ctc_software_refsource_pulse_generate), (18 bytes).
    Removing gd32e10x_ctc.o(.ARM.exidx.text.ctc_software_refsource_pulse_generate), (8 bytes).
    Removing gd32e10x_ctc.o(.text.ctc_hardware_trim_mode_config), (24 bytes).
    Removing gd32e10x_ctc.o(.ARM.exidx.text.ctc_hardware_trim_mode_config), (8 bytes).
    Removing gd32e10x_ctc.o(.text.ctc_refsource_polarity_config), (24 bytes).
    Removing gd32e10x_ctc.o(.ARM.exidx.text.ctc_refsource_polarity_config), (8 bytes).
    Removing gd32e10x_ctc.o(.text.ctc_refsource_signal_select), (24 bytes).
    Removing gd32e10x_ctc.o(.ARM.exidx.text.ctc_refsource_signal_select), (8 bytes).
    Removing gd32e10x_ctc.o(.text.ctc_refsource_prescaler_config), (24 bytes).
    Removing gd32e10x_ctc.o(.ARM.exidx.text.ctc_refsource_prescaler_config), (8 bytes).
    Removing gd32e10x_ctc.o(.text.ctc_clock_limit_value_config), (26 bytes).
    Removing gd32e10x_ctc.o(.ARM.exidx.text.ctc_clock_limit_value_config), (8 bytes).
    Removing gd32e10x_ctc.o(.text.ctc_counter_reload_value_config), (26 bytes).
    Removing gd32e10x_ctc.o(.ARM.exidx.text.ctc_counter_reload_value_config), (8 bytes).
    Removing gd32e10x_ctc.o(.text.ctc_counter_capture_value_read), (14 bytes).
    Removing gd32e10x_ctc.o(.ARM.exidx.text.ctc_counter_capture_value_read), (8 bytes).
    Removing gd32e10x_ctc.o(.text.ctc_counter_direction_read), (16 bytes).
    Removing gd32e10x_ctc.o(.ARM.exidx.text.ctc_counter_direction_read), (8 bytes).
    Removing gd32e10x_ctc.o(.text.ctc_counter_reload_value_read), (14 bytes).
    Removing gd32e10x_ctc.o(.ARM.exidx.text.ctc_counter_reload_value_read), (8 bytes).
    Removing gd32e10x_ctc.o(.text.ctc_irc48m_trim_value_read), (16 bytes).
    Removing gd32e10x_ctc.o(.ARM.exidx.text.ctc_irc48m_trim_value_read), (8 bytes).
    Removing gd32e10x_ctc.o(.text.ctc_interrupt_enable), (16 bytes).
    Removing gd32e10x_ctc.o(.ARM.exidx.text.ctc_interrupt_enable), (8 bytes).
    Removing gd32e10x_ctc.o(.text.ctc_interrupt_disable), (18 bytes).
    Removing gd32e10x_ctc.o(.ARM.exidx.text.ctc_interrupt_disable), (8 bytes).
    Removing gd32e10x_ctc.o(.text.ctc_interrupt_flag_get), (40 bytes).
    Removing gd32e10x_ctc.o(.ARM.exidx.text.ctc_interrupt_flag_get), (8 bytes).
    Removing gd32e10x_ctc.o(.text.ctc_interrupt_flag_clear), (24 bytes).
    Removing gd32e10x_ctc.o(.ARM.exidx.text.ctc_interrupt_flag_clear), (8 bytes).
    Removing gd32e10x_ctc.o(.text.ctc_flag_get), (18 bytes).
    Removing gd32e10x_ctc.o(.ARM.exidx.text.ctc_flag_get), (8 bytes).
    Removing gd32e10x_ctc.o(.text.ctc_flag_clear), (24 bytes).
    Removing gd32e10x_ctc.o(.ARM.exidx.text.ctc_flag_clear), (8 bytes).
    Removing usb_core.o(.text), (0 bytes).
    Removing usb_core.o(.ARM.exidx.text.usb_fifo_write), (8 bytes).
    Removing usb_core.o(.ARM.exidx.text.usb_fifo_read), (8 bytes).
    Removing usb_core.o(.ARM.exidx.text.usb_core_select), (8 bytes).
    Removing usb_core.o(.ARM.exidx.text.usb_core_init), (8 bytes).
    Removing usb_core.o(.ARM.exidx.text.usb_txfifo_flush), (8 bytes).
    Removing usb_core.o(.text.usb_rxfifo_flush), (44 bytes).
    Removing usb_core.o(.ARM.exidx.text.usb_rxfifo_flush), (8 bytes).
    Removing usb_core.o(.ARM.exidx.text.usb_mode_set), (8 bytes).
    Removing usb_core.o(.ARM.exidx.text.usb_devcore_init), (8 bytes).
    Removing usb_core.o(.ARM.exidx.text.usb_ep0_startout), (8 bytes).
    Removing usb_core.o(.text.usb_remotewakeup_active), (88 bytes).
    Removing usb_core.o(.ARM.exidx.text.usb_remotewakeup_active), (8 bytes).
    Removing usb_core.o(.ARM.exidx.text.usb_clock_ungate), (8 bytes).
    Removing usb_core.o(.text.usb_device_stop), (148 bytes).
    Removing usb_core.o(.ARM.exidx.text.usb_device_stop), (8 bytes).
    Removing usbd_core.o(.text), (0 bytes).
    Removing usbd_core.o(.ARM.exidx.text.usbd_init), (8 bytes).
    Removing usbd_core.o(.ARM.exidx.text.usbd_ep_init), (8 bytes).
    Removing usbd_core.o(.ARM.exidx.text.usbd_ep_deinit), (8 bytes).
    Removing usbd_core.o(.ARM.exidx.text.usbd_ep_rx), (8 bytes).
    Removing usbd_core.o(.ARM.exidx.text.usbd_ep_tx), (8 bytes).
    Removing usbd_core.o(.ARM.exidx.text.usbd_ctltx), (8 bytes).
    Removing usbd_core.o(.ARM.exidx.text.usbd_ctlrx), (8 bytes).
    Removing usbd_core.o(.ARM.exidx.text.usbd_ctlstatus_tx), (8 bytes).
    Removing usbd_core.o(.ARM.exidx.text.usbd_ctlstatus_rx), (8 bytes).
    Removing usbd_core.o(.ARM.exidx.text.usbd_ep_stall), (8 bytes).
    Removing usbd_core.o(.ARM.exidx.text.usbd_ep_clear_stall), (8 bytes).
    Removing usbd_core.o(.text.usbd_ep_fifo_flush), (20 bytes).
    Removing usbd_core.o(.ARM.exidx.text.usbd_ep_fifo_flush), (8 bytes).
    Removing usbd_core.o(.text.usbd_rxcount_get), (14 bytes).
    Removing usbd_core.o(.ARM.exidx.text.usbd_rxcount_get), (8 bytes).
    Removing usbd_int.o(.text), (0 bytes).
    Removing usbd_int.o(.ARM.exidx.text.usbd_isr), (8 bytes).
    Removing usbd_std.o(.text), (0 bytes).
    Removing usbd_std.o(.ARM.exidx.text.usbd_setup_transaction), (8 bytes).
    Removing usbd_std.o(.ARM.exidx.text.usbd_out_transaction), (8 bytes).
    Removing usbd_std.o(.ARM.exidx.text.usbd_in_transaction), (8 bytes).
    Removing usbd_std.o(.ARM.exidx.text.usbd_enum_error), (8 bytes).
    Removing usbd_std.o(.ARM.exidx.text.usbd_getstatus), (8 bytes).
    Removing usbd_std.o(.ARM.exidx.text.usbd_clrfeature), (8 bytes).
    Removing usbd_std.o(.ARM.exidx.text.usbd_reserved), (8 bytes).
    Removing usbd_std.o(.ARM.exidx.text.usbd_setfeature), (8 bytes).
    Removing usbd_std.o(.ARM.exidx.text.usbd_setaddress), (8 bytes).
    Removing usbd_std.o(.ARM.exidx.text.usbd_getdescriptor), (8 bytes).
    Removing usbd_std.o(.ARM.exidx.text.usbd_setdescriptor), (8 bytes).
    Removing usbd_std.o(.ARM.exidx.text.usbd_getconfig), (8 bytes).
    Removing usbd_std.o(.ARM.exidx.text.usbd_setconfig), (8 bytes).
    Removing usbd_std.o(.ARM.exidx.text.usbd_getinterface), (8 bytes).
    Removing usbd_std.o(.ARM.exidx.text.usbd_setinterface), (8 bytes).
    Removing usbd_std.o(.ARM.exidx.text.usbd_synchframe), (8 bytes).
    Removing usbd_std.o(.ARM.exidx.text.usbd_device_descriptor_get), (8 bytes).
    Removing usbd_std.o(.ARM.exidx.text.usbd_configuration_descriptor_get), (8 bytes).
    Removing usbd_std.o(.ARM.exidx.text.usbd_string_descriptor_get), (8 bytes).

540 unused section(s) (total 13179 bytes) removed from the image.

==============================================================================

Image Symbol Table

    Local Symbols

    Symbol Name                              Value     Ov Type        Size  Object(Section)

    ../clib/angel/boardlib.s                 0x00000000   Number         0  boardinit1.o ABSOLUTE
    ../clib/angel/boardlib.s                 0x00000000   Number         0  boardinit2.o ABSOLUTE
    ../clib/angel/boardlib.s                 0x00000000   Number         0  boardinit3.o ABSOLUTE
    ../clib/angel/boardlib.s                 0x00000000   Number         0  boardshut.o ABSOLUTE
    ../clib/angel/dczerorl.s                 0x00000000   Number         0  __dczerorl.o ABSOLUTE
    ../clib/angel/handlers.s                 0x00000000   Number         0  __scatter_zi.o ABSOLUTE
    ../clib/angel/kernel.s                   0x00000000   Number         0  __rtentry.o ABSOLUTE
    ../clib/angel/kernel.s                   0x00000000   Number         0  __rtentry2.o ABSOLUTE
    ../clib/angel/kernel.s                   0x00000000   Number         0  __rtentry4.o ABSOLUTE
    ../clib/angel/kernel.s                   0x00000000   Number         0  rtexit.o ABSOLUTE
    ../clib/angel/kernel.s                   0x00000000   Number         0  rtexit2.o ABSOLUTE
    ../clib/angel/rt.s                       0x00000000   Number         0  rt_raise.o ABSOLUTE
    ../clib/angel/scatter.s                  0x00000000   Number         0  __scatter.o ABSOLUTE
    ../clib/angel/startup.s                  0x00000000   Number         0  __main.o ABSOLUTE
    ../clib/angel/sys.s                      0x00000000   Number         0  sys_stackheap_outer.o ABSOLUTE
    ../clib/angel/sys.s                      0x00000000   Number         0  libspace.o ABSOLUTE
    ../clib/angel/sys.s                      0x00000000   Number         0  use_no_semi.o ABSOLUTE
    ../clib/angel/sys.s                      0x00000000   Number         0  indicate_semi.o ABSOLUTE
    ../clib/angel/sysapp.c                   0x00000000   Number         0  sys_exit.o ABSOLUTE
    ../clib/angel/sysapp.c                   0x00000000   Number         0  sys_exit_hlt.o ABSOLUTE
    ../clib/angel/sysapp.c                   0x00000000   Number         0  sys_command.o ABSOLUTE
    ../clib/angel/sysapp.c                   0x00000000   Number         0  sys_command_hlt.o ABSOLUTE
    ../clib/angel/sysapp.c                   0x00000000   Number         0  sys_wrch.o ABSOLUTE
    ../clib/angel/sysapp.c                   0x00000000   Number         0  sys_wrch_hlt.o ABSOLUTE
    ../clib/armsys.c                         0x00000000   Number         0  argv_veneer.o ABSOLUTE
    ../clib/armsys.c                         0x00000000   Number         0  argv_veneer.o ABSOLUTE
    ../clib/armsys.c                         0x00000000   Number         0  _get_argv_nomalloc.o ABSOLUTE
    ../clib/armsys.c                         0x00000000   Number         0  no_argv.o ABSOLUTE
    ../clib/heapalloc.c                      0x00000000   Number         0  hrguard.o ABSOLUTE
    ../clib/heapaux.c                        0x00000000   Number         0  heapauxi.o ABSOLUTE
    ../clib/libinit.s                        0x00000000   Number         0  libinit.o ABSOLUTE
    ../clib/libinit.s                        0x00000000   Number         0  libinit2.o ABSOLUTE
    ../clib/libinit.s                        0x00000000   Number         0  libshutdown.o ABSOLUTE
    ../clib/libinit.s                        0x00000000   Number         0  libshutdown2.o ABSOLUTE
    ../clib/signal.c                         0x00000000   Number         0  defsig_rtmem_outer.o ABSOLUTE
    ../clib/signal.c                         0x00000000   Number         0  defsig_rtmem_formal.o ABSOLUTE
    ../clib/signal.c                         0x00000000   Number         0  defsig_exit.o ABSOLUTE
    ../clib/signal.c                         0x00000000   Number         0  defsig_rtmem_inner.o ABSOLUTE
    ../clib/signal.c                         0x00000000   Number         0  __raise.o ABSOLUTE
    ../clib/signal.c                         0x00000000   Number         0  defsig_general.o ABSOLUTE
    ../clib/signal.c                         0x00000000   Number         0  defsig_abrt_inner.o ABSOLUTE
    ../clib/signal.c                         0x00000000   Number         0  defsig_fpe_inner.o ABSOLUTE
    ../clib/signal.c                         0x00000000   Number         0  defsig_rtred_inner.o ABSOLUTE
    ../clib/signal.c                         0x00000000   Number         0  defsig_stak_inner.o ABSOLUTE
    ../clib/signal.c                         0x00000000   Number         0  defsig_pvfn_inner.o ABSOLUTE
    ../clib/signal.c                         0x00000000   Number         0  defsig_cppl_inner.o ABSOLUTE
    ../clib/signal.c                         0x00000000   Number         0  defsig_segv_inner.o ABSOLUTE
    ../clib/signal.c                         0x00000000   Number         0  defsig_other.o ABSOLUTE
    ../clib/signal.s                         0x00000000   Number         0  defsig.o ABSOLUTE
    ../clib/stdlib.c                         0x00000000   Number         0  exit.o ABSOLUTE
    ../fplib/fpinit.s                        0x00000000   Number         0  fpinit.o ABSOLUTE
    app.c                                    0x00000000   Number         0  app.o ABSOLUTE
    custom_hid_core.c                        0x00000000   Number         0  custom_hid_core.o ABSOLUTE
    dc.s                                     0x00000000   Number         0  dc.o ABSOLUTE
    delay.c                                  0x00000000   Number         0  delay.o ABSOLUTE
    gd32e10x_ctc.c                           0x00000000   Number         0  gd32e10x_ctc.o ABSOLUTE
    gd32e10x_exti.c                          0x00000000   Number         0  gd32e10x_exti.o ABSOLUTE
    gd32e10x_fmc.c                           0x00000000   Number         0  gd32e10x_fmc.o ABSOLUTE
    gd32e10x_gpio.c                          0x00000000   Number         0  gd32e10x_gpio.o ABSOLUTE
    gd32e10x_it.c                            0x00000000   Number         0  gd32e10x_it.o ABSOLUTE
    gd32e10x_misc.c                          0x00000000   Number         0  gd32e10x_misc.o ABSOLUTE
    gd32e10x_pmu.c                           0x00000000   Number         0  gd32e10x_pmu.o ABSOLUTE
    gd32e10x_rcu.c                           0x00000000   Number         0  gd32e10x_rcu.o ABSOLUTE
    gd32e10x_timer.c                         0x00000000   Number         0  gd32e10x_timer.o ABSOLUTE
    startup_gd32e10x.s                       0x00000000   Number         0  startup_gd32e10x.o ABSOLUTE
    system_gd32e10x.c                        0x00000000   Number         0  system_gd32e10x.o ABSOLUTE
    usb_core.c                               0x00000000   Number         0  usb_core.o ABSOLUTE
    usb_delay.c                              0x00000000   Number         0  usb_delay.o ABSOLUTE
    usbd_core.c                              0x00000000   Number         0  usbd_core.o ABSOLUTE
    usbd_int.c                               0x00000000   Number         0  usbd_int.o ABSOLUTE
    usbd_std.c                               0x00000000   Number         0  usbd_std.o ABSOLUTE
    RESET                                    0x08000000   Section      336  startup_gd32e10x.o(RESET)
    !!!main                                  0x08000150   Section        8  __main.o(!!!main)
    !!!scatter                               0x08000158   Section       52  __scatter.o(!!!scatter)
    !!dczerorl                               0x0800018c   Section       58  __dczerorl.o(!!dczerorl)
    !!handler_zi                             0x080001c8   Section       28  __scatter_zi.o(!!handler_zi)
    .ARM.Collect$$libinit$$00000000          0x080001e4   Section        2  libinit.o(.ARM.Collect$$libinit$$00000000)
    .ARM.Collect$$libinit$$00000001          0x080001e6   Section        4  libinit2.o(.ARM.Collect$$libinit$$00000001)
    .ARM.Collect$$libinit$$00000004          0x080001ea   Section        0  libinit2.o(.ARM.Collect$$libinit$$00000004)
    .ARM.Collect$$libinit$$00000006          0x080001ea   Section        0  libinit2.o(.ARM.Collect$$libinit$$00000006)
    .ARM.Collect$$libinit$$0000000C          0x080001ea   Section        0  libinit2.o(.ARM.Collect$$libinit$$0000000C)
    .ARM.Collect$$libinit$$0000000E          0x080001ea   Section        0  libinit2.o(.ARM.Collect$$libinit$$0000000E)
    .ARM.Collect$$libinit$$00000010          0x080001ea   Section        0  libinit2.o(.ARM.Collect$$libinit$$00000010)
    .ARM.Collect$$libinit$$00000013          0x080001ea   Section        0  libinit2.o(.ARM.Collect$$libinit$$00000013)
    .ARM.Collect$$libinit$$00000015          0x080001ea   Section        0  libinit2.o(.ARM.Collect$$libinit$$00000015)
    .ARM.Collect$$libinit$$00000017          0x080001ea   Section        0  libinit2.o(.ARM.Collect$$libinit$$00000017)
    .ARM.Collect$$libinit$$00000019          0x080001ea   Section        0  libinit2.o(.ARM.Collect$$libinit$$00000019)
    .ARM.Collect$$libinit$$0000001B          0x080001ea   Section        0  libinit2.o(.ARM.Collect$$libinit$$0000001B)
    .ARM.Collect$$libinit$$0000001D          0x080001ea   Section        0  libinit2.o(.ARM.Collect$$libinit$$0000001D)
    .ARM.Collect$$libinit$$0000001F          0x080001ea   Section        0  libinit2.o(.ARM.Collect$$libinit$$0000001F)
    .ARM.Collect$$libinit$$00000021          0x080001ea   Section        0  libinit2.o(.ARM.Collect$$libinit$$00000021)
    .ARM.Collect$$libinit$$00000023          0x080001ea   Section        0  libinit2.o(.ARM.Collect$$libinit$$00000023)
    .ARM.Collect$$libinit$$00000025          0x080001ea   Section        0  libinit2.o(.ARM.Collect$$libinit$$00000025)
    .ARM.Collect$$libinit$$00000027          0x080001ea   Section        0  libinit2.o(.ARM.Collect$$libinit$$00000027)
    .ARM.Collect$$libinit$$0000002E          0x080001ea   Section        0  libinit2.o(.ARM.Collect$$libinit$$0000002E)
    .ARM.Collect$$libinit$$00000030          0x080001ea   Section        0  libinit2.o(.ARM.Collect$$libinit$$00000030)
    .ARM.Collect$$libinit$$00000032          0x080001ea   Section        0  libinit2.o(.ARM.Collect$$libinit$$00000032)
    .ARM.Collect$$libinit$$00000034          0x080001ea   Section        0  libinit2.o(.ARM.Collect$$libinit$$00000034)
    .ARM.Collect$$libinit$$00000035          0x080001ea   Section        2  libinit2.o(.ARM.Collect$$libinit$$00000035)
    .ARM.Collect$$libshutdown$$00000000      0x080001ec   Section        2  libshutdown.o(.ARM.Collect$$libshutdown$$00000000)
    .ARM.Collect$$libshutdown$$00000002      0x080001ee   Section        0  libshutdown2.o(.ARM.Collect$$libshutdown$$00000002)
    .ARM.Collect$$libshutdown$$00000004      0x080001ee   Section        0  libshutdown2.o(.ARM.Collect$$libshutdown$$00000004)
    .ARM.Collect$$libshutdown$$00000007      0x080001ee   Section        0  libshutdown2.o(.ARM.Collect$$libshutdown$$00000007)
    .ARM.Collect$$libshutdown$$0000000A      0x080001ee   Section        0  libshutdown2.o(.ARM.Collect$$libshutdown$$0000000A)
    .ARM.Collect$$libshutdown$$0000000C      0x080001ee   Section        0  libshutdown2.o(.ARM.Collect$$libshutdown$$0000000C)
    .ARM.Collect$$libshutdown$$0000000F      0x080001ee   Section        0  libshutdown2.o(.ARM.Collect$$libshutdown$$0000000F)
    .ARM.Collect$$libshutdown$$00000010      0x080001ee   Section        2  libshutdown2.o(.ARM.Collect$$libshutdown$$00000010)
    .ARM.Collect$$rtentry$$00000000          0x080001f0   Section        0  __rtentry.o(.ARM.Collect$$rtentry$$00000000)
    .ARM.Collect$$rtentry$$00000002          0x080001f0   Section        0  __rtentry2.o(.ARM.Collect$$rtentry$$00000002)
    .ARM.Collect$$rtentry$$00000004          0x080001f0   Section        6  __rtentry4.o(.ARM.Collect$$rtentry$$00000004)
    .ARM.Collect$$rtentry$$00000009          0x080001f6   Section        0  __rtentry2.o(.ARM.Collect$$rtentry$$00000009)
    .ARM.Collect$$rtentry$$0000000A          0x080001f6   Section        4  __rtentry2.o(.ARM.Collect$$rtentry$$0000000A)
    .ARM.Collect$$rtentry$$0000000C          0x080001fa   Section        0  __rtentry2.o(.ARM.Collect$$rtentry$$0000000C)
    .ARM.Collect$$rtentry$$0000000D          0x080001fa   Section        8  __rtentry2.o(.ARM.Collect$$rtentry$$0000000D)
    .ARM.Collect$$rtexit$$00000000           0x08000202   Section        2  rtexit.o(.ARM.Collect$$rtexit$$00000000)
    .ARM.Collect$$rtexit$$00000002           0x08000204   Section        0  rtexit2.o(.ARM.Collect$$rtexit$$00000002)
    .ARM.Collect$$rtexit$$00000003           0x08000204   Section        4  rtexit2.o(.ARM.Collect$$rtexit$$00000003)
    .ARM.Collect$$rtexit$$00000004           0x08000208   Section        6  rtexit2.o(.ARM.Collect$$rtexit$$00000004)
    $v0                                      0x08000210   Number         0  startup_gd32e10x.o(.text)
    .text                                    0x08000210   Section       64  startup_gd32e10x.o(.text)
    .text                                    0x08000250   Section        0  heapauxi.o(.text)
    .text                                    0x08000256   Section       74  sys_stackheap_outer.o(.text)
    .text                                    0x080002a0   Section        0  exit.o(.text)
    .text                                    0x080002b4   Section        8  libspace.o(.text)
    .text                                    0x080002bc   Section        0  sys_exit.o(.text)
    .text                                    0x080002c8   Section        2  use_no_semi.o(.text)
    .text                                    0x080002ca   Section        0  indicate_semi.o(.text)
    [Anonymous Symbol]                       0x080002cc   Section        0  gd32e10x_it.o(.text.BusFault_Handler)
    [Anonymous Symbol]                       0x080002d0   Section        0  gd32e10x_it.o(.text.DebugMon_Handler)
    [Anonymous Symbol]                       0x080002d4   Section        0  gd32e10x_it.o(.text.EXTI0_IRQHandler)
    [Anonymous Symbol]                       0x080002f8   Section        0  gd32e10x_it.o(.text.EXTI10_15_IRQHandler)
    [Anonymous Symbol]                       0x08000320   Section        0  gd32e10x_it.o(.text.HardFault_Handler)
    [Anonymous Symbol]                       0x08000324   Section        0  gd32e10x_it.o(.text.MemManage_Handler)
    [Anonymous Symbol]                       0x08000328   Section        0  gd32e10x_it.o(.text.NMI_Handler)
    [Anonymous Symbol]                       0x0800032c   Section        0  gd32e10x_it.o(.text.PendSV_Handler)
    [Anonymous Symbol]                       0x08000330   Section        0  gd32e10x_it.o(.text.SVC_Handler)
    [Anonymous Symbol]                       0x08000334   Section        0  gd32e10x_it.o(.text.SysTick_Handler)
    [Anonymous Symbol]                       0x08000338   Section        0  system_gd32e10x.o(.text.SystemInit)
    [Anonymous Symbol]                       0x0800042c   Section        0  gd32e10x_it.o(.text.TIMER0_UP_TIMER9_IRQHandler)
    [Anonymous Symbol]                       0x08000430   Section        0  gd32e10x_it.o(.text.USBFS_IRQHandler)
    [Anonymous Symbol]                       0x0800043c   Section        0  gd32e10x_it.o(.text.USBFS_WKUP_IRQHandler)
    [Anonymous Symbol]                       0x0800047c   Section        0  gd32e10x_it.o(.text.UsageFault_Handler)
    [Anonymous Symbol]                       0x08000480   Section        0  custom_hid_core.o(.text.custom_hid_data_handler)
    [Anonymous Symbol]                       0x08000518   Section        0  custom_hid_core.o(.text.custom_hid_deinit)
    [Anonymous Symbol]                       0x08000530   Section        0  custom_hid_core.o(.text.custom_hid_init)
    [Anonymous Symbol]                       0x08000564   Section        0  custom_hid_core.o(.text.custom_hid_req_handler)
    [Anonymous Symbol]                       0x0800065c   Section        0  delay.o(.text.delay)
    [Anonymous Symbol]                       0x08000678   Section        0  delay.o(.text.delayMicroseconds)
    [Anonymous Symbol]                       0x08000708   Section        0  gd32e10x_exti.o(.text.exti_interrupt_flag_clear)
    [Anonymous Symbol]                       0x08000714   Section        0  gd32e10x_exti.o(.text.exti_interrupt_flag_get)
    [Anonymous Symbol]                       0x08000734   Section        0  gd32e10x_gpio.o(.text.gpio_bit_reset)
    [Anonymous Symbol]                       0x08000738   Section        0  gd32e10x_gpio.o(.text.gpio_bit_set)
    [Anonymous Symbol]                       0x0800073c   Section        0  gd32e10x_gpio.o(.text.gpio_init)
    [Anonymous Symbol]                       0x080007f4   Section        0  app.o(.text.main)
    [Anonymous Symbol]                       0x080008d8   Section        0  gd32e10x_misc.o(.text.nvic_irq_enable)
    [Anonymous Symbol]                       0x0800093c   Section        0  gd32e10x_misc.o(.text.nvic_priority_group_set)
    [Anonymous Symbol]                       0x08000950   Section        0  gd32e10x_misc.o(.text.nvic_vector_table_set)
    [Anonymous Symbol]                       0x08000968   Section        0  gd32e10x_pmu.o(.text.pmu_to_deepsleepmode)
    [Anonymous Symbol]                       0x08000a30   Section        0  gd32e10x_rcu.o(.text.rcu_clock_freq_get)
    [Anonymous Symbol]                       0x08000b2c   Section        0  gd32e10x_rcu.o(.text.rcu_periph_clock_enable)
    [Anonymous Symbol]                       0x08000b4c   Section        0  gd32e10x_rcu.o(.text.rcu_usb_clock_config)
    [Anonymous Symbol]                       0x08000b60   Section        0  usb_core.o(.text.usb_clock_ungate)
    [Anonymous Symbol]                       0x08000b98   Section        0  usb_core.o(.text.usb_core_init)
    [Anonymous Symbol]                       0x08000c08   Section        0  usb_core.o(.text.usb_core_select)
    [Anonymous Symbol]                       0x08000c2c   Section        0  usb_core.o(.text.usb_devcore_init)
    USBFS_TX_FIFO_SIZE                       0x08000e18   Number         0  usb_core.o(.text.usb_devcore_init)
    [Anonymous Symbol]                       0x08000e20   Section        0  usb_core.o(.text.usb_ep0_startout)
    [Anonymous Symbol]                       0x08000e68   Section        0  usb_core.o(.text.usb_fifo_read)
    [Anonymous Symbol]                       0x08000e94   Section        0  usb_core.o(.text.usb_fifo_write)
    [Anonymous Symbol]                       0x08000ec8   Section        0  usb_core.o(.text.usb_mode_set)
    [Anonymous Symbol]                       0x08000f04   Section        0  usb_core.o(.text.usb_txfifo_flush)
    usbd_clrfeature                          0x08000f3d   Thumb Code   170  usbd_std.o(.text.usbd_clrfeature)
    [Anonymous Symbol]                       0x08000f3c   Section        0  usbd_std.o(.text.usbd_clrfeature)
    usbd_configuration_descriptor_get        0x08000fe9   Thumb Code    10  usbd_std.o(.text.usbd_configuration_descriptor_get)
    [Anonymous Symbol]                       0x08000fe8   Section        0  usbd_std.o(.text.usbd_configuration_descriptor_get)
    [Anonymous Symbol]                       0x08000ff4   Section        0  usbd_core.o(.text.usbd_ctlrx)
    [Anonymous Symbol]                       0x08001050   Section        0  usbd_core.o(.text.usbd_ctlstatus_rx)
    [Anonymous Symbol]                       0x080010ac   Section        0  usbd_core.o(.text.usbd_ctlstatus_tx)
    [Anonymous Symbol]                       0x080010cc   Section        0  usbd_core.o(.text.usbd_ctltx)
    usbd_device_descriptor_get               0x080010e5   Thumb Code    10  usbd_std.o(.text.usbd_device_descriptor_get)
    [Anonymous Symbol]                       0x080010e4   Section        0  usbd_std.o(.text.usbd_device_descriptor_get)
    [Anonymous Symbol]                       0x080010f0   Section        0  usbd_std.o(.text.usbd_enum_error)
    [Anonymous Symbol]                       0x0800110c   Section        0  usbd_core.o(.text.usbd_ep_clear_stall)
    [Anonymous Symbol]                       0x08001198   Section        0  usbd_core.o(.text.usbd_ep_deinit)
    [Anonymous Symbol]                       0x080011d8   Section        0  usbd_core.o(.text.usbd_ep_init)
    [Anonymous Symbol]                       0x08001288   Section        0  usbd_core.o(.text.usbd_ep_rx)
    [Anonymous Symbol]                       0x08001310   Section        0  usbd_core.o(.text.usbd_ep_stall)
    [Anonymous Symbol]                       0x08001364   Section        0  usbd_core.o(.text.usbd_ep_tx)
    usbd_getconfig                           0x08001465   Thumb Code    86  usbd_std.o(.text.usbd_getconfig)
    [Anonymous Symbol]                       0x08001464   Section        0  usbd_std.o(.text.usbd_getconfig)
    usbd_getdescriptor                       0x080014bd   Thumb Code   152  usbd_std.o(.text.usbd_getdescriptor)
    [Anonymous Symbol]                       0x080014bc   Section        0  usbd_std.o(.text.usbd_getdescriptor)
    standard_descriptor_get                  0x08001554   Number         0  usbd_std.o(.text.usbd_getdescriptor)
    usbd_getinterface                        0x08001561   Thumb Code     6  usbd_std.o(.text.usbd_getinterface)
    [Anonymous Symbol]                       0x08001560   Section        0  usbd_std.o(.text.usbd_getinterface)
    usbd_getstatus                           0x08001569   Thumb Code     2  usbd_std.o(.text.usbd_getstatus)
    [Anonymous Symbol]                       0x08001568   Section        0  usbd_std.o(.text.usbd_getstatus)
    [Anonymous Symbol]                       0x0800156c   Section        0  usbd_std.o(.text.usbd_in_transaction)
    [Anonymous Symbol]                       0x080015fc   Section        0  usbd_core.o(.text.usbd_init)
    [Anonymous Symbol]                       0x08001660   Section        0  usbd_int.o(.text.usbd_isr)
    EP0_MAXLEN                               0x08001bc8   Number         0  usbd_int.o(.text.usbd_isr)
    [Anonymous Symbol]                       0x08001bcc   Section        0  usbd_std.o(.text.usbd_out_transaction)
    usbd_reserved                            0x08001c31   Thumb Code     2  usbd_std.o(.text.usbd_reserved)
    [Anonymous Symbol]                       0x08001c30   Section        0  usbd_std.o(.text.usbd_reserved)
    usbd_setaddress                          0x08001c35   Thumb Code    84  usbd_std.o(.text.usbd_setaddress)
    [Anonymous Symbol]                       0x08001c34   Section        0  usbd_std.o(.text.usbd_setaddress)
    usbd_setconfig                           0x08001c89   Thumb Code   138  usbd_std.o(.text.usbd_setconfig)
    [Anonymous Symbol]                       0x08001c88   Section        0  usbd_std.o(.text.usbd_setconfig)
    usbd_setdescriptor                       0x08001d15   Thumb Code     2  usbd_std.o(.text.usbd_setdescriptor)
    [Anonymous Symbol]                       0x08001d14   Section        0  usbd_std.o(.text.usbd_setdescriptor)
    usbd_setfeature                          0x08001d19   Thumb Code   110  usbd_std.o(.text.usbd_setfeature)
    [Anonymous Symbol]                       0x08001d18   Section        0  usbd_std.o(.text.usbd_setfeature)
    usbd_setinterface                        0x08001d89   Thumb Code     6  usbd_std.o(.text.usbd_setinterface)
    [Anonymous Symbol]                       0x08001d88   Section        0  usbd_std.o(.text.usbd_setinterface)
    [Anonymous Symbol]                       0x08001d90   Section        0  usbd_std.o(.text.usbd_setup_transaction)
    StandardDeviceRequest                    0x08001e4c   Number         0  usbd_std.o(.text.usbd_setup_transaction)
    usbd_string_descriptor_get               0x08001e81   Thumb Code    14  usbd_std.o(.text.usbd_string_descriptor_get)
    [Anonymous Symbol]                       0x08001e80   Section        0  usbd_std.o(.text.usbd_string_descriptor_get)
    usbd_synchframe                          0x08001e91   Thumb Code     2  usbd_std.o(.text.usbd_synchframe)
    [Anonymous Symbol]                       0x08001e90   Section        0  usbd_std.o(.text.usbd_synchframe)
    $v0                                      0x08001e92   Number         0  fpinit.o(x$fpl$fpinit)
    x$fpl$fpinit                             0x08001e92   Section       26  fpinit.o(x$fpl$fpinit)
    .L__const.rcu_clock_freq_get.apb2_exp    0x08001ed5   Data           8  gd32e10x_rcu.o(.rodata.cst8)
    .compoundliteral                         0x20000000   Data          12  custom_hid_core.o(.data..compoundliteral)
    [Anonymous Symbol]                       0x20000000   Section        0  custom_hid_core.o(.data..compoundliteral)
    .compoundliteral.1                       0x2000000c   Data          20  custom_hid_core.o(.data..compoundliteral.1)
    [Anonymous Symbol]                       0x2000000c   Section        0  custom_hid_core.o(.data..compoundliteral.1)
    .compoundliteral.2                       0x20000020   Data          20  custom_hid_core.o(.data..compoundliteral.2)
    [Anonymous Symbol]                       0x20000020   Section        0  custom_hid_core.o(.data..compoundliteral.2)
    .compoundliteral.3                       0x20000034   Data          10  custom_hid_core.o(.data..compoundliteral.3)
    [Anonymous Symbol]                       0x20000034   Section        0  custom_hid_core.o(.data..compoundliteral.3)
    .compoundliteral.4                       0x2000003e   Data          10  custom_hid_core.o(.data..compoundliteral.4)
    [Anonymous Symbol]                       0x2000003e   Section        0  custom_hid_core.o(.data..compoundliteral.4)
    .bss                                     0x20000160   Section       96  libspace.o(.bss)
    pmu_to_deepsleepmode.reg_snap.0          0x200001c4   Data           4  gd32e10x_pmu.o(.bss.pmu_to_deepsleepmode.reg_snap.0)
    [Anonymous Symbol]                       0x200001c4   Section        0  gd32e10x_pmu.o(.bss.pmu_to_deepsleepmode.reg_snap.0)
    pmu_to_deepsleepmode.reg_snap.1          0x200001c8   Data           4  gd32e10x_pmu.o(.bss.pmu_to_deepsleepmode.reg_snap.1)
    [Anonymous Symbol]                       0x200001c8   Section        0  gd32e10x_pmu.o(.bss.pmu_to_deepsleepmode.reg_snap.1)
    pmu_to_deepsleepmode.reg_snap.2          0x200001cc   Data           4  gd32e10x_pmu.o(.bss.pmu_to_deepsleepmode.reg_snap.2)
    [Anonymous Symbol]                       0x200001cc   Section        0  gd32e10x_pmu.o(.bss.pmu_to_deepsleepmode.reg_snap.2)
    pmu_to_deepsleepmode.reg_snap.3          0x200001d0   Data           4  gd32e10x_pmu.o(.bss.pmu_to_deepsleepmode.reg_snap.3)
    [Anonymous Symbol]                       0x200001d0   Section        0  gd32e10x_pmu.o(.bss.pmu_to_deepsleepmode.reg_snap.3)
    usbd_customhid_altset                    0x20000254   Data           4  custom_hid_core.o(.bss.usbd_customhid_altset)
    [Anonymous Symbol]                       0x20000254   Section        0  custom_hid_core.o(.bss.usbd_customhid_altset)
    usbd_customhid_idlestate                 0x20000258   Data           4  custom_hid_core.o(.bss.usbd_customhid_idlestate)
    [Anonymous Symbol]                       0x20000258   Section        0  custom_hid_core.o(.bss.usbd_customhid_idlestate)
    usbd_customhid_protocol                  0x2000025c   Data           4  custom_hid_core.o(.bss.usbd_customhid_protocol)
    [Anonymous Symbol]                       0x2000025c   Section        0  custom_hid_core.o(.bss.usbd_customhid_protocol)
    usbd_setconfig.cfgidx                    0x20000268   Data           1  usbd_std.o(.bss.usbd_setconfig.cfgidx)
    [Anonymous Symbol]                       0x20000268   Section        0  usbd_std.o(.bss.usbd_setconfig.cfgidx)
    Heap_Mem                                 0x20000270   Data        1024  startup_gd32e10x.o(HEAP)
    HEAP                                     0x20000270   Section     1024  startup_gd32e10x.o(HEAP)
    Stack_Mem                                0x20000670   Data        1024  startup_gd32e10x.o(STACK)
    STACK                                    0x20000670   Section     1024  startup_gd32e10x.o(STACK)
    __initial_sp                             0x20000a70   Data           0  startup_gd32e10x.o(STACK)

    Global Symbols

    Symbol Name                              Value     Ov Type        Size  Object(Section)

    BuildAttributes$$THM_ISAv4$E$P$D$K$B$S$7EM$VFPi3$EXTD16$VFPS$VFMA$PE$A:L22UL41UL21$X:L11$S22US41US21$IEEE1$IW$~IW$USESV6$~STKCKD$USESV7$~SHL$OTIME$ROPI$EBA8$UX$STANDARDLIB$REQ8$PRES8$EABIv2 0x00000000   Number         0  anon$$obj.o ABSOLUTE
    __ARM_exceptions_init                     - Undefined Weak Reference
    __alloca_initialize                       - Undefined Weak Reference
    __arm_preinit_                            - Undefined Weak Reference
    __arm_relocate_pie_                       - Undefined Weak Reference
    __cpp_initialize__aeabi_                  - Undefined Weak Reference
    __cxa_finalize                            - Undefined Weak Reference
    __rt_locale                               - Undefined Weak Reference
    __sigvec_lookup                           - Undefined Weak Reference
    _atexit_init                              - Undefined Weak Reference
    _call_atexit_fns                          - Undefined Weak Reference
    _clock_init                               - Undefined Weak Reference
    _fp_trap_init                             - Undefined Weak Reference
    _fp_trap_shutdown                         - Undefined Weak Reference
    _get_lc_collate                           - Undefined Weak Reference
    _get_lc_ctype                             - Undefined Weak Reference
    _get_lc_monetary                          - Undefined Weak Reference
    _get_lc_numeric                           - Undefined Weak Reference
    _get_lc_time                              - Undefined Weak Reference
    _getenv_init                              - Undefined Weak Reference
    _handle_redirection                       - Undefined Weak Reference
    _init_alloc                               - Undefined Weak Reference
    _init_user_alloc                          - Undefined Weak Reference
    _initio                                   - Undefined Weak Reference
    _rand_init                                - Undefined Weak Reference
    _signal_finish                            - Undefined Weak Reference
    _signal_init                              - Undefined Weak Reference
    _terminate_alloc                          - Undefined Weak Reference
    _terminate_user_alloc                     - Undefined Weak Reference
    _terminateio                              - Undefined Weak Reference
    __Vectors_Size                           0x00000150   Number         0  startup_gd32e10x.o ABSOLUTE
    __Vectors                                0x08000000   Data           4  startup_gd32e10x.o(RESET)
    __Vectors_End                            0x08000150   Data           0  startup_gd32e10x.o(RESET)
    __main                                   0x08000151   Thumb Code     8  __main.o(!!!main)
    __scatterload                            0x08000159   Thumb Code     0  __scatter.o(!!!scatter)
    __scatterload_rt2                        0x08000159   Thumb Code    44  __scatter.o(!!!scatter)
    __scatterload_rt2_thumb_only             0x08000159   Thumb Code     0  __scatter.o(!!!scatter)
    __scatterload_null                       0x08000167   Thumb Code     0  __scatter.o(!!!scatter)
    __decompress                             0x0800018d   Thumb Code    58  __dczerorl.o(!!dczerorl)
    __decompress0                            0x0800018d   Thumb Code     0  __dczerorl.o(!!dczerorl)
    __scatterload_zeroinit                   0x080001c9   Thumb Code    28  __scatter_zi.o(!!handler_zi)
    __rt_lib_init                            0x080001e5   Thumb Code     0  libinit.o(.ARM.Collect$$libinit$$00000000)
    __rt_lib_init_fp_1                       0x080001e7   Thumb Code     0  libinit2.o(.ARM.Collect$$libinit$$00000001)
    __rt_lib_init_alloca_1                   0x080001eb   Thumb Code     0  libinit2.o(.ARM.Collect$$libinit$$00000030)
    __rt_lib_init_argv_1                     0x080001eb   Thumb Code     0  libinit2.o(.ARM.Collect$$libinit$$0000002E)
    __rt_lib_init_atexit_1                   0x080001eb   Thumb Code     0  libinit2.o(.ARM.Collect$$libinit$$0000001D)
    __rt_lib_init_clock_1                    0x080001eb   Thumb Code     0  libinit2.o(.ARM.Collect$$libinit$$00000023)
    __rt_lib_init_cpp_1                      0x080001eb   Thumb Code     0  libinit2.o(.ARM.Collect$$libinit$$00000034)
    __rt_lib_init_exceptions_1               0x080001eb   Thumb Code     0  libinit2.o(.ARM.Collect$$libinit$$00000032)
    __rt_lib_init_fp_trap_1                  0x080001eb   Thumb Code     0  libinit2.o(.ARM.Collect$$libinit$$00000021)
    __rt_lib_init_getenv_1                   0x080001eb   Thumb Code     0  libinit2.o(.ARM.Collect$$libinit$$00000025)
    __rt_lib_init_heap_1                     0x080001eb   Thumb Code     0  libinit2.o(.ARM.Collect$$libinit$$0000000C)
    __rt_lib_init_lc_collate_1               0x080001eb   Thumb Code     0  libinit2.o(.ARM.Collect$$libinit$$00000013)
    __rt_lib_init_lc_ctype_1                 0x080001eb   Thumb Code     0  libinit2.o(.ARM.Collect$$libinit$$00000015)
    __rt_lib_init_lc_monetary_1              0x080001eb   Thumb Code     0  libinit2.o(.ARM.Collect$$libinit$$00000017)
    __rt_lib_init_lc_numeric_1               0x080001eb   Thumb Code     0  libinit2.o(.ARM.Collect$$libinit$$00000019)
    __rt_lib_init_lc_time_1                  0x080001eb   Thumb Code     0  libinit2.o(.ARM.Collect$$libinit$$0000001B)
    __rt_lib_init_preinit_1                  0x080001eb   Thumb Code     0  libinit2.o(.ARM.Collect$$libinit$$00000006)
    __rt_lib_init_rand_1                     0x080001eb   Thumb Code     0  libinit2.o(.ARM.Collect$$libinit$$00000010)
    __rt_lib_init_relocate_pie_1             0x080001eb   Thumb Code     0  libinit2.o(.ARM.Collect$$libinit$$00000004)
    __rt_lib_init_return                     0x080001eb   Thumb Code     0  libinit2.o(.ARM.Collect$$libinit$$00000035)
    __rt_lib_init_signal_1                   0x080001eb   Thumb Code     0  libinit2.o(.ARM.Collect$$libinit$$0000001F)
    __rt_lib_init_stdio_1                    0x080001eb   Thumb Code     0  libinit2.o(.ARM.Collect$$libinit$$00000027)
    __rt_lib_init_user_alloc_1               0x080001eb   Thumb Code     0  libinit2.o(.ARM.Collect$$libinit$$0000000E)
    __rt_lib_shutdown                        0x080001ed   Thumb Code     0  libshutdown.o(.ARM.Collect$$libshutdown$$00000000)
    __rt_lib_shutdown_cpp_1                  0x080001ef   Thumb Code     0  libshutdown2.o(.ARM.Collect$$libshutdown$$00000002)
    __rt_lib_shutdown_fp_trap_1              0x080001ef   Thumb Code     0  libshutdown2.o(.ARM.Collect$$libshutdown$$00000007)
    __rt_lib_shutdown_heap_1                 0x080001ef   Thumb Code     0  libshutdown2.o(.ARM.Collect$$libshutdown$$0000000F)
    __rt_lib_shutdown_return                 0x080001ef   Thumb Code     0  libshutdown2.o(.ARM.Collect$$libshutdown$$00000010)
    __rt_lib_shutdown_signal_1               0x080001ef   Thumb Code     0  libshutdown2.o(.ARM.Collect$$libshutdown$$0000000A)
    __rt_lib_shutdown_stdio_1                0x080001ef   Thumb Code     0  libshutdown2.o(.ARM.Collect$$libshutdown$$00000004)
    __rt_lib_shutdown_user_alloc_1           0x080001ef   Thumb Code     0  libshutdown2.o(.ARM.Collect$$libshutdown$$0000000C)
    __rt_entry                               0x080001f1   Thumb Code     0  __rtentry.o(.ARM.Collect$$rtentry$$00000000)
    __rt_entry_presh_1                       0x080001f1   Thumb Code     0  __rtentry2.o(.ARM.Collect$$rtentry$$00000002)
    __rt_entry_sh                            0x080001f1   Thumb Code     0  __rtentry4.o(.ARM.Collect$$rtentry$$00000004)
    __rt_entry_li                            0x080001f7   Thumb Code     0  __rtentry2.o(.ARM.Collect$$rtentry$$0000000A)
    __rt_entry_postsh_1                      0x080001f7   Thumb Code     0  __rtentry2.o(.ARM.Collect$$rtentry$$00000009)
    __rt_entry_main                          0x080001fb   Thumb Code     0  __rtentry2.o(.ARM.Collect$$rtentry$$0000000D)
    __rt_entry_postli_1                      0x080001fb   Thumb Code     0  __rtentry2.o(.ARM.Collect$$rtentry$$0000000C)
    __rt_exit                                0x08000203   Thumb Code     0  rtexit.o(.ARM.Collect$$rtexit$$00000000)
    __rt_exit_ls                             0x08000205   Thumb Code     0  rtexit2.o(.ARM.Collect$$rtexit$$00000003)
    __rt_exit_prels_1                        0x08000205   Thumb Code     0  rtexit2.o(.ARM.Collect$$rtexit$$00000002)
    __rt_exit_exit                           0x08000209   Thumb Code     0  rtexit2.o(.ARM.Collect$$rtexit$$00000004)
    Reset_Handler                            0x08000211   Thumb Code     8  startup_gd32e10x.o(.text)
    ADC0_1_IRQHandler                        0x0800022b   Thumb Code     0  startup_gd32e10x.o(.text)
    CAN0_EWMC_IRQHandler                     0x0800022b   Thumb Code     0  startup_gd32e10x.o(.text)
    CAN0_RX0_IRQHandler                      0x0800022b   Thumb Code     0  startup_gd32e10x.o(.text)
    CAN0_RX1_IRQHandler                      0x0800022b   Thumb Code     0  startup_gd32e10x.o(.text)
    CAN0_TX_IRQHandler                       0x0800022b   Thumb Code     0  startup_gd32e10x.o(.text)
    CAN1_EWMC_IRQHandler                     0x0800022b   Thumb Code     0  startup_gd32e10x.o(.text)
    CAN1_RX0_IRQHandler                      0x0800022b   Thumb Code     0  startup_gd32e10x.o(.text)
    CAN1_RX1_IRQHandler                      0x0800022b   Thumb Code     0  startup_gd32e10x.o(.text)
    CAN1_TX_IRQHandler                       0x0800022b   Thumb Code     0  startup_gd32e10x.o(.text)
    DMA0_Channel0_IRQHandler                 0x0800022b   Thumb Code     0  startup_gd32e10x.o(.text)
    DMA0_Channel1_IRQHandler                 0x0800022b   Thumb Code     0  startup_gd32e10x.o(.text)
    DMA0_Channel2_IRQHandler                 0x0800022b   Thumb Code     0  startup_gd32e10x.o(.text)
    DMA0_Channel3_IRQHandler                 0x0800022b   Thumb Code     0  startup_gd32e10x.o(.text)
    DMA0_Channel4_IRQHandler                 0x0800022b   Thumb Code     0  startup_gd32e10x.o(.text)
    DMA0_Channel5_IRQHandler                 0x0800022b   Thumb Code     0  startup_gd32e10x.o(.text)
    DMA0_Channel6_IRQHandler                 0x0800022b   Thumb Code     0  startup_gd32e10x.o(.text)
    DMA1_Channel0_IRQHandler                 0x0800022b   Thumb Code     0  startup_gd32e10x.o(.text)
    DMA1_Channel1_IRQHandler                 0x0800022b   Thumb Code     0  startup_gd32e10x.o(.text)
    DMA1_Channel2_IRQHandler                 0x0800022b   Thumb Code     0  startup_gd32e10x.o(.text)
    DMA1_Channel3_IRQHandler                 0x0800022b   Thumb Code     0  startup_gd32e10x.o(.text)
    DMA1_Channel4_IRQHandler                 0x0800022b   Thumb Code     0  startup_gd32e10x.o(.text)
    EXMC_IRQHandler                          0x0800022b   Thumb Code     0  startup_gd32e10x.o(.text)
    EXTI1_IRQHandler                         0x0800022b   Thumb Code     0  startup_gd32e10x.o(.text)
    EXTI2_IRQHandler                         0x0800022b   Thumb Code     0  startup_gd32e10x.o(.text)
    EXTI3_IRQHandler                         0x0800022b   Thumb Code     0  startup_gd32e10x.o(.text)
    EXTI4_IRQHandler                         0x0800022b   Thumb Code     0  startup_gd32e10x.o(.text)
    EXTI5_9_IRQHandler                       0x0800022b   Thumb Code     0  startup_gd32e10x.o(.text)
    FMC_IRQHandler                           0x0800022b   Thumb Code     0  startup_gd32e10x.o(.text)
    I2C0_ER_IRQHandler                       0x0800022b   Thumb Code     0  startup_gd32e10x.o(.text)
    I2C0_EV_IRQHandler                       0x0800022b   Thumb Code     0  startup_gd32e10x.o(.text)
    I2C1_ER_IRQHandler                       0x0800022b   Thumb Code     0  startup_gd32e10x.o(.text)
    I2C1_EV_IRQHandler                       0x0800022b   Thumb Code     0  startup_gd32e10x.o(.text)
    LVD_IRQHandler                           0x0800022b   Thumb Code     0  startup_gd32e10x.o(.text)
    RCU_CTC_IRQHandler                       0x0800022b   Thumb Code     0  startup_gd32e10x.o(.text)
    RTC_Alarm_IRQHandler                     0x0800022b   Thumb Code     0  startup_gd32e10x.o(.text)
    RTC_IRQHandler                           0x0800022b   Thumb Code     0  startup_gd32e10x.o(.text)
    SPI0_IRQHandler                          0x0800022b   Thumb Code     0  startup_gd32e10x.o(.text)
    SPI1_IRQHandler                          0x0800022b   Thumb Code     0  startup_gd32e10x.o(.text)
    SPI2_IRQHandler                          0x0800022b   Thumb Code     0  startup_gd32e10x.o(.text)
    TAMPER_IRQHandler                        0x0800022b   Thumb Code     0  startup_gd32e10x.o(.text)
    TIMER0_BRK_TIMER8_IRQHandler             0x0800022b   Thumb Code     0  startup_gd32e10x.o(.text)
    TIMER0_Channel_IRQHandler                0x0800022b   Thumb Code     0  startup_gd32e10x.o(.text)
    TIMER0_TRG_CMT_TIMER10_IRQHandler        0x0800022b   Thumb Code     0  startup_gd32e10x.o(.text)
    TIMER1_IRQHandler                        0x0800022b   Thumb Code     0  startup_gd32e10x.o(.text)
    TIMER2_IRQHandler                        0x0800022b   Thumb Code     0  startup_gd32e10x.o(.text)
    TIMER3_IRQHandler                        0x0800022b   Thumb Code     0  startup_gd32e10x.o(.text)
    TIMER4_IRQHandler                        0x0800022b   Thumb Code     0  startup_gd32e10x.o(.text)
    TIMER5_IRQHandler                        0x0800022b   Thumb Code     0  startup_gd32e10x.o(.text)
    TIMER6_IRQHandler                        0x0800022b   Thumb Code     0  startup_gd32e10x.o(.text)
    TIMER7_BRK_TIMER11_IRQHandler            0x0800022b   Thumb Code     0  startup_gd32e10x.o(.text)
    TIMER7_Channel_IRQHandler                0x0800022b   Thumb Code     0  startup_gd32e10x.o(.text)
    TIMER7_TRG_CMT_TIMER13_IRQHandler        0x0800022b   Thumb Code     0  startup_gd32e10x.o(.text)
    TIMER7_UP_TIMER12_IRQHandler             0x0800022b   Thumb Code     0  startup_gd32e10x.o(.text)
    UART3_IRQHandler                         0x0800022b   Thumb Code     0  startup_gd32e10x.o(.text)
    UART4_IRQHandler                         0x0800022b   Thumb Code     0  startup_gd32e10x.o(.text)
    USART0_IRQHandler                        0x0800022b   Thumb Code     0  startup_gd32e10x.o(.text)
    USART1_IRQHandler                        0x0800022b   Thumb Code     0  startup_gd32e10x.o(.text)
    USART2_IRQHandler                        0x0800022b   Thumb Code     0  startup_gd32e10x.o(.text)
    WWDGT_IRQHandler                         0x0800022b   Thumb Code     0  startup_gd32e10x.o(.text)
    __user_initial_stackheap                 0x0800022d   Thumb Code    10  startup_gd32e10x.o(.text)
    __use_two_region_memory                  0x08000251   Thumb Code     2  heapauxi.o(.text)
    __rt_heap_escrow$2region                 0x08000253   Thumb Code     2  heapauxi.o(.text)
    __rt_heap_expand$2region                 0x08000255   Thumb Code     2  heapauxi.o(.text)
    __user_setup_stackheap                   0x08000257   Thumb Code    74  sys_stackheap_outer.o(.text)
    exit                                     0x080002a1   Thumb Code    18  exit.o(.text)
    __user_libspace                          0x080002b5   Thumb Code     8  libspace.o(.text)
    __user_perproc_libspace                  0x080002b5   Thumb Code     0  libspace.o(.text)
    __user_perthread_libspace                0x080002b5   Thumb Code     0  libspace.o(.text)
    _sys_exit                                0x080002bd   Thumb Code     8  sys_exit.o(.text)
    __I$use$semihosting                      0x080002c9   Thumb Code     0  use_no_semi.o(.text)
    __use_no_semihosting_swi                 0x080002c9   Thumb Code     2  use_no_semi.o(.text)
    __semihosting_library_function           0x080002cb   Thumb Code     0  indicate_semi.o(.text)
    BusFault_Handler                         0x080002cd   Thumb Code     2  gd32e10x_it.o(.text.BusFault_Handler)
    DebugMon_Handler                         0x080002d1   Thumb Code     2  gd32e10x_it.o(.text.DebugMon_Handler)
    EXTI0_IRQHandler                         0x080002d5   Thumb Code    34  gd32e10x_it.o(.text.EXTI0_IRQHandler)
    EXTI10_15_IRQHandler                     0x080002f9   Thumb Code    38  gd32e10x_it.o(.text.EXTI10_15_IRQHandler)
    HardFault_Handler                        0x08000321   Thumb Code     2  gd32e10x_it.o(.text.HardFault_Handler)
    MemManage_Handler                        0x08000325   Thumb Code     2  gd32e10x_it.o(.text.MemManage_Handler)
    NMI_Handler                              0x08000329   Thumb Code     2  gd32e10x_it.o(.text.NMI_Handler)
    PendSV_Handler                           0x0800032d   Thumb Code     2  gd32e10x_it.o(.text.PendSV_Handler)
    SVC_Handler                              0x08000331   Thumb Code     2  gd32e10x_it.o(.text.SVC_Handler)
    SysTick_Handler                          0x08000335   Thumb Code     2  gd32e10x_it.o(.text.SysTick_Handler)
    SystemInit                               0x08000339   Thumb Code   244  system_gd32e10x.o(.text.SystemInit)
    TIMER0_UP_TIMER9_IRQHandler              0x0800042d   Thumb Code     2  gd32e10x_it.o(.text.TIMER0_UP_TIMER9_IRQHandler)
    USBFS_IRQHandler                         0x08000431   Thumb Code    12  gd32e10x_it.o(.text.USBFS_IRQHandler)
    USBFS_WKUP_IRQHandler                    0x0800043d   Thumb Code    64  gd32e10x_it.o(.text.USBFS_WKUP_IRQHandler)
    UsageFault_Handler                       0x0800047d   Thumb Code     2  gd32e10x_it.o(.text.UsageFault_Handler)
    custom_hid_data_handler                  0x08000481   Thumb Code   152  custom_hid_core.o(.text.custom_hid_data_handler)
    custom_hid_deinit                        0x08000519   Thumb Code    22  custom_hid_core.o(.text.custom_hid_deinit)
    custom_hid_init                          0x08000531   Thumb Code    52  custom_hid_core.o(.text.custom_hid_init)
    custom_hid_req_handler                   0x08000565   Thumb Code   248  custom_hid_core.o(.text.custom_hid_req_handler)
    delay                                    0x0800065d   Thumb Code    28  delay.o(.text.delay)
    delayMicroseconds                        0x08000679   Thumb Code   142  delay.o(.text.delayMicroseconds)
    exti_interrupt_flag_clear                0x08000709   Thumb Code    12  gd32e10x_exti.o(.text.exti_interrupt_flag_clear)
    exti_interrupt_flag_get                  0x08000715   Thumb Code    32  gd32e10x_exti.o(.text.exti_interrupt_flag_get)
    gpio_bit_reset                           0x08000735   Thumb Code     4  gd32e10x_gpio.o(.text.gpio_bit_reset)
    gpio_bit_set                             0x08000739   Thumb Code     4  gd32e10x_gpio.o(.text.gpio_bit_set)
    gpio_init                                0x0800073d   Thumb Code   182  gd32e10x_gpio.o(.text.gpio_init)
    main                                     0x080007f5   Thumb Code   226  app.o(.text.main)
    nvic_irq_enable                          0x080008d9   Thumb Code   100  gd32e10x_misc.o(.text.nvic_irq_enable)
    nvic_priority_group_set                  0x0800093d   Thumb Code    20  gd32e10x_misc.o(.text.nvic_priority_group_set)
    nvic_vector_table_set                    0x08000951   Thumb Code    24  gd32e10x_misc.o(.text.nvic_vector_table_set)
    pmu_to_deepsleepmode                     0x08000969   Thumb Code   198  gd32e10x_pmu.o(.text.pmu_to_deepsleepmode)
    rcu_clock_freq_get                       0x08000a31   Thumb Code   236  gd32e10x_rcu.o(.text.rcu_clock_freq_get)
    rcu_periph_clock_enable                  0x08000b2d   Thumb Code    30  gd32e10x_rcu.o(.text.rcu_periph_clock_enable)
    rcu_usb_clock_config                     0x08000b4d   Thumb Code    20  gd32e10x_rcu.o(.text.rcu_usb_clock_config)
    usb_clock_ungate                         0x08000b61   Thumb Code    56  usb_core.o(.text.usb_clock_ungate)
    usb_core_init                            0x08000b99   Thumb Code   110  usb_core.o(.text.usb_core_init)
    usb_core_select                          0x08000c09   Thumb Code    34  usb_core.o(.text.usb_core_select)
    usb_devcore_init                         0x08000c2d   Thumb Code   492  usb_core.o(.text.usb_devcore_init)
    usb_ep0_startout                         0x08000e21   Thumb Code    70  usb_core.o(.text.usb_ep0_startout)
    usb_fifo_read                            0x08000e69   Thumb Code    42  usb_core.o(.text.usb_fifo_read)
    usb_fifo_write                           0x08000e95   Thumb Code    52  usb_core.o(.text.usb_fifo_write)
    usb_mode_set                             0x08000ec9   Thumb Code    60  usb_core.o(.text.usb_mode_set)
    usb_txfifo_flush                         0x08000f05   Thumb Code    56  usb_core.o(.text.usb_txfifo_flush)
    usbd_ctlrx                               0x08000ff5   Thumb Code    92  usbd_core.o(.text.usbd_ctlrx)
    usbd_ctlstatus_rx                        0x08001051   Thumb Code    90  usbd_core.o(.text.usbd_ctlstatus_rx)
    usbd_ctlstatus_tx                        0x080010ad   Thumb Code    30  usbd_core.o(.text.usbd_ctlstatus_tx)
    usbd_ctltx                               0x080010cd   Thumb Code    24  usbd_core.o(.text.usbd_ctltx)
    usbd_enum_error                          0x080010f1   Thumb Code    28  usbd_std.o(.text.usbd_enum_error)
    usbd_ep_clear_stall                      0x0800110d   Thumb Code   138  usbd_core.o(.text.usbd_ep_clear_stall)
    usbd_ep_deinit                           0x08001199   Thumb Code    64  usbd_core.o(.text.usbd_ep_deinit)
    usbd_ep_init                             0x080011d9   Thumb Code   174  usbd_core.o(.text.usbd_ep_init)
    usbd_ep_rx                               0x08001289   Thumb Code   136  usbd_core.o(.text.usbd_ep_rx)
    usbd_ep_stall                            0x08001311   Thumb Code    84  usbd_core.o(.text.usbd_ep_stall)
    usbd_ep_tx                               0x08001365   Thumb Code   254  usbd_core.o(.text.usbd_ep_tx)
    usbd_in_transaction                      0x0800156d   Thumb Code   142  usbd_std.o(.text.usbd_in_transaction)
    usbd_init                                0x080015fd   Thumb Code   100  usbd_core.o(.text.usbd_init)
    usbd_isr                                 0x08001661   Thumb Code  1384  usbd_int.o(.text.usbd_isr)
    usbd_out_transaction                     0x08001bcd   Thumb Code   100  usbd_std.o(.text.usbd_out_transaction)
    usbd_setup_transaction                   0x08001d91   Thumb Code   188  usbd_std.o(.text.usbd_setup_transaction)
    _fp_init                                 0x08001e93   Thumb Code    26  fpinit.o(x$fpl$fpinit)
    __fplib_config_fpu_vfp                   0x08001eab   Thumb Code     0  fpinit.o(x$fpl$fpinit)
    __fplib_config_pureend_doubles           0x08001eab   Thumb Code     0  fpinit.o(x$fpl$fpinit)
    configuration_descriptor                 0x08001eac   Data          41  custom_hid_core.o(.rodata.configuration_descriptor)
    customhid_report_descriptor              0x08001edd   Data          28  custom_hid_core.o(.rodata.customhid_report_descriptor)
    device_descripter                        0x08001efa   Data          18  custom_hid_core.o(.rodata.device_descripter)
    usbd_language_id_desc                    0x08001f0c   Data           4  custom_hid_core.o(.rodata.usbd_language_id_desc)
    Region$$Table$$Base                      0x08001f10   Number         0  anon$$obj.o(Region$$Table)
    Region$$Table$$Limit                     0x08001f30   Number         0  anon$$obj.o(Region$$Table)
    usbd_strings                             0x20000048   Data          24  custom_hid_core.o(.data.usbd_strings)
    usbhs_core_dev                           0x20000060   Data         256  app.o(.data.usbhs_core_dev)
    __libspace_start                         0x20000160   Data          96  libspace.o(.bss)
    __temporary_stack_top$libspace           0x200001c0   Data           0  libspace.o(.bss)
    flag                                     0x200001c0   Data           1  custom_hid_core.o(.bss.flag)
    rxBuff                                   0x200001d4   Data          64  custom_hid_core.o(.bss.rxBuff)
    txBuff                                   0x20000214   Data          64  custom_hid_core.o(.bss.txBuff)
    usbd_customhid_report_id                 0x20000260   Data           1  custom_hid_core.o(.bss.usbd_customhid_report_id)
    usbd_int_fops                            0x20000264   Data           4  custom_hid_core.o(.bss.usbd_int_fops)
    usbfs_prescaler                          0x2000026c   Data           4  app.o(.bss.usbfs_prescaler)



==============================================================================

Memory Map of the image

  Image Entry point : 0x08000151

  Load Region LR_IROM1 (Base: 0x08000000, Size: 0x00002090, Max: 0x00020000, ABSOLUTE, COMPRESSED[0x00001fa8])

    Execution Region ER_IROM1 (Exec base: 0x08000000, Load base: 0x08000000, Size: 0x00001f30, Max: 0x00020000, ABSOLUTE)

    Exec Addr    Load Addr    Size         Type   Attr      Idx    E Section Name        Object

    0x08000000   0x08000000   0x00000150   Data   RO          645    RESET               startup_gd32e10x.o
    0x08000150   0x08000150   0x00000008   Code   RO          778  * !!!main             c_w.l(__main.o)
    0x08000158   0x08000158   0x00000034   Code   RO          945    !!!scatter          c_w.l(__scatter.o)
    0x0800018c   0x0800018c   0x0000003a   Code   RO          943    !!dczerorl          c_w.l(__dczerorl.o)
    0x080001c6   0x080001c6   0x00000002   PAD
    0x080001c8   0x080001c8   0x0000001c   Code   RO          947    !!handler_zi        c_w.l(__scatter_zi.o)
    0x080001e4   0x080001e4   0x00000002   Code   RO          805    .ARM.Collect$$libinit$$00000000  c_w.l(libinit.o)
    0x080001e6   0x080001e6   0x00000004   Code   RO          811    .ARM.Collect$$libinit$$00000001  c_w.l(libinit2.o)
    0x080001ea   0x080001ea   0x00000000   Code   RO          814    .ARM.Collect$$libinit$$00000004  c_w.l(libinit2.o)
    0x080001ea   0x080001ea   0x00000000   Code   RO          816    .ARM.Collect$$libinit$$00000006  c_w.l(libinit2.o)
    0x080001ea   0x080001ea   0x00000000   Code   RO          819    .ARM.Collect$$libinit$$0000000C  c_w.l(libinit2.o)
    0x080001ea   0x080001ea   0x00000000   Code   RO          821    .ARM.Collect$$libinit$$0000000E  c_w.l(libinit2.o)
    0x080001ea   0x080001ea   0x00000000   Code   RO          823    .ARM.Collect$$libinit$$00000010  c_w.l(libinit2.o)
    0x080001ea   0x080001ea   0x00000000   Code   RO          826    .ARM.Collect$$libinit$$00000013  c_w.l(libinit2.o)
    0x080001ea   0x080001ea   0x00000000   Code   RO          828    .ARM.Collect$$libinit$$00000015  c_w.l(libinit2.o)
    0x080001ea   0x080001ea   0x00000000   Code   RO          830    .ARM.Collect$$libinit$$00000017  c_w.l(libinit2.o)
    0x080001ea   0x080001ea   0x00000000   Code   RO          832    .ARM.Collect$$libinit$$00000019  c_w.l(libinit2.o)
    0x080001ea   0x080001ea   0x00000000   Code   RO          834    .ARM.Collect$$libinit$$0000001B  c_w.l(libinit2.o)
    0x080001ea   0x080001ea   0x00000000   Code   RO          836    .ARM.Collect$$libinit$$0000001D  c_w.l(libinit2.o)
    0x080001ea   0x080001ea   0x00000000   Code   RO          838    .ARM.Collect$$libinit$$0000001F  c_w.l(libinit2.o)
    0x080001ea   0x080001ea   0x00000000   Code   RO          840    .ARM.Collect$$libinit$$00000021  c_w.l(libinit2.o)
    0x080001ea   0x080001ea   0x00000000   Code   RO          842    .ARM.Collect$$libinit$$00000023  c_w.l(libinit2.o)
    0x080001ea   0x080001ea   0x00000000   Code   RO          844    .ARM.Collect$$libinit$$00000025  c_w.l(libinit2.o)
    0x080001ea   0x080001ea   0x00000000   Code   RO          846    .ARM.Collect$$libinit$$00000027  c_w.l(libinit2.o)
    0x080001ea   0x080001ea   0x00000000   Code   RO          850    .ARM.Collect$$libinit$$0000002E  c_w.l(libinit2.o)
    0x080001ea   0x080001ea   0x00000000   Code   RO          852    .ARM.Collect$$libinit$$00000030  c_w.l(libinit2.o)
    0x080001ea   0x080001ea   0x00000000   Code   RO          854    .ARM.Collect$$libinit$$00000032  c_w.l(libinit2.o)
    0x080001ea   0x080001ea   0x00000000   Code   RO          856    .ARM.Collect$$libinit$$00000034  c_w.l(libinit2.o)
    0x080001ea   0x080001ea   0x00000002   Code   RO          857    .ARM.Collect$$libinit$$00000035  c_w.l(libinit2.o)
    0x080001ec   0x080001ec   0x00000002   Code   RO          879    .ARM.Collect$$libshutdown$$00000000  c_w.l(libshutdown.o)
    0x080001ee   0x080001ee   0x00000000   Code   RO          894    .ARM.Collect$$libshutdown$$00000002  c_w.l(libshutdown2.o)
    0x080001ee   0x080001ee   0x00000000   Code   RO          896    .ARM.Collect$$libshutdown$$00000004  c_w.l(libshutdown2.o)
    0x080001ee   0x080001ee   0x00000000   Code   RO          899    .ARM.Collect$$libshutdown$$00000007  c_w.l(libshutdown2.o)
    0x080001ee   0x080001ee   0x00000000   Code   RO          902    .ARM.Collect$$libshutdown$$0000000A  c_w.l(libshutdown2.o)
    0x080001ee   0x080001ee   0x00000000   Code   RO          904    .ARM.Collect$$libshutdown$$0000000C  c_w.l(libshutdown2.o)
    0x080001ee   0x080001ee   0x00000000   Code   RO          907    .ARM.Collect$$libshutdown$$0000000F  c_w.l(libshutdown2.o)
    0x080001ee   0x080001ee   0x00000002   Code   RO          908    .ARM.Collect$$libshutdown$$00000010  c_w.l(libshutdown2.o)
    0x080001f0   0x080001f0   0x00000000   Code   RO          780    .ARM.Collect$$rtentry$$00000000  c_w.l(__rtentry.o)
    0x080001f0   0x080001f0   0x00000000   Code   RO          782    .ARM.Collect$$rtentry$$00000002  c_w.l(__rtentry2.o)
    0x080001f0   0x080001f0   0x00000006   Code   RO          794    .ARM.Collect$$rtentry$$00000004  c_w.l(__rtentry4.o)
    0x080001f6   0x080001f6   0x00000000   Code   RO          784    .ARM.Collect$$rtentry$$00000009  c_w.l(__rtentry2.o)
    0x080001f6   0x080001f6   0x00000004   Code   RO          785    .ARM.Collect$$rtentry$$0000000A  c_w.l(__rtentry2.o)
    0x080001fa   0x080001fa   0x00000000   Code   RO          787    .ARM.Collect$$rtentry$$0000000C  c_w.l(__rtentry2.o)
    0x080001fa   0x080001fa   0x00000008   Code   RO          788    .ARM.Collect$$rtentry$$0000000D  c_w.l(__rtentry2.o)
    0x08000202   0x08000202   0x00000002   Code   RO          809    .ARM.Collect$$rtexit$$00000000  c_w.l(rtexit.o)
    0x08000204   0x08000204   0x00000000   Code   RO          859    .ARM.Collect$$rtexit$$00000002  c_w.l(rtexit2.o)
    0x08000204   0x08000204   0x00000004   Code   RO          860    .ARM.Collect$$rtexit$$00000003  c_w.l(rtexit2.o)
    0x08000208   0x08000208   0x00000006   Code   RO          861    .ARM.Collect$$rtexit$$00000004  c_w.l(rtexit2.o)
    0x0800020e   0x0800020e   0x00000002   PAD
    0x08000210   0x08000210   0x00000040   Code   RO          646    .text               startup_gd32e10x.o
    0x08000250   0x08000250   0x00000006   Code   RO          776    .text               c_w.l(heapauxi.o)
    0x08000256   0x08000256   0x0000004a   Code   RO          796    .text               c_w.l(sys_stackheap_outer.o)
    0x080002a0   0x080002a0   0x00000012   Code   RO          798    .text               c_w.l(exit.o)
    0x080002b2   0x080002b2   0x00000002   PAD
    0x080002b4   0x080002b4   0x00000008   Code   RO          806    .text               c_w.l(libspace.o)
    0x080002bc   0x080002bc   0x0000000c   Code   RO          869    .text               c_w.l(sys_exit.o)
    0x080002c8   0x080002c8   0x00000002   Code   RO          884    .text               c_w.l(use_no_semi.o)
    0x080002ca   0x080002ca   0x00000000   Code   RO          886    .text               c_w.l(indicate_semi.o)
    0x080002ca   0x080002ca   0x00000002   PAD
    0x080002cc   0x080002cc   0x00000002   Code   RO           62    .text.BusFault_Handler  gd32e10x_it.o
    0x080002ce   0x080002ce   0x00000002   PAD
    0x080002d0   0x080002d0   0x00000002   Code   RO           68    .text.DebugMon_Handler  gd32e10x_it.o
    0x080002d2   0x080002d2   0x00000002   PAD
    0x080002d4   0x080002d4   0x00000022   Code   RO           74    .text.EXTI0_IRQHandler  gd32e10x_it.o
    0x080002f6   0x080002f6   0x00000002   PAD
    0x080002f8   0x080002f8   0x00000026   Code   RO           76    .text.EXTI10_15_IRQHandler  gd32e10x_it.o
    0x0800031e   0x0800031e   0x00000002   PAD
    0x08000320   0x08000320   0x00000002   Code   RO           58    .text.HardFault_Handler  gd32e10x_it.o
    0x08000322   0x08000322   0x00000002   PAD
    0x08000324   0x08000324   0x00000002   Code   RO           60    .text.MemManage_Handler  gd32e10x_it.o
    0x08000326   0x08000326   0x00000002   PAD
    0x08000328   0x08000328   0x00000002   Code   RO           56    .text.NMI_Handler   gd32e10x_it.o
    0x0800032a   0x0800032a   0x00000002   PAD
    0x0800032c   0x0800032c   0x00000002   Code   RO           70    .text.PendSV_Handler  gd32e10x_it.o
    0x0800032e   0x0800032e   0x00000002   PAD
    0x08000330   0x08000330   0x00000002   Code   RO           66    .text.SVC_Handler   gd32e10x_it.o
    0x08000332   0x08000332   0x00000002   PAD
    0x08000334   0x08000334   0x00000002   Code   RO           72    .text.SysTick_Handler  gd32e10x_it.o
    0x08000336   0x08000336   0x00000002   PAD
    0x08000338   0x08000338   0x000000f4   Code   RO          120    .text.SystemInit    system_gd32e10x.o
    0x0800042c   0x0800042c   0x00000002   Code   RO           82    .text.TIMER0_UP_TIMER9_IRQHandler  gd32e10x_it.o
    0x0800042e   0x0800042e   0x00000002   PAD
    0x08000430   0x08000430   0x0000000c   Code   RO           78    .text.USBFS_IRQHandler  gd32e10x_it.o
    0x0800043c   0x0800043c   0x00000040   Code   RO           80    .text.USBFS_WKUP_IRQHandler  gd32e10x_it.o
    0x0800047c   0x0800047c   0x00000002   Code   RO           64    .text.UsageFault_Handler  gd32e10x_it.o
    0x0800047e   0x0800047e   0x00000002   PAD
    0x08000480   0x08000480   0x00000098   Code   RO           28    .text.custom_hid_data_handler  custom_hid_core.o
    0x08000518   0x08000518   0x00000016   Code   RO           24    .text.custom_hid_deinit  custom_hid_core.o
    0x0800052e   0x0800052e   0x00000002   PAD
    0x08000530   0x08000530   0x00000034   Code   RO           22    .text.custom_hid_init  custom_hid_core.o
    0x08000564   0x08000564   0x000000f8   Code   RO           26    .text.custom_hid_req_handler  custom_hid_core.o
    0x0800065c   0x0800065c   0x0000001c   Code   RO          110    .text.delay         delay.o
    0x08000678   0x08000678   0x0000008e   Code   RO          108    .text.delayMicroseconds  delay.o
    0x08000706   0x08000706   0x00000002   PAD
    0x08000708   0x08000708   0x0000000c   Code   RO          151    .text.exti_interrupt_flag_clear  gd32e10x_exti.o
    0x08000714   0x08000714   0x00000020   Code   RO          149    .text.exti_interrupt_flag_get  gd32e10x_exti.o
    0x08000734   0x08000734   0x00000004   Code   RO          249    .text.gpio_bit_reset  gd32e10x_gpio.o
    0x08000738   0x08000738   0x00000004   Code   RO          247    .text.gpio_bit_set  gd32e10x_gpio.o
    0x0800073c   0x0800073c   0x000000b6   Code   RO          245    .text.gpio_init     gd32e10x_gpio.o
    0x080007f2   0x080007f2   0x00000002   PAD
    0x080007f4   0x080007f4   0x000000e2   Code   RO            2    .text.main          app.o
    0x080008d6   0x080008d6   0x00000002   PAD
    0x080008d8   0x080008d8   0x00000064   Code   RO          289    .text.nvic_irq_enable  gd32e10x_misc.o
    0x0800093c   0x0800093c   0x00000014   Code   RO          287    .text.nvic_priority_group_set  gd32e10x_misc.o
    0x08000950   0x08000950   0x00000018   Code   RO          293    .text.nvic_vector_table_set  gd32e10x_misc.o
    0x08000968   0x08000968   0x000000c6   Code   RO          566    .text.pmu_to_deepsleepmode  gd32e10x_pmu.o
    0x08000a2e   0x08000a2e   0x00000002   PAD
    0x08000a30   0x08000a30   0x000000fc   Code   RO          395    .text.rcu_clock_freq_get  gd32e10x_rcu.o
    0x08000b2c   0x08000b2c   0x0000001e   Code   RO          313    .text.rcu_periph_clock_enable  gd32e10x_rcu.o
    0x08000b4a   0x08000b4a   0x00000002   PAD
    0x08000b4c   0x08000b4c   0x00000014   Code   RO          355    .text.rcu_usb_clock_config  gd32e10x_rcu.o
    0x08000b60   0x08000b60   0x00000038   Code   RO          673    .text.usb_clock_ungate  usb_core.o
    0x08000b98   0x08000b98   0x0000006e   Code   RO          659    .text.usb_core_init  usb_core.o
    0x08000c06   0x08000c06   0x00000002   PAD
    0x08000c08   0x08000c08   0x00000022   Code   RO          657    .text.usb_core_select  usb_core.o
    0x08000c2a   0x08000c2a   0x00000002   PAD
    0x08000c2c   0x08000c2c   0x000001f4   Code   RO          667    .text.usb_devcore_init  usb_core.o
    0x08000e20   0x08000e20   0x00000046   Code   RO          669    .text.usb_ep0_startout  usb_core.o
    0x08000e66   0x08000e66   0x00000002   PAD
    0x08000e68   0x08000e68   0x0000002a   Code   RO          655    .text.usb_fifo_read  usb_core.o
    0x08000e92   0x08000e92   0x00000002   PAD
    0x08000e94   0x08000e94   0x00000034   Code   RO          653    .text.usb_fifo_write  usb_core.o
    0x08000ec8   0x08000ec8   0x0000003c   Code   RO          665    .text.usb_mode_set  usb_core.o
    0x08000f04   0x08000f04   0x00000038   Code   RO          661    .text.usb_txfifo_flush  usb_core.o
    0x08000f3c   0x08000f3c   0x000000aa   Code   RO          738    .text.usbd_clrfeature  usbd_std.o
    0x08000fe6   0x08000fe6   0x00000002   PAD
    0x08000fe8   0x08000fe8   0x0000000a   Code   RO          762    .text.usbd_configuration_descriptor_get  usbd_std.o
    0x08000ff2   0x08000ff2   0x00000002   PAD
    0x08000ff4   0x08000ff4   0x0000005c   Code   RO          697    .text.usbd_ctlrx    usbd_core.o
    0x08001050   0x08001050   0x0000005a   Code   RO          701    .text.usbd_ctlstatus_rx  usbd_core.o
    0x080010aa   0x080010aa   0x00000002   PAD
    0x080010ac   0x080010ac   0x0000001e   Code   RO          699    .text.usbd_ctlstatus_tx  usbd_core.o
    0x080010ca   0x080010ca   0x00000002   PAD
    0x080010cc   0x080010cc   0x00000018   Code   RO          695    .text.usbd_ctltx    usbd_core.o
    0x080010e4   0x080010e4   0x0000000a   Code   RO          760    .text.usbd_device_descriptor_get  usbd_std.o
    0x080010ee   0x080010ee   0x00000002   PAD
    0x080010f0   0x080010f0   0x0000001c   Code   RO          734    .text.usbd_enum_error  usbd_std.o
    0x0800110c   0x0800110c   0x0000008a   Code   RO          705    .text.usbd_ep_clear_stall  usbd_core.o
    0x08001196   0x08001196   0x00000002   PAD
    0x08001198   0x08001198   0x00000040   Code   RO          689    .text.usbd_ep_deinit  usbd_core.o
    0x080011d8   0x080011d8   0x000000ae   Code   RO          687    .text.usbd_ep_init  usbd_core.o
    0x08001286   0x08001286   0x00000002   PAD
    0x08001288   0x08001288   0x00000088   Code   RO          691    .text.usbd_ep_rx    usbd_core.o
    0x08001310   0x08001310   0x00000054   Code   RO          703    .text.usbd_ep_stall  usbd_core.o
    0x08001364   0x08001364   0x000000fe   Code   RO          693    .text.usbd_ep_tx    usbd_core.o
    0x08001462   0x08001462   0x00000002   PAD
    0x08001464   0x08001464   0x00000056   Code   RO          750    .text.usbd_getconfig  usbd_std.o
    0x080014ba   0x080014ba   0x00000002   PAD
    0x080014bc   0x080014bc   0x000000a4   Code   RO          746    .text.usbd_getdescriptor  usbd_std.o
    0x08001560   0x08001560   0x00000006   Code   RO          754    .text.usbd_getinterface  usbd_std.o
    0x08001566   0x08001566   0x00000002   PAD
    0x08001568   0x08001568   0x00000002   Code   RO          736    .text.usbd_getstatus  usbd_std.o
    0x0800156a   0x0800156a   0x00000002   PAD
    0x0800156c   0x0800156c   0x0000008e   Code   RO          732    .text.usbd_in_transaction  usbd_std.o
    0x080015fa   0x080015fa   0x00000002   PAD
    0x080015fc   0x080015fc   0x00000064   Code   RO          685    .text.usbd_init     usbd_core.o
    0x08001660   0x08001660   0x0000056c   Code   RO          719    .text.usbd_isr      usbd_int.o
    0x08001bcc   0x08001bcc   0x00000064   Code   RO          730    .text.usbd_out_transaction  usbd_std.o
    0x08001c30   0x08001c30   0x00000002   Code   RO          740    .text.usbd_reserved  usbd_std.o
    0x08001c32   0x08001c32   0x00000002   PAD
    0x08001c34   0x08001c34   0x00000054   Code   RO          744    .text.usbd_setaddress  usbd_std.o
    0x08001c88   0x08001c88   0x0000008a   Code   RO          752    .text.usbd_setconfig  usbd_std.o
    0x08001d12   0x08001d12   0x00000002   PAD
    0x08001d14   0x08001d14   0x00000002   Code   RO          748    .text.usbd_setdescriptor  usbd_std.o
    0x08001d16   0x08001d16   0x00000002   PAD
    0x08001d18   0x08001d18   0x0000006e   Code   RO          742    .text.usbd_setfeature  usbd_std.o
    0x08001d86   0x08001d86   0x00000002   PAD
    0x08001d88   0x08001d88   0x00000006   Code   RO          756    .text.usbd_setinterface  usbd_std.o
    0x08001d8e   0x08001d8e   0x00000002   PAD
    0x08001d90   0x08001d90   0x000000f0   Code   RO          728    .text.usbd_setup_transaction  usbd_std.o
    0x08001e80   0x08001e80   0x0000000e   Code   RO          764    .text.usbd_string_descriptor_get  usbd_std.o
    0x08001e8e   0x08001e8e   0x00000002   PAD
    0x08001e90   0x08001e90   0x00000002   Code   RO          758    .text.usbd_synchframe  usbd_std.o
    0x08001e92   0x08001e92   0x0000001a   Code   RO          867    x$fpl$fpinit        fz_wm.l(fpinit.o)
    0x08001eac   0x08001eac   0x00000029   Data   RO           34    .rodata.configuration_descriptor  custom_hid_core.o
    0x08001ed5   0x08001ed5   0x00000008   Data   RO          397    .rodata.cst8        gd32e10x_rcu.o
    0x08001edd   0x08001edd   0x0000001c   Data   RO           42    .rodata.customhid_report_descriptor  custom_hid_core.o
    0x08001ef9   0x08001ef9   0x00000001   PAD
    0x08001efa   0x08001efa   0x00000012   Data   RO           33    .rodata.device_descripter  custom_hid_core.o
    0x08001f0c   0x08001f0c   0x00000004   Data   RO           35    .rodata.usbd_language_id_desc  custom_hid_core.o
    0x08001f10   0x08001f10   0x00000020   Data   RO          942    Region$$Table       anon$$obj.o


    Execution Region RW_IRAM1 (Exec base: 0x20000000, Load base: 0x08001f30, Size: 0x00000a70, Max: 0x00008000, ABSOLUTE, COMPRESSED[0x00000078])

    Exec Addr    Load Addr    Size         Type   Attr      Idx    E Section Name        Object

    0x20000000   COMPRESSED   0x0000000c   Data   RW           36    .data..compoundliteral  custom_hid_core.o
    0x2000000c   COMPRESSED   0x00000014   Data   RW           37    .data..compoundliteral.1  custom_hid_core.o
    0x20000020   COMPRESSED   0x00000014   Data   RW           38    .data..compoundliteral.2  custom_hid_core.o
    0x20000034   COMPRESSED   0x0000000a   Data   RW           39    .data..compoundliteral.3  custom_hid_core.o
    0x2000003e   COMPRESSED   0x0000000a   Data   RW           40    .data..compoundliteral.4  custom_hid_core.o
    0x20000048   COMPRESSED   0x00000018   Data   RW           41    .data.usbd_strings  custom_hid_core.o
    0x20000060   COMPRESSED   0x00000100   Data   RW           12    .data.usbhs_core_dev  app.o
    0x20000160        -       0x00000060   Zero   RW          807    .bss                c_w.l(libspace.o)
    0x200001c0        -       0x00000001   Zero   RW           31    .bss.flag           custom_hid_core.o
    0x200001c1   COMPRESSED   0x00000003   PAD
    0x200001c4        -       0x00000004   Zero   RW          582    .bss.pmu_to_deepsleepmode.reg_snap.0  gd32e10x_pmu.o
    0x200001c8        -       0x00000004   Zero   RW          583    .bss.pmu_to_deepsleepmode.reg_snap.1  gd32e10x_pmu.o
    0x200001cc        -       0x00000004   Zero   RW          584    .bss.pmu_to_deepsleepmode.reg_snap.2  gd32e10x_pmu.o
    0x200001d0        -       0x00000004   Zero   RW          585    .bss.pmu_to_deepsleepmode.reg_snap.3  gd32e10x_pmu.o
    0x200001d4        -       0x00000040   Zero   RW           43    .bss.rxBuff         custom_hid_core.o
    0x20000214        -       0x00000040   Zero   RW           47    .bss.txBuff         custom_hid_core.o
    0x20000254        -       0x00000004   Zero   RW           46    .bss.usbd_customhid_altset  custom_hid_core.o
    0x20000258        -       0x00000004   Zero   RW           44    .bss.usbd_customhid_idlestate  custom_hid_core.o
    0x2000025c        -       0x00000004   Zero   RW           45    .bss.usbd_customhid_protocol  custom_hid_core.o
    0x20000260        -       0x00000001   Zero   RW           30    .bss.usbd_customhid_report_id  custom_hid_core.o
    0x20000261   COMPRESSED   0x00000003   PAD
    0x20000264        -       0x00000004   Zero   RW           32    .bss.usbd_int_fops  custom_hid_core.o
    0x20000268        -       0x00000001   Zero   RW          766    .bss.usbd_setconfig.cfgidx  usbd_std.o
    0x20000269   COMPRESSED   0x00000003   PAD
    0x2000026c        -       0x00000004   Zero   RW           11    .bss.usbfs_prescaler  app.o
    0x20000270        -       0x00000400   Zero   RW          644    HEAP                startup_gd32e10x.o
    0x20000670        -       0x00000400   Zero   RW          643    STACK               startup_gd32e10x.o


==============================================================================

Image component sizes


      Code (inc. data)   RO Data    RW Data    ZI Data      Debug   Object Name

       226          0          0        256          4       5958   app.o
       474         12         91         96        146       6587   custom_hid_core.o
       170          0          0          0          0        975   delay.o
        44          0          0          0          0       3410   gd32e10x_exti.o
       190          0          0          0          0       6106   gd32e10x_gpio.o
       168          0          0          0          0       4774   gd32e10x_it.o
       144          0          0          0          0       3483   gd32e10x_misc.o
       198          0          0          0         16       4672   gd32e10x_pmu.o
       302         20          8          0          0      16168   gd32e10x_rcu.o
        64         26        336          0       2048        924   startup_gd32e10x.o
       244          0          0          0          0       2632   system_gd32e10x.o
       980          8          0          0          0       7679   usb_core.o
      1186          0          0          0          0       8795   usbd_core.o
      1388          4          0          0          0       6978   usbd_int.o
      1316         64          0          0          1       9476   usbd_std.o

    ----------------------------------------------------------------------
      7174        134        468        352       2224      88617   Object Totals
         0          0         32          0          0          0   (incl. Generated)
        80          0          1          0          9          0   (incl. Padding)

    ----------------------------------------------------------------------

      Code (inc. data)   RO Data    RW Data    ZI Data      Debug   Library Member Name

        58          0          0          0          0          0   __dczerorl.o
         8          0          0          0          0         68   __main.o
         0          0          0          0          0          0   __rtentry.o
        12          0          0          0          0          0   __rtentry2.o
         6          0          0          0          0          0   __rtentry4.o
        52          8          0          0          0          0   __scatter.o
        28          0          0          0          0          0   __scatter_zi.o
        18          0          0          0          0         80   exit.o
         6          0          0          0          0        152   heapauxi.o
         0          0          0          0          0          0   indicate_semi.o
         2          0          0          0          0          0   libinit.o
         6          0          0          0          0          0   libinit2.o
         2          0          0          0          0          0   libshutdown.o
         2          0          0          0          0          0   libshutdown2.o
         8          4          0          0         96         68   libspace.o
         2          0          0          0          0          0   rtexit.o
        10          0          0          0          0          0   rtexit2.o
        12          4          0          0          0         68   sys_exit.o
        74          0          0          0          0         80   sys_stackheap_outer.o
         2          0          0          0          0         68   use_no_semi.o
        26          0          0          0          0        116   fpinit.o

    ----------------------------------------------------------------------
       342         16          0          0         96        700   Library Totals
         8          0          0          0          0          0   (incl. Padding)

    ----------------------------------------------------------------------

      Code (inc. data)   RO Data    RW Data    ZI Data      Debug   Library Name

       308         16          0          0         96        584   c_w.l
        26          0          0          0          0        116   fz_wm.l

    ----------------------------------------------------------------------
       342         16          0          0         96        700   Library Totals

    ----------------------------------------------------------------------

==============================================================================


      Code (inc. data)   RO Data    RW Data    ZI Data      Debug   

      7516        150        468        352       2320      88901   Grand Totals
      7516        150        468        120       2320      88901   ELF Image Totals (compressed)
      7516        150        468        120          0          0   ROM Totals

==============================================================================

    Total RO  Size (Code + RO Data)                 7984 (   7.80kB)
    Total RW  Size (RW Data + ZI Data)              2672 (   2.61kB)
    Total ROM Size (Code + RO Data + RW Data)       8104 (   7.91kB)

==============================================================================

