Archive member included to satisfy reference by file (symbol)

/usr/lib/gcc/arm-none-eabi/10.3.1/../../../arm-none-eabi/lib/thumb/v7e-m+fp/hard/libc_nano.a(lib_a-atexit.o)
                              /usr/lib/gcc/arm-none-eabi/10.3.1/../../../arm-none-eabi/lib/thumb/v7e-m+fp/hard/crt0.o (atexit)
/usr/lib/gcc/arm-none-eabi/10.3.1/../../../arm-none-eabi/lib/thumb/v7e-m+fp/hard/libc_nano.a(lib_a-exit.o)
                              /usr/lib/gcc/arm-none-eabi/10.3.1/../../../arm-none-eabi/lib/thumb/v7e-m+fp/hard/crt0.o (exit)
/usr/lib/gcc/arm-none-eabi/10.3.1/../../../arm-none-eabi/lib/thumb/v7e-m+fp/hard/libc_nano.a(lib_a-fini.o)
                              /usr/lib/gcc/arm-none-eabi/10.3.1/../../../arm-none-eabi/lib/thumb/v7e-m+fp/hard/crt0.o (__libc_fini_array)
/usr/lib/gcc/arm-none-eabi/10.3.1/../../../arm-none-eabi/lib/thumb/v7e-m+fp/hard/libc_nano.a(lib_a-impure.o)
                              /usr/lib/gcc/arm-none-eabi/10.3.1/../../../arm-none-eabi/lib/thumb/v7e-m+fp/hard/libc_nano.a(lib_a-exit.o) (_global_impure_ptr)
/usr/lib/gcc/arm-none-eabi/10.3.1/../../../arm-none-eabi/lib/thumb/v7e-m+fp/hard/libc_nano.a(lib_a-init.o)
                              /usr/lib/gcc/arm-none-eabi/10.3.1/../../../arm-none-eabi/lib/thumb/v7e-m+fp/hard/crt0.o (__libc_init_array)
/usr/lib/gcc/arm-none-eabi/10.3.1/../../../arm-none-eabi/lib/thumb/v7e-m+fp/hard/libc_nano.a(lib_a-memset.o)
                              /usr/lib/gcc/arm-none-eabi/10.3.1/../../../arm-none-eabi/lib/thumb/v7e-m+fp/hard/crt0.o (memset)
/usr/lib/gcc/arm-none-eabi/10.3.1/../../../arm-none-eabi/lib/thumb/v7e-m+fp/hard/libc_nano.a(lib_a-__atexit.o)
                              /usr/lib/gcc/arm-none-eabi/10.3.1/../../../arm-none-eabi/lib/thumb/v7e-m+fp/hard/libc_nano.a(lib_a-atexit.o) (__register_exitproc)
/usr/lib/gcc/arm-none-eabi/10.3.1/../../../arm-none-eabi/lib/thumb/v7e-m+fp/hard/libc_nano.a(lib_a-__call_atexit.o)
                              /usr/lib/gcc/arm-none-eabi/10.3.1/../../../arm-none-eabi/lib/thumb/v7e-m+fp/hard/libc_nano.a(lib_a-__atexit.o) (__call_exitprocs)
/usr/lib/gcc/arm-none-eabi/10.3.1/../../../arm-none-eabi/lib/thumb/v7e-m+fp/hard/libnosys.a(_exit.o)
                              /usr/lib/gcc/arm-none-eabi/10.3.1/../../../arm-none-eabi/lib/thumb/v7e-m+fp/hard/libc_nano.a(lib_a-exit.o) (_exit)

Discarded input sections

 .text          0x0000000000000000        0x0 /usr/lib/gcc/arm-none-eabi/10.3.1/thumb/v7e-m+fp/hard/crti.o
 .data          0x0000000000000000        0x0 /usr/lib/gcc/arm-none-eabi/10.3.1/thumb/v7e-m+fp/hard/crti.o
 .bss           0x0000000000000000        0x0 /usr/lib/gcc/arm-none-eabi/10.3.1/thumb/v7e-m+fp/hard/crti.o
 .data          0x0000000000000000        0x4 /usr/lib/gcc/arm-none-eabi/10.3.1/thumb/v7e-m+fp/hard/crtbegin.o
 .rodata        0x0000000000000000       0x24 /usr/lib/gcc/arm-none-eabi/10.3.1/thumb/v7e-m+fp/hard/crtbegin.o
 .text          0x0000000000000000       0x70 /usr/lib/gcc/arm-none-eabi/10.3.1/../../../arm-none-eabi/lib/thumb/v7e-m+fp/hard/crt0.o
 .data          0x0000000000000000        0x0 /usr/lib/gcc/arm-none-eabi/10.3.1/../../../arm-none-eabi/lib/thumb/v7e-m+fp/hard/crt0.o
 .bss           0x0000000000000000        0x0 /usr/lib/gcc/arm-none-eabi/10.3.1/../../../arm-none-eabi/lib/thumb/v7e-m+fp/hard/crt0.o
 .ARM.extab     0x0000000000000000        0x0 /usr/lib/gcc/arm-none-eabi/10.3.1/../../../arm-none-eabi/lib/thumb/v7e-m+fp/hard/crt0.o
 .ARM.exidx     0x0000000000000000       0x10 /usr/lib/gcc/arm-none-eabi/10.3.1/../../../arm-none-eabi/lib/thumb/v7e-m+fp/hard/crt0.o
 .debug_line    0x0000000000000000       0x87 /usr/lib/gcc/arm-none-eabi/10.3.1/../../../arm-none-eabi/lib/thumb/v7e-m+fp/hard/crt0.o
 .debug_info    0x0000000000000000       0x26 /usr/lib/gcc/arm-none-eabi/10.3.1/../../../arm-none-eabi/lib/thumb/v7e-m+fp/hard/crt0.o
 .debug_abbrev  0x0000000000000000       0x14 /usr/lib/gcc/arm-none-eabi/10.3.1/../../../arm-none-eabi/lib/thumb/v7e-m+fp/hard/crt0.o
 .debug_aranges
                0x0000000000000000       0x20 /usr/lib/gcc/arm-none-eabi/10.3.1/../../../arm-none-eabi/lib/thumb/v7e-m+fp/hard/crt0.o
 .debug_str     0x0000000000000000       0x98 /usr/lib/gcc/arm-none-eabi/10.3.1/../../../arm-none-eabi/lib/thumb/v7e-m+fp/hard/crt0.o
 .ARM.attributes
                0x0000000000000000       0x1c /usr/lib/gcc/arm-none-eabi/10.3.1/../../../arm-none-eabi/lib/thumb/v7e-m+fp/hard/crt0.o
 .text          0x0000000000000000        0x0 build/app.o
 .data          0x0000000000000000        0x0 build/app.o
 .bss           0x0000000000000000        0x0 build/app.o
 .bss.timer_prescaler
                0x0000000000000000        0x1 build/app.o
 .text          0x0000000000000000        0x0 build/gd32e10x_it.o
 .data          0x0000000000000000        0x0 build/gd32e10x_it.o
 .bss           0x0000000000000000        0x0 build/gd32e10x_it.o
 .text          0x0000000000000000        0x0 build/custom_hid_core.o
 .data          0x0000000000000000        0x0 build/custom_hid_core.o
[...]
Memory Configuration

Name             Origin             Length             Attributes
RAM              0x0000000020000000 0x0000000000008000 xrw
FLASH            0x0000000008000000 0x0000000000020000 xr
*default*        0x0000000000000000 0xffffffffffffffff

Linker script and memory map

LOAD /usr/lib/gcc/arm-none-eabi/10.3.1/thumb/v7e-m+fp/hard/crti.o
LOAD /usr/lib/gcc/arm-none-eabi/10.3.1/thumb/v7e-m+fp/hard/crtbegin.o
LOAD /usr/lib/gcc/arm-none-eabi/10.3.1/../../../arm-none-eabi/lib/thumb/v7e-m+fp/hard/crt0.o
LOAD build/app.o
LOAD build/gd32e10x_it.o
LOAD build/custom_hid_core.o
LOAD build/delay.o
LOAD build/system_gd32e10x.o
LOAD build/gd32e10x_adc.o
LOAD build/gd32e10x_bkp.o
LOAD build/gd32e10x_can.o
LOAD build/gd32e10x_crc.o
LOAD build/gd32e10x_ctc.o
LOAD build/gd32e10x_dac.o
LOAD build/gd32e10x_dbg.o
LOAD build/gd32e10x_dma.o
LOAD build/gd32e10x_exmc.o
LOAD build/gd32e10x_exti.o
LOAD build/gd32e10x_fmc.o
LOAD build/gd32e10x_fwdgt.o
LOAD build/gd32e10x_gpio.o
LOAD build/gd32e10x_i2c.o
LOAD build/gd32e10x_misc.o
LOAD build/gd32e10x_pmu.o
LOAD build/gd32e10x_rcu.o
LOAD build/gd32e10x_rtc.o
LOAD build/gd32e10x_spi.o
LOAD build/gd32e10x_timer.o
LOAD build/gd32e10x_usart.o
LOAD build/gd32e10x_wwdgt.o
LOAD build/usb_core.o
LOAD build/usbd_core.o
LOAD build/usbd_int.o
LOAD build/usbd_std.o
LOAD build/startup_gd32e10x_gcc.o
LOAD /usr/lib/gcc/arm-none-eabi/10.3.1/../../../arm-none-eabi/lib/thumb/v7e-m+fp/hard/libc_nano.a
LOAD /usr/lib/gcc/arm-none-eabi/10.3.1/../../../arm-none-eabi/lib/thumb/v7e-m+fp/hard/libm.a
LOAD /usr/lib/gcc/arm-none-eabi/10.3.1/../../../arm-none-eabi/lib/thumb/v7e-m+fp/hard/libnosys.a
START GROUP
LOAD /usr/lib/gcc/arm-none-eabi/10.3.1/thumb/v7e-m+fp/hard/libgcc.a
LOAD /usr/lib/gcc/arm-none-eabi/10.3.1/../../../arm-none-eabi/lib/thumb/v7e-m+fp/hard/libc_nano.a
END GROUP
START GROUP
LOAD /usr/lib/gcc/arm-none-eabi/10.3.1/thumb/v7e-m+fp/hard/libgcc.a
LOAD /usr/lib/gcc/arm-none-eabi/10.3.1/../../../arm-none-eabi/lib/thumb/v7e-m+fp/hard/libc_nano.a
END GROUP
LOAD /usr/lib/gcc/arm-none-eabi/10.3.1/thumb/v7e-m+fp/hard/crtend.o
LOAD /usr/lib/gcc/arm-none-eabi/10.3.1/thumb/v7e-m+fp/hard/crtn.o
                0x0000000020008000                _estack = (ORIGIN (RAM) + LENGTH (RAM))
                0x0000000000000400                _Min_Heap_Size = 0x400
                0x0000000000000400                _Min_Stack_Size = 0x400

.isr_vector     0x0000000008000000      0x150
                0x0000000008000000                . = ALIGN (0x4)
 *(.isr_vector)
 .isr_vector    0x0000000008000000      0x150 build/startup_gd32e10x_gcc.o
                0x0000000008000000                g_pfnVectors
                0x0000000008000150                . = ALIGN (0x4)

.text           0x0000000008000150     0x1c50
                0x0000000008000150                . = ALIGN (0x4)
 *(.text)
 .text          0x0000000008000150       0x88 /usr/lib/gcc/arm-none-eabi/10.3.1/thumb/v7e-m+fp/hard/crtbegin.o
 .text          0x00000000080001d8       0x48 /usr/lib/gcc/arm-none-eabi/10.3.1/../../../arm-none-eabi/lib/thumb/v7e-m+fp/hard/libc_nano.a(lib_a-init.o)
                0x00000000080001d8                __libc_init_array
 *(.text*)
 .text.usb_clock_config
                0x0000000008000220       0x6c build/app.o
                0x0000000008000220                usb_clock_config
 .text.usb_interrupt_config
                0x000000000800028c       0x16 build/app.o
                0x000000000800028c                usb_interrupt_config
 *fill*         0x00000000080002a2        0x2 
 .text.led_config
                0x00000000080002a4       0x2c build/app.o
                0x00000000080002a4                led_config
 .text.main     0x00000000080002d0       0x4c build/app.o
                0x00000000080002d0                main
 .text.NMI_Handler
                0x000000000800031c        0x2 build/gd32e10x_it.o
                0x000000000800031c                NMI_Handler
 .text.HardFault_Handler
                0x000000000800031e        0x2 build/gd32e10x_it.o
                0x000000000800031e                HardFault_Handler
 .text.MemManage_Handler
                0x0000000008000320        0x2 build/gd32e10x_it.o
                0x0000000008000320                MemManage_Handler
 .text.BusFault_Handler
                0x0000000008000322        0x2 build/gd32e10x_it.o
                0x0000000008000322                BusFault_Handler
 .text.UsageFault_Handler
                0x0000000008000324        0x2 build/gd32e10x_it.o
                0x0000000008000324                UsageFault_Handler
 .text.SVC_Handler
                0x0000000008000326        0x2 build/gd32e10x_it.o
                0x0000000008000326                SVC_Handler
 .text.DebugMon_Handler
                0x0000000008000328        0x2 build/gd32e10x_it.o
                0x0000000008000328                DebugMon_Handler
 .text.PendSV_Handler
                0x000000000800032a        0x2 build/gd32e10x_it.o
                0x000000000800032a                PendSV_Handler
 .text.SysTick_Handler
                0x000000000800032c        0x2 build/gd32e10x_it.o
                0x000000000800032c                SysTick_Handler
 *fill*         0x000000000800032e        0x2 
 .text.EXTI0_IRQHandler
                0x0000000008000330       0x1c build/gd32e10x_it.o
                0x0000000008000330                EXTI0_IRQHandler
 .text.EXTI10_15_IRQHandler
                0x000000000800034c       0x20 build/gd32e10x_it.o
                0x000000000800034c                EXTI10_15_IRQHandler
 .text.USBFS_IRQHandler
                0x000000000800036c       0x10 build/gd32e10x_it.o
                0x000000000800036c                USBFS_IRQHandler
 .text.USBFS_WKUP_IRQHandler
                0x000000000800037c       0x38 build/gd32e10x_it.o
                0x000000000800037c                USBFS_WKUP_IRQHandler
 .text.TIMER0_UP_TIMER9_IRQHandler
                0x00000000080003b4        0x2 build/gd32e10x_it.o
                0x00000000080003b4                TIMER0_UP_TIMER9_IRQHandler
 *fill*         0x00000000080003b6        0x2 
 .text.custom_hid_init
                0x00000000080003b8       0x30 build/custom_hid_core.o
                0x00000000080003b8                custom_hid_init
 .text.custom_hid_deinit
                0x00000000080003e8       0x16 build/custom_hid_core.o
                0x00000000080003e8                custom_hid_deinit
 *fill*         0x00000000080003fe        0x2 
 .text.custom_hid_req_handler
                0x0000000008000400       0xec build/custom_hid_core.o
                0x0000000008000400                custom_hid_req_handler
 .text.custom_hid_data_handler
                0x00000000080004ec       0x90 build/custom_hid_core.o
                0x00000000080004ec                custom_hid_data_handler
 .text.delayMicroseconds
                0x000000000800057c       0x8e build/delay.o
                0x000000000800057c                delayMicroseconds
 .text.delay    0x000000000800060a       0x1c build/delay.o
                0x000000000800060a                delay
 *fill*         0x0000000008000626        0x2 
 .text.SystemInit
                0x0000000008000628       0xe0 build/system_gd32e10x.o
                0x0000000008000628                SystemInit
 .text.exti_interrupt_flag_get
                0x0000000008000708       0x20 build/gd32e10x_exti.o
                0x0000000008000708                exti_interrupt_flag_get
 .text.exti_interrupt_flag_clear
                0x0000000008000728        0xc build/gd32e10x_exti.o
                0x0000000008000728                exti_interrupt_flag_clear
 .text.gpio_init
                0x0000000008000734       0xa0 build/gd32e10x_gpio.o
                0x0000000008000734                gpio_init
 .text.gpio_bit_set
                0x00000000080007d4        0x4 build/gd32e10x_gpio.o
                0x00000000080007d4                gpio_bit_set
 .text.gpio_bit_reset
                0x00000000080007d8        0x4 build/gd32e10x_gpio.o
                0x00000000080007d8                gpio_bit_reset
 .text.nvic_priority_group_set
                0x00000000080007dc       0x14 build/gd32e10x_misc.o
                0x00000000080007dc                nvic_priority_group_set
 .text.nvic_irq_enable
                0x00000000080007f0       0xa0 build/gd32e10x_misc.o
                0x00000000080007f0                nvic_irq_enable
 .text.nvic_vector_table_set
                0x0000000008000890       0x14 build/gd32e10x_misc.o
                0x0000000008000890                nvic_vector_table_set
 .text.pmu_to_deepsleepmode
                0x00000000080008a4       0xa4 build/gd32e10x_pmu.o
                0x00000000080008a4                pmu_to_deepsleepmode
 .text.rcu_periph_clock_enable
                0x0000000008000948       0x1c build/gd32e10x_rcu.o
                0x0000000008000948                rcu_periph_clock_enable
 .text.rcu_usb_clock_config
                0x0000000008000964       0x14 build/gd32e10x_rcu.o
                0x0000000008000964                rcu_usb_clock_config
 .text.rcu_clock_freq_get
                0x0000000008000978      0x128 build/gd32e10x_rcu.o
                0x0000000008000978                rcu_clock_freq_get
 .text.usb_fifo_write
                0x0000000008000aa0       0x26 build/usb_core.o
                0x0000000008000aa0                usb_fifo_write
 *fill*         0x0000000008000ac6        0x2 
 .text.usb_fifo_read
                0x0000000008000ac8       0x38 build/usb_core.o
                0x0000000008000ac8                usb_fifo_read
 .text.usb_core_select
                0x0000000008000b00       0x28 build/usb_core.o
                0x0000000008000b00                usb_core_select
 .text.usb_core_init
                0x0000000008000b28       0x68 build/usb_core.o
                0x0000000008000b28                usb_core_init
 .text.usb_txfifo_flush
                0x0000000008000b90       0x3c build/usb_core.o
                0x0000000008000b90                usb_txfifo_flush
 .text.usb_rxfifo_flush
                0x0000000008000bcc       0x30 build/usb_core.o
                0x0000000008000bcc                usb_rxfifo_flush
 .text.usb_mode_set
                0x0000000008000bfc       0x40 build/usb_core.o
                0x0000000008000bfc                usb_mode_set
 .text.usb_devcore_init
                0x0000000008000c3c      0x174 build/usb_core.o
                0x0000000008000c3c                usb_devcore_init
 .text.usb_ep0_startout
                0x0000000008000db0       0x44 build/usb_core.o
                0x0000000008000db0                usb_ep0_startout
 .text.usb_clock_ungate
                0x0000000008000df4       0x3a build/usb_core.o
                0x0000000008000df4                usb_clock_ungate
 .text.usbd_init
                0x0000000008000e2e       0x6a build/usbd_core.o
                0x0000000008000e2e                usbd_init
 .text.usbd_ep_init
                0x0000000008000e98       0xbc build/usbd_core.o
                0x0000000008000e98                usbd_ep_init
 .text.usbd_ep_deinit
                0x0000000008000f54       0x48 build/usbd_core.o
                0x0000000008000f54                usbd_ep_deinit
 .text.usbd_ep_rx
                0x0000000008000f9c       0xb6 build/usbd_core.o
                0x0000000008000f9c                usbd_ep_rx
 *fill*         0x0000000008001052        0x2 
 .text.usbd_ep_tx
                0x0000000008001054      0x118 build/usbd_core.o
                0x0000000008001054                usbd_ep_tx
 .text.usbd_ctltx
                0x000000000800116c       0x18 build/usbd_core.o
                0x000000000800116c                usbd_ctltx
 .text.usbd_ctlrx
                0x0000000008001184       0x18 build/usbd_core.o
                0x0000000008001184                usbd_ctlrx
 .text.usbd_ctlstatus_tx
                0x000000000800119c       0x1c build/usbd_core.o
                0x000000000800119c                usbd_ctlstatus_tx
 .text.usbd_ctlstatus_rx
                0x00000000080011b8       0x1c build/usbd_core.o
                0x00000000080011b8                usbd_ctlstatus_rx
 .text.usbd_ep_stall
                0x00000000080011d4       0x4e build/usbd_core.o
                0x00000000080011d4                usbd_ep_stall
 .text.usbd_ep_clear_stall
                0x0000000008001222       0x82 build/usbd_core.o
                0x0000000008001222                usbd_ep_clear_stall
 .text.usbd_isr
                0x00000000080012a4      0x614 build/usbd_int.o
                0x00000000080012a4                usbd_isr
 .text.usbd_reserved
                0x00000000080018b8        0x2 build/usbd_std.o
 .text.usbd_device_descriptor_get
                0x00000000080018ba        0xe build/usbd_std.o
 .text.usbd_configuration_descriptor_get
                0x00000000080018c8        0xe build/usbd_std.o
 .text.usbd_string_descriptor_get
                0x00000000080018d6        0xe build/usbd_std.o
 .text.usbd_getstatus
                0x00000000080018e4        0x2 build/usbd_std.o
 .text.usbd_setdescriptor
                0x00000000080018e6        0x2 build/usbd_std.o
 .text.usbd_getinterface
                0x00000000080018e8        0xa build/usbd_std.o
 .text.usbd_setinterface
                0x00000000080018f2        0xa build/usbd_std.o
 .text.usbd_synchframe
                0x00000000080018fc        0x2 build/usbd_std.o
 .text.usbd_out_transaction
                0x00000000080018fe       0x62 build/usbd_std.o
                0x00000000080018fe                usbd_out_transaction
 .text.usbd_in_transaction
                0x0000000008001960       0x94 build/usbd_std.o
                0x0000000008001960                usbd_in_transaction
 .text.usbd_enum_error
                0x00000000080019f4       0x1a build/usbd_std.o
                0x00000000080019f4                usbd_enum_error
 *fill*         0x0000000008001a0e        0x2 
 .text.usbd_setconfig
                0x0000000008001a10       0x78 build/usbd_std.o
 .text.usbd_getconfig
                0x0000000008001a88       0x40 build/usbd_std.o
 .text.usbd_getdescriptor
                0x0000000008001ac8       0x7c build/usbd_std.o
 .text.usbd_setaddress
                0x0000000008001b44       0x4a build/usbd_std.o
 .text.usbd_setfeature
                0x0000000008001b8e       0x4e build/usbd_std.o
 .text.usbd_clrfeature
                0x0000000008001bdc       0x9a build/usbd_std.o
 *fill*         0x0000000008001c76        0x2 
 .text.usbd_setup_transaction
                0x0000000008001c78       0xbc build/usbd_std.o
                0x0000000008001c78                usbd_setup_transaction
 .text.Reset_Handler
                0x0000000008001d34       0x50 build/startup_gd32e10x_gcc.o
                0x0000000008001d34                Reset_Handler
 .text.Default_Handler
                0x0000000008001d84        0x2 build/startup_gd32e10x_gcc.o
                0x0000000008001d84                RTC_Alarm_IRQHandler
                0x0000000008001d84                EXTI2_IRQHandler
                0x0000000008001d84                TIMER2_IRQHandler
                0x0000000008001d84                TIMER5_IRQHandler
                0x0000000008001d84                LVD_IRQHandler
                0x0000000008001d84                CAN1_EWMC_IRQHandler
                0x0000000008001d84                TIMER7_UP_TIMER12_IRQHandler
                0x0000000008001d84                ADC0_1_IRQHandler
                0x0000000008001d84                EXTI3_IRQHandler
                0x0000000008001d84                TIMER0_TRG_CMT_TIMER10_IRQHandler
                0x0000000008001d84                TIMER3_IRQHandler
                0x0000000008001d84                DMA0_Channel6_IRQHandler
                0x0000000008001d84                I2C0_EV_IRQHandler
                0x0000000008001d84                CAN1_RX0_IRQHandler
                0x0000000008001d84                TIMER7_TRG_CMT_TIMER13_IRQHandler
                0x0000000008001d84                TIMER4_IRQHandler
                0x0000000008001d84                SPI1_IRQHandler
                0x0000000008001d84                DMA0_Channel0_IRQHandler
                0x0000000008001d84                TAMPER_IRQHandler
                0x0000000008001d84                TIMER0_BRK_TIMER8_IRQHandler
                0x0000000008001d84                DMA1_Channel0_IRQHandler
                0x0000000008001d84                TIMER7_BRK_TIMER11_IRQHandler
                0x0000000008001d84                TIMER6_IRQHandler
                0x0000000008001d84                DMA1_Channel4_IRQHandler
                0x0000000008001d84                DMA0_Channel3_IRQHandler
                0x0000000008001d84                I2C0_ER_IRQHandler
                0x0000000008001d84                RTC_IRQHandler
                0x0000000008001d84                CAN1_RX1_IRQHandler
                0x0000000008001d84                DMA0_Channel2_IRQHandler
                0x0000000008001d84                USART0_IRQHandler
                0x0000000008001d84                TIMER1_IRQHandler
                0x0000000008001d84                I2C1_EV_IRQHandler
                0x0000000008001d84                UART4_IRQHandler
                0x0000000008001d84                DMA1_Channel1_IRQHandler
                0x0000000008001d84                Default_Handler
                0x0000000008001d84                TIMER7_Channel_IRQHandler
                0x0000000008001d84                CAN0_TX_IRQHandler
                0x0000000008001d84                WWDGT_IRQHandler
                0x0000000008001d84                EXMC_IRQHandler
                0x0000000008001d84                SPI2_IRQHandler
                0x0000000008001d84                CAN1_TX_IRQHandler
                0x0000000008001d84                RCU_CTC_IRQHandler
                0x0000000008001d84                EXTI4_IRQHandler
                0x0000000008001d84                CAN0_RX1_IRQHandler
                0x0000000008001d84                DMA0_Channel5_IRQHandler
                0x0000000008001d84                DMA1_Channel3_IRQHandler
                0x0000000008001d84                EXTI5_9_IRQHandler
                0x0000000008001d84                DMA0_Channel1_IRQHandler
                0x0000000008001d84                TIMER0_Channel_IRQHandler
                0x0000000008001d84                EXTI1_IRQHandler
                0x0000000008001d84                SPI0_IRQHandler
                0x0000000008001d84                USART2_IRQHandler
                0x0000000008001d84                CAN0_EWMC_IRQHandler
                0x0000000008001d84                CAN0_RX0_IRQHandler
                0x0000000008001d84                DMA1_Channel2_IRQHandler
                0x0000000008001d84                USART1_IRQHandler
                0x0000000008001d84                UART3_IRQHandler
                0x0000000008001d84                I2C1_ER_IRQHandler
                0x0000000008001d84                FMC_IRQHandler
                0x0000000008001d84                DMA0_Channel4_IRQHandler
 *(.glue_7)
 .glue_7        0x0000000008001d86        0x0 linker stubs
 *(.glue_7t)
 .glue_7t       0x0000000008001d86        0x0 linker stubs
 *(.eh_frame)
 *fill*         0x0000000008001d86        0x2 
 .eh_frame      0x0000000008001d88        0x0 /usr/lib/gcc/arm-none-eabi/10.3.1/thumb/v7e-m+fp/hard/crtbegin.o
 *(.init)
 .init          0x0000000008001d88        0x4 /usr/lib/gcc/arm-none-eabi/10.3.1/thumb/v7e-m+fp/hard/crti.o
                0x0000000008001d88                _init
 .init          0x0000000008001d8c        0x8 /usr/lib/gcc/arm-none-eabi/10.3.1/thumb/v7e-m+fp/hard/crtn.o
 *(.fini)
 .fini          0x0000000008001d94        0x4 /usr/lib/gcc/arm-none-eabi/10.3.1/thumb/v7e-m+fp/hard/crti.o
                0x0000000008001d94                _fini
 .fini          0x0000000008001d98        0x8 /usr/lib/gcc/arm-none-eabi/10.3.1/thumb/v7e-m+fp/hard/crtn.o
                0x0000000008001da0                . = ALIGN (0x4)
                0x0000000008001da0                _etext = .

.vfp11_veneer   0x0000000008001da0        0x0
 .vfp11_veneer  0x0000000008001da0        0x0 linker stubs

.v4_bx          0x0000000008001da0        0x0
 .v4_bx         0x0000000008001da0        0x0 linker stubs

.iplt           0x0000000008001da0        0x0
 .iplt          0x0000000008001da0        0x0 /usr/lib/gcc/arm-none-eabi/10.3.1/thumb/v7e-m+fp/hard/crtbegin.o

.rodata         0x0000000008001da0       0xc8
                0x0000000008001da0                . = ALIGN (0x4)
 *(.rodata)
 .rodata        0x0000000008001da0       0x18 build/gd32e10x_rcu.o
 *(.rodata*)
 .rodata.configuration_descriptor
                0x0000000008001db8       0x29 build/custom_hid_core.o
                0x0000000008001db8                configuration_descriptor
 *fill*         0x0000000008001de1        0x3 
 .rodata.customhid_report_descriptor
                0x0000000008001de4       0x1c build/custom_hid_core.o
                0x0000000008001de4                customhid_report_descriptor
 .rodata.device_descripter
                0x0000000008001e00       0x12 build/custom_hid_core.o
                0x0000000008001e00                device_descripter
 *fill*         0x0000000008001e12        0x2 
 .rodata.usbd_language_id_desc
                0x0000000008001e14        0x4 build/custom_hid_core.o
                0x0000000008001e14                usbd_language_id_desc
 .rodata.USBFS_TX_FIFO_SIZE
                0x0000000008001e18        0x8 build/usb_core.o
 .rodata.EP0_MAXLEN
                0x0000000008001e20        0x4 build/usbd_int.o
 .rodata.USB_SPEED
                0x0000000008001e24        0x4 build/usbd_int.o
 .rodata.StandardDeviceRequest
                0x0000000008001e28       0x34 build/usbd_std.o
 .rodata.standard_descriptor_get
                0x0000000008001e5c        0xc build/usbd_std.o
                0x0000000008001e68                . = ALIGN (0x4)

.rel.dyn        0x0000000008001e68        0x0
 .rel.iplt      0x0000000008001e68        0x0 /usr/lib/gcc/arm-none-eabi/10.3.1/thumb/v7e-m+fp/hard/crtbegin.o

.ARM.extab      0x0000000008001e68        0x0
                0x0000000008001e68                . = ALIGN (0x4)
 *(.ARM.extab* .gnu.linkonce.armextab.*)
                0x0000000008001e68                . = ALIGN (0x4)

.ARM            0x0000000008001e68        0x0
                0x0000000008001e68                . = ALIGN (0x4)
                0x0000000008001e68                __exidx_start = .
 *(.ARM.exidx*)
                0x0000000008001e68                __exidx_end = .
                0x0000000008001e68                . = ALIGN (0x4)

.preinit_array  0x0000000008001e68        0x0
                0x0000000008001e68                . = ALIGN (0x4)
                0x0000000008001e68                PROVIDE (__preinit_array_start = .)
 *(.preinit_array*)
                0x0000000008001e68                PROVIDE (__preinit_array_end = .)
                0x0000000008001e68                . = ALIGN (0x4)

.init_array     0x0000000008001e68        0x4
                0x0000000008001e68                . = ALIGN (0x4)
                0x0000000008001e68                PROVIDE (__init_array_start = .)
 *(SORT_BY_NAME(.init_array.*))
 *(.init_array*)
 .init_array    0x0000000008001e68        0x4 /usr/lib/gcc/arm-none-eabi/10.3.1/thumb/v7e-m+fp/hard/crtbegin.o
                0x0000000008001e6c                PROVIDE (__init_array_end = .)
                0x0000000008001e6c                . = ALIGN (0x4)

.fini_array     0x0000000008001e6c        0x4
                0x0000000008001e6c                . = ALIGN (0x4)
                0x0000000008001e6c                PROVIDE (__fini_array_start = .)
 *(SORT_BY_NAME(.fini_array.*))
 *(.fini_array*)
 .fini_array    0x0000000008001e6c        0x4 /usr/lib/gcc/arm-none-eabi/10.3.1/thumb/v7e-m+fp/hard/crtbegin.o
                0x0000000008001e70                PROVIDE (__fini_array_end = .)
                0x0000000008001e70                . = ALIGN (0x4)
                0x0000000008001e70                _sidata = LOADADDR (.data)

.data           0x0000000020000000      0x1a8 load address 0x0000000008001e70
                0x0000000020000000                . = ALIGN (0x4)
                0x0000000020000000                _sdata = .
 *(.data)
 *(.data*)
 .data.usbhs_core_dev
                0x0000000020000000      0x100 build/app.o
                0x0000000020000000                usbhs_core_dev
 .data.__compound_literal.0
                0x0000000020000100       0x18 build/custom_hid_core.o
 .data.__compound_literal.1
                0x0000000020000118       0x28 build/custom_hid_core.o
 .data.__compound_literal.2
                0x0000000020000140       0x28 build/custom_hid_core.o
 .data.__compound_literal.3
                0x0000000020000168       0x14 build/custom_hid_core.o
 .data.__compound_literal.4
                0x000000002000017c       0x14 build/custom_hid_core.o
 .data.usbd_strings
                0x0000000020000190       0x18 build/custom_hid_core.o
                0x0000000020000190                usbd_strings
 *(.RamFunc)
 *(.RamFunc*)
                0x00000000200001a8                . = ALIGN (0x4)
                0x00000000200001a8                _edata = .

.tm_clone_table
                0x00000000200001a8        0x0 load address 0x0000000008002018
 .tm_clone_table
                0x00000000200001a8        0x0 /usr/lib/gcc/arm-none-eabi/10.3.1/thumb/v7e-m+fp/hard/crtbegin.o
 .tm_clone_table
                0x00000000200001a8        0x0 /usr/lib/gcc/arm-none-eabi/10.3.1/thumb/v7e-m+fp/hard/crtend.o

.igot.plt       0x00000000200001a8        0x0 load address 0x0000000008002018
 .igot.plt      0x00000000200001a8        0x0 /usr/lib/gcc/arm-none-eabi/10.3.1/thumb/v7e-m+fp/hard/crtbegin.o
                0x00000000200001a8                . = ALIGN (0x4)

.bss            0x00000000200001a8       0xcc load address 0x0000000008002018
                0x00000000200001a8                _sbss = .
                0x00000000200001a8                __bss_start__ = _sbss
 *(.bss)
 .bss           0x00000000200001a8       0x1c /usr/lib/gcc/arm-none-eabi/10.3.1/thumb/v7e-m+fp/hard/crtbegin.o
 *(.bss*)
 .bss.usbfs_prescaler
                0x00000000200001c4        0x4 build/app.o
                0x00000000200001c4                usbfs_prescaler
 .bss.flag      0x00000000200001c8        0x1 build/custom_hid_core.o
                0x00000000200001c8                flag
 *fill*         0x00000000200001c9        0x3 
 .bss.rxBuff    0x00000000200001cc       0x40 build/custom_hid_core.o
                0x00000000200001cc                rxBuff
 .bss.txBuff    0x000000002000020c       0x40 build/custom_hid_core.o
                0x000000002000020c                txBuff
 .bss.usbd_customhid_altset
                0x000000002000024c        0x4 build/custom_hid_core.o
 .bss.usbd_customhid_idlestate
                0x0000000020000250        0x4 build/custom_hid_core.o
 .bss.usbd_customhid_protocol
                0x0000000020000254        0x4 build/custom_hid_core.o
 .bss.usbd_customhid_report_id
                0x0000000020000258        0x1 build/custom_hid_core.o
                0x0000000020000258                usbd_customhid_report_id
 *fill*         0x0000000020000259        0x3 
 .bss.usbd_int_fops
                0x000000002000025c        0x4 build/custom_hid_core.o
                0x000000002000025c                usbd_int_fops
 .bss.reg_snap.0
                0x0000000020000260       0x10 build/gd32e10x_pmu.o
 .bss.cfgidx.0  0x0000000020000270        0x1 build/usbd_std.o
 *(COMMON)
                0x0000000020000274                . = ALIGN (0x4)
 *fill*         0x0000000020000271        0x3 
                0x0000000020000274                _ebss = .
                0x0000000020000274                __bss_end__ = _ebss

._user_heap_stack
                0x0000000020000274      0x804 load address 0x0000000008002018
                0x0000000020000278                . = ALIGN (0x8)
 *fill*         0x0000000020000274        0x4 
                [!provide]                        PROVIDE (end = .)
                [!provide]                        PROVIDE (_end = .)
                0x0000000020000678                . = (. + _Min_Heap_Size)
 *fill*         0x0000000020000278      0x400 
                0x0000000020000a78                . = (. + _Min_Stack_Size)
 *fill*         0x0000000020000678      0x400 
                0x0000000020000a78                . = ALIGN (0x8)

/DISCARD/

.ARM.attributes
                0x0000000000000000       0x30
 *(.ARM.attributes)
 .ARM.attributes
                0x0000000000000000       0x1e /usr/lib/gcc/arm-none-eabi/10.3.1/thumb/v7e-m+fp/hard/crti.o
 .ARM.attributes
                0x000000000000001e       0x34 /usr/lib/gcc/arm-none-eabi/10.3.1/thumb/v7e-m+fp/hard/crtbegin.o
 .ARM.attributes
                0x0000000000000052       0x34 build/app.o
 .ARM.attributes
                0x0000000000000086       0x34 build/gd32e10x_it.o
 .ARM.attributes
                0x00000000000000ba       0x34 build/custom_hid_core.o
 .ARM.attributes
                0x00000000000000ee       0x34 build/delay.o
 .ARM.attributes
                0x0000000000000122       0x34 build/system_gd32e10x.o
 .ARM.attributes
                0x0000000000000156       0x34 build/gd32e10x_exti.o
 .ARM.attributes
                0x000000000000018a       0x34 build/gd32e10x_gpio.o
 .ARM.attributes
                0x00000000000001be       0x34 build/gd32e10x_misc.o
 .ARM.attributes
                0x00000000000001f2       0x34 build/gd32e10x_pmu.o
 .ARM.attributes
                0x0000000000000226       0x34 build/gd32e10x_rcu.o
 .ARM.attributes
                0x000000000000025a       0x34 build/usb_core.o
 .ARM.attributes
                0x000000000000028e       0x34 build/usbd_core.o
 .ARM.attributes
                0x00000000000002c2       0x34 build/usbd_int.o
 .ARM.attributes
                0x00000000000002f6       0x34 build/usbd_std.o
 .ARM.attributes
                0x000000000000032a       0x21 build/startup_gd32e10x_gcc.o
 .ARM.attributes
                0x000000000000034b       0x34 /usr/lib/gcc/arm-none-eabi/10.3.1/../../../arm-none-eabi/lib/thumb/v7e-m+fp/hard/libc_nano.a(lib_a-init.o)
 .ARM.attributes
                0x000000000000037f       0x32 /usr/lib/gcc/arm-none-eabi/10.3.1/thumb/v7e-m+fp/hard/crtend.o
 .ARM.attributes
                0x00000000000003b1       0x1e /usr/lib/gcc/arm-none-eabi/10.3.1/thumb/v7e-m+fp/hard/crtn.o
OUTPUT(build/GS_master.elf elf32-littlearm)
LOAD linker stubs

.comment        0x0000000000000000       0x33
 .comment       0x0000000000000000       0x33 /usr/lib/gcc/arm-none-eabi/10.3.1/thumb/v7e-m+fp/hard/crtbegin.o
                                         0x34 (size before relaxing)
 .comment       0x0000000000000033       0x34 build/app.o
 .comment       0x0000000000000033       0x34 build/gd32e10x_it.o
 .comment       0x0000000000000033       0x34 build/custom_hid_core.o
 .comment       0x0000000000000033       0x34 build/delay.o
 .comment       0x0000000000000033       0x34 build/system_gd32e10x.o
 .comment       0x0000000000000033       0x34 build/gd32e10x_exti.o
 .comment       0x0000000000000033       0x34 build/gd32e10x_gpio.o
 .comment       0x0000000000000033       0x34 build/gd32e10x_misc.o
 .comment       0x0000000000000033       0x34 build/gd32e10x_pmu.o
 .comment       0x0000000000000033       0x34 build/gd32e10x_rcu.o
 .comment       0x0000000000000033       0x34 build/usb_core.o
 .comment       0x0000000000000033       0x34 build/usbd_core.o
 .comment       0x0000000000000033       0x34 build/usbd_int.o
 .comment       0x0000000000000033       0x34 build/usbd_std.o
 .comment       0x0000000000000033       0x34 /usr/lib/gcc/arm-none-eabi/10.3.1/../../../arm-none-eabi/lib/thumb/v7e-m+fp/hard/libc_nano.a(lib_a-init.o)
 .comment       0x0000000000000033       0x34 /usr/lib/gcc/arm-none-eabi/10.3.1/thumb/v7e-m+fp/hard/crtend.o

.debug_info     0x0000000000000000     0x84f2
 .debug_info    0x0000000000000000      0xcca build/app.o
 .debug_info    0x0000000000000cca      0x80b build/gd32e10x_it.o
 .debug_info    0x00000000000014d5      0xd72 build/custom_hid_core.o
 .debug_info    0x0000000000002247       0xd8 build/delay.o
 .debug_info    0x000000000000231f      0x3f0 build/system_gd32e10x.o
 .debug_info    0x000000000000270f      0x3a4 build/gd32e10x_exti.o
 .debug_info    0x0000000000002ab3      0x798 build/gd32e10x_gpio.o
 .debug_info    0x000000000000324b      0x584 build/gd32e10x_misc.o
 .debug_info    0x00000000000037cf      0x657 build/gd32e10x_pmu.o
 .debug_info    0x0000000000003e26     0x1128 build/gd32e10x_rcu.o
 .debug_info    0x0000000000004f4e      0x9cb build/usb_core.o
 .debug_info    0x0000000000005919      0xc0d build/usbd_core.o
 .debug_info    0x0000000000006526      0xd88 build/usbd_int.o
 .debug_info    0x00000000000072ae     0x1108 build/usbd_std.o
 .debug_info    0x00000000000083b6       0x22 build/startup_gd32e10x_gcc.o
 .debug_info    0x00000000000083d8      0x11a /usr/lib/gcc/arm-none-eabi/10.3.1/../../../arm-none-eabi/lib/thumb/v7e-m+fp/hard/libc_nano.a(lib_a-init.o)

.debug_abbrev   0x0000000000000000     0x1d55
 .debug_abbrev  0x0000000000000000      0x1e3 build/app.o
 .debug_abbrev  0x00000000000001e3      0x1ac build/gd32e10x_it.o
 .debug_abbrev  0x000000000000038f      0x23e build/custom_hid_core.o
 .debug_abbrev  0x00000000000005cd       0x9a build/delay.o
 .debug_abbrev  0x0000000000000667      0x1b0 build/system_gd32e10x.o
 .debug_abbrev  0x0000000000000817       0xfd build/gd32e10x_exti.o
 .debug_abbrev  0x0000000000000914      0x208 build/gd32e10x_gpio.o
 .debug_abbrev  0x0000000000000b1c      0x17c build/gd32e10x_misc.o
 .debug_abbrev  0x0000000000000c98      0x217 build/gd32e10x_pmu.o
 .debug_abbrev  0x0000000000000eaf      0x1f1 build/gd32e10x_rcu.o
 .debug_abbrev  0x00000000000010a0      0x311 build/usb_core.o
 .debug_abbrev  0x00000000000013b1      0x27e build/usbd_core.o
 .debug_abbrev  0x000000000000162f      0x2b8 build/usbd_int.o
 .debug_abbrev  0x00000000000018e7      0x390 build/usbd_std.o
 .debug_abbrev  0x0000000000001c77       0x12 build/startup_gd32e10x_gcc.o
 .debug_abbrev  0x0000000000001c89       0xcc /usr/lib/gcc/arm-none-eabi/10.3.1/../../../arm-none-eabi/lib/thumb/v7e-m+fp/hard/libc_nano.a(lib_a-init.o)

.debug_loc      0x0000000000000000     0x4a2d
 .debug_loc     0x0000000000000000       0x22 build/app.o
 .debug_loc     0x0000000000000022      0x606 build/custom_hid_core.o
 .debug_loc     0x0000000000000628       0x62 build/delay.o
 .debug_loc     0x000000000000068a      0x1e2 build/system_gd32e10x.o
 .debug_loc     0x000000000000086c      0x262 build/gd32e10x_exti.o
 .debug_loc     0x0000000000000ace      0x4d0 build/gd32e10x_gpio.o
 .debug_loc     0x0000000000000f9e      0x219 build/gd32e10x_misc.o
 .debug_loc     0x00000000000011b7       0x7c build/gd32e10x_pmu.o
 .debug_loc     0x0000000000001233      0xe8d build/gd32e10x_rcu.o
 .debug_loc     0x00000000000020c0      0x58f build/usb_core.o
 .debug_loc     0x000000000000264f      0xb68 build/usbd_core.o
 .debug_loc     0x00000000000031b7      0xbfb build/usbd_int.o
 .debug_loc     0x0000000000003db2      0xbc1 build/usbd_std.o
 .debug_loc     0x0000000000004973       0xba /usr/lib/gcc/arm-none-eabi/10.3.1/../../../arm-none-eabi/lib/thumb/v7e-m+fp/hard/libc_nano.a(lib_a-init.o)

.debug_aranges  0x0000000000000000      0x6c8
 .debug_aranges
                0x0000000000000000       0x38 build/app.o
 .debug_aranges
                0x0000000000000038       0x88 build/gd32e10x_it.o
 .debug_aranges
                0x00000000000000c0       0x38 build/custom_hid_core.o
 .debug_aranges
                0x00000000000000f8       0x28 build/delay.o
 .debug_aranges
                0x0000000000000120       0x28 build/system_gd32e10x.o
 .debug_aranges
                0x0000000000000148       0x78 build/gd32e10x_exti.o
 .debug_aranges
                0x00000000000001c0       0xb0 build/gd32e10x_gpio.o
 .debug_aranges
                0x0000000000000270       0x50 build/gd32e10x_misc.o
 .debug_aranges
                0x00000000000002c0       0x80 build/gd32e10x_pmu.o
 .debug_aranges
                0x0000000000000340      0x178 build/gd32e10x_rcu.o
 .debug_aranges
                0x00000000000004b8       0x78 build/usb_core.o
 .debug_aranges
                0x0000000000000530       0x80 build/usbd_core.o
 .debug_aranges
                0x00000000000005b0       0x20 build/usbd_int.o
 .debug_aranges
                0x00000000000005d0       0xb0 build/usbd_std.o
 .debug_aranges
                0x0000000000000680       0x28 build/startup_gd32e10x_gcc.o
 .debug_aranges
                0x00000000000006a8       0x20 /usr/lib/gcc/arm-none-eabi/10.3.1/../../../arm-none-eabi/lib/thumb/v7e-m+fp/hard/libc_nano.a(lib_a-init.o)

.debug_ranges   0x0000000000000000      0x6e0
 .debug_ranges  0x0000000000000000       0x28 build/app.o
 .debug_ranges  0x0000000000000028       0x78 build/gd32e10x_it.o
 .debug_ranges  0x00000000000000a0       0x28 build/custom_hid_core.o
 .debug_ranges  0x00000000000000c8       0x18 build/delay.o
 .debug_ranges  0x00000000000000e0       0x30 build/system_gd32e10x.o
 .debug_ranges  0x0000000000000110       0x68 build/gd32e10x_exti.o
 .debug_ranges  0x0000000000000178       0xa0 build/gd32e10x_gpio.o
 .debug_ranges  0x0000000000000218       0x58 build/gd32e10x_misc.o
 .debug_ranges  0x0000000000000270       0x70 build/gd32e10x_pmu.o
 .debug_ranges  0x00000000000002e0      0x168 build/gd32e10x_rcu.o
 .debug_ranges  0x0000000000000448       0x80 build/usb_core.o
 .debug_ranges  0x00000000000004c8       0x70 build/usbd_core.o
 .debug_ranges  0x0000000000000538       0xd0 build/usbd_int.o
 .debug_ranges  0x0000000000000608       0xb8 build/usbd_std.o
 .debug_ranges  0x00000000000006c0       0x20 build/startup_gd32e10x_gcc.o

.debug_line     0x0000000000000000     0x493a
 .debug_line    0x0000000000000000      0x28b build/app.o
 .debug_line    0x000000000000028b      0x320 build/gd32e10x_it.o
 .debug_line    0x00000000000005ab      0x336 build/custom_hid_core.o
 .debug_line    0x00000000000008e1      0x178 build/delay.o
 .debug_line    0x0000000000000a59      0x36b build/system_gd32e10x.o
 .debug_line    0x0000000000000dc4      0x342 build/gd32e10x_exti.o
 .debug_line    0x0000000000001106      0x64a build/gd32e10x_gpio.o
 .debug_line    0x0000000000001750      0x235 build/gd32e10x_misc.o
 .debug_line    0x0000000000001985      0x464 build/gd32e10x_pmu.o
 .debug_line    0x0000000000001de9      0xbc0 build/gd32e10x_rcu.o
 .debug_line    0x00000000000029a9      0x7ef build/usb_core.o
 .debug_line    0x0000000000003198      0x70e build/usbd_core.o
 .debug_line    0x00000000000038a6      0x7f7 build/usbd_int.o
 .debug_line    0x000000000000409d      0x6ed build/usbd_std.o
 .debug_line    0x000000000000478a       0x78 build/startup_gd32e10x_gcc.o
 .debug_line    0x0000000000004802      0x138 /usr/lib/gcc/arm-none-eabi/10.3.1/../../../arm-none-eabi/lib/thumb/v7e-m+fp/hard/libc_nano.a(lib_a-init.o)

.debug_str      0x0000000000000000     0x3030
 .debug_str     0x0000000000000000      0xe2a build/app.o
                                        0xe88 (size before relaxing)
 .debug_str     0x0000000000000e2a      0x1f2 build/gd32e10x_it.o
                                        0x803 (size before relaxing)
 .debug_str     0x000000000000101c      0x220 build/custom_hid_core.o
                                        0x991 (size before relaxing)
 .debug_str     0x000000000000123c       0x1a build/delay.o
                                        0x1d7 (size before relaxing)
 .debug_str     0x0000000000001256      0x127 build/system_gd32e10x.o
                                        0x2fa (size before relaxing)
 .debug_str     0x000000000000137d      0x1bc build/gd32e10x_exti.o
                                        0x43e (size before relaxing)
 .debug_str     0x0000000000001539      0x468 build/gd32e10x_gpio.o
                                        0x683 (size before relaxing)
 .debug_str     0x00000000000019a1      0x1a8 build/gd32e10x_misc.o
                                        0x403 (size before relaxing)
 .debug_str     0x0000000000001b49      0x193 build/gd32e10x_pmu.o
                                        0x60e (size before relaxing)
 .debug_str     0x0000000000001cdc      0x96e build/gd32e10x_rcu.o
                                        0xfec (size before relaxing)
 .debug_str     0x000000000000264a      0x1cc build/usb_core.o
                                        0x614 (size before relaxing)
 .debug_str     0x0000000000002816      0x184 build/usbd_core.o
                                        0x74b (size before relaxing)
 .debug_str     0x000000000000299a      0x2cc build/usbd_int.o
                                        0x783 (size before relaxing)
 .debug_str     0x0000000000002c66      0x231 build/usbd_std.o
                                        0x7d0 (size before relaxing)
 .debug_str     0x0000000000002e97       0x23 build/startup_gd32e10x_gcc.o
                                         0x7f (size before relaxing)
 .debug_str     0x0000000000002eba      0x176 /usr/lib/gcc/arm-none-eabi/10.3.1/../../../arm-none-eabi/lib/thumb/v7e-m+fp/hard/libc_nano.a(lib_a-init.o)
                                        0x20b (size before relaxing)

.debug_frame    0x0000000000000000      0xe20
 .debug_frame   0x0000000000000000       0x70 build/app.o
 .debug_frame   0x0000000000000070      0x110 build/gd32e10x_it.o
 .debug_frame   0x0000000000000180       0x8c build/custom_hid_core.o
 .debug_frame   0x000000000000020c       0x44 build/delay.o
 .debug_frame   0x0000000000000250       0x38 build/system_gd32e10x.o
 .debug_frame   0x0000000000000288       0xdc build/gd32e10x_exti.o
 .debug_frame   0x0000000000000364      0x174 build/gd32e10x_gpio.o
 .debug_frame   0x00000000000004d8       0x8c build/gd32e10x_misc.o
 .debug_frame   0x0000000000000564       0xf8 build/gd32e10x_pmu.o
 .debug_frame   0x000000000000065c      0x2f8 build/gd32e10x_rcu.o
 .debug_frame   0x0000000000000954      0x138 build/usb_core.o
 .debug_frame   0x0000000000000a8c      0x15c build/usbd_core.o
 .debug_frame   0x0000000000000be8       0x40 build/usbd_int.o
 .debug_frame   0x0000000000000c28      0x1cc build/usbd_std.o
 .debug_frame   0x0000000000000df4       0x2c /usr/lib/gcc/arm-none-eabi/10.3.1/../../../arm-none-eabi/lib/thumb/v7e-m+fp/hard/libc_nano.a(lib_a-init.o)

Cross Reference Table

Symbol                                            File
ADC0_1_IRQHandler                                 build/startup_gd32e10x_gcc.o
BusFault_Handler                                  build/gd32e10x_it.o
CAN0_EWMC_IRQHandler                              build/startup_gd32e10x_gcc.o
CAN0_RX0_IRQHandler                               build/startup_gd32e10x_gcc.o
CAN0_RX1_IRQHandler                               build/startup_gd32e10x_gcc.o
CAN0_TX_IRQHandler                                build/startup_gd32e10x_gcc.o
CAN1_EWMC_IRQHandler                              build/startup_gd32e10x_gcc.o
CAN1_RX0_IRQHandler                               build/startup_gd32e10x_gcc.o
CAN1_RX1_IRQHandler                               build/startup_gd32e10x_gcc.o
CAN1_TX_IRQHandler                                build/startup_gd32e10x_gcc.o
DMA0_Channel0_IRQHandler                          build/startup_gd32e10x_gcc.o
DMA0_Channel1_IRQHandler                          build/startup_gd32e10x_gcc.o
DMA0_Channel2_IRQHandler                          build/startup_gd32e10x_gcc.o
DMA0_Channel3_IRQHandler                          build/startup_gd32e10x_gcc.o
DMA0_Channel4_IRQHandler                          build/startup_gd32e10x_gcc.o
DMA0_Channel5_IRQHandler                          build/startup_gd32e10x_gcc.o
DMA0_Channel6_IRQHandler                          build/startup_gd32e10x_gcc.o
DMA1_Channel0_IRQHandler                          build/startup_gd32e10x_gcc.o
DMA1_Channel1_IRQHandler                          build/startup_gd32e10x_gcc.o
DMA1_Channel2_IRQHandler                          build/startup_gd32e10x_gcc.o
DMA1_Channel3_IRQHandler                          build/startup_gd32e10x_gcc.o
DMA1_Channel4_IRQHandler                          build/startup_gd32e10x_gcc.o
DebugMon_Handler                                  build/gd32e10x_it.o
Default_Handler                                   build/startup_gd32e10x_gcc.o
EXMC_IRQHandler                                   build/startup_gd32e10x_gcc.o
EXTI0_IRQHandler                                  build/gd32e10x_it.o
EXTI10_15_IRQHandler                              build/gd32e10x_it.o
EXTI1_IRQHandler                                  build/startup_gd32e10x_gcc.o
EXTI2_IRQHandler                                  build/startup_gd32e10x_gcc.o
EXTI3_IRQHandler                                  build/startup_gd32e10x_gcc.o
EXTI4_IRQHandler                                  build/startup_gd32e10x_gcc.o
EXTI5_9_IRQHandler                                build/startup_gd32e10x_gcc.o
FMC_IRQHandler                                    build/startup_gd32e10x_gcc.o
HardFault_Handler                                 build/gd32e10x_it.o
I2C0_ER_IRQHandler                                build/startup_gd32e10x_gcc.o
I2C0_EV_IRQHandler                                build/startup_gd32e10x_gcc.o
I2C1_ER_IRQHandler                                build/startup_gd32e10x_gcc.o
I2C1_EV_IRQHandler                                build/startup_gd32e10x_gcc.o
LVD_IRQHandler                                    build/startup_gd32e10x_gcc.o
MemManage_Handler                                 build/gd32e10x_it.o
NMI_Handler                                       build/gd32e10x_it.o
PendSV_Handler                                    build/gd32e10x_it.o
RCU_CTC_IRQHandler                                build/startup_gd32e10x_gcc.o
RTC_Alarm_IRQHandler                              build/startup_gd32e10x_gcc.o
RTC_IRQHandler                                    build/startup_gd32e10x_gcc.o
Reset_Handler                                     build/startup_gd32e10x_gcc.o
SPI0_IRQHandler                                   build/startup_gd32e10x_gcc.o
SPI1_IRQHandler                                   build/startup_gd32e10x_gcc.o
SPI2_IRQHandler                                   build/startup_gd32e10x_gcc.o
SVC_Handler                                       build/gd32e10x_it.o
SysTick_Handler                                   build/gd32e10x_it.o
SystemCoreClock                                   build/system_gd32e10x.o
SystemCoreClockUpdate                             build/system_gd32e10x.o
SystemInit                                        build/system_gd32e10x.o
                                                  build/startup_gd32e10x_gcc.o
                                                  build/gd32e10x_it.o
TAMPER_IRQHandler                                 build/startup_gd32e10x_gcc.o
TIMER0_BRK_TIMER8_IRQHandler                      build/startup_gd32e10x_gcc.o
TIMER0_Channel_IRQHandler                         build/startup_gd32e10x_gcc.o
TIMER0_TRG_CMT_TIMER10_IRQHandler                 build/startup_gd32e10x_gcc.o
TIMER0_UP_TIMER9_IRQHandler                       build/gd32e10x_it.o
TIMER1_IRQHandler                                 build/startup_gd32e10x_gcc.o
TIMER2_IRQHandler                                 build/startup_gd32e10x_gcc.o
TIMER3_IRQHandler                                 build/startup_gd32e10x_gcc.o
TIMER4_IRQHandler                                 build/startup_gd32e10x_gcc.o
TIMER5_IRQHandler                                 build/startup_gd32e10x_gcc.o
TIMER6_IRQHandler                                 build/startup_gd32e10x_gcc.o
TIMER7_BRK_TIMER11_IRQHandler                     build/startup_gd32e10x_gcc.o
TIMER7_Channel_IRQHandler                         build/startup_gd32e10x_gcc.o
TIMER7_TRG_CMT_TIMER13_IRQHandler                 build/startup_gd32e10x_gcc.o
TIMER7_UP_TIMER12_IRQHandler                      build/startup_gd32e10x_gcc.o
UART3_IRQHandler                                  build/startup_gd32e10x_gcc.o
UART4_IRQHandler                                  build/startup_gd32e10x_gcc.o
USART0_IRQHandler                                 build/startup_gd32e10x_gcc.o
USART1_IRQHandler                                 build/startup_gd32e10x_gcc.o
USART2_IRQHandler                                 build/startup_gd32e10x_gcc.o
USBFS_IRQHandler                                  build/gd32e10x_it.o
USBFS_WKUP_IRQHandler                             build/gd32e10x_it.o
UsageFault_Handler                                build/gd32e10x_it.o
WWDGT_IRQHandler                                  build/startup_gd32e10x_gcc.o
_ITM_deregisterTMCloneTable                       /usr/lib/gcc/arm-none-eabi/10.3.1/thumb/v7e-m+fp/hard/crtbegin.o
_ITM_registerTMCloneTable                         /usr/lib/gcc/arm-none-eabi/10.3.1/thumb/v7e-m+fp/hard/crtbegin.o
__TMC_END__                                       /usr/lib/gcc/arm-none-eabi/10.3.1/thumb/v7e-m+fp/hard/crtend.o
                                                  /usr/lib/gcc/arm-none-eabi/10.3.1/thumb/v7e-m+fp/hard/crtbegin.o
__atexit_dummy                                    /usr/lib/gcc/arm-none-eabi/10.3.1/../../../arm-none-eabi/lib/thumb/v7e-m+fp/hard/libc_nano.a(lib_a-__atexit.o)
__bss_end__                                       /usr/lib/gcc/arm-none-eabi/10.3.1/../../../arm-none-eabi/lib/thumb/v7e-m+fp/hard/crt0.o
__bss_start__                                     /usr/lib/gcc/arm-none-eabi/10.3.1/../../../arm-none-eabi/lib/thumb/v7e-m+fp/hard/crt0.o
__call_exitprocs                                  /usr/lib/gcc/arm-none-eabi/10.3.1/../../../arm-none-eabi/lib/thumb/v7e-m+fp/hard/libc_nano.a(lib_a-__call_atexit.o)
                                                  /usr/lib/gcc/arm-none-eabi/10.3.1/../../../arm-none-eabi/lib/thumb/v7e-m+fp/hard/libc_nano.a(lib_a-__atexit.o)
                                                  /usr/lib/gcc/arm-none-eabi/10.3.1/../../../arm-none-eabi/lib/thumb/v7e-m+fp/hard/libc_nano.a(lib_a-exit.o)
__deregister_frame_info                           /usr/lib/gcc/arm-none-eabi/10.3.1/thumb/v7e-m+fp/hard/crtbegin.o
__dso_handle                                      /usr/lib/gcc/arm-none-eabi/10.3.1/thumb/v7e-m+fp/hard/crtbegin.o
__fini_array_end                                  /usr/lib/gcc/arm-none-eabi/10.3.1/../../../arm-none-eabi/lib/thumb/v7e-m+fp/hard/libc_nano.a(lib_a-fini.o)
__fini_array_start                                /usr/lib/gcc/arm-none-eabi/10.3.1/../../../arm-none-eabi/lib/thumb/v7e-m+fp/hard/libc_nano.a(lib_a-fini.o)
__init_array_end                                  /usr/lib/gcc/arm-none-eabi/10.3.1/../../../arm-none-eabi/lib/thumb/v7e-m+fp/hard/libc_nano.a(lib_a-init.o)
__init_array_start                                /usr/lib/gcc/arm-none-eabi/10.3.1/../../../arm-none-eabi/lib/thumb/v7e-m+fp/hard/libc_nano.a(lib_a-init.o)
__libc_fini_array                                 /usr/lib/gcc/arm-none-eabi/10.3.1/../../../arm-none-eabi/lib/thumb/v7e-m+fp/hard/libc_nano.a(lib_a-fini.o)
                                                  /usr/lib/gcc/arm-none-eabi/10.3.1/../../../arm-none-eabi/lib/thumb/v7e-m+fp/hard/crt0.o
__libc_init_array                                 /usr/lib/gcc/arm-none-eabi/10.3.1/../../../arm-none-eabi/lib/thumb/v7e-m+fp/hard/libc_nano.a(lib_a-init.o)
                                                  build/startup_gd32e10x_gcc.o
                                                  /usr/lib/gcc/arm-none-eabi/10.3.1/../../../arm-none-eabi/lib/thumb/v7e-m+fp/hard/crt0.o
__on_exit_args                                    /usr/lib/gcc/arm-none-eabi/10.3.1/../../../arm-none-eabi/lib/thumb/v7e-m+fp/hard/libc_nano.a(lib_a-__atexit.o)
__preinit_array_end                               /usr/lib/gcc/arm-none-eabi/10.3.1/../../../arm-none-eabi/lib/thumb/v7e-m+fp/hard/libc_nano.a(lib_a-init.o)
__preinit_array_start                             /usr/lib/gcc/arm-none-eabi/10.3.1/../../../arm-none-eabi/lib/thumb/v7e-m+fp/hard/libc_nano.a(lib_a-init.o)
__register_exitproc                               /usr/lib/gcc/arm-none-eabi/10.3.1/../../../arm-none-eabi/lib/thumb/v7e-m+fp/hard/libc_nano.a(lib_a-__atexit.o)
                                                  /usr/lib/gcc/arm-none-eabi/10.3.1/../../../arm-none-eabi/lib/thumb/v7e-m+fp/hard/libc_nano.a(lib_a-atexit.o)
__register_frame_info                             /usr/lib/gcc/arm-none-eabi/10.3.1/thumb/v7e-m+fp/hard/crtbegin.o
__sf_fake_stderr                                  /usr/lib/gcc/arm-none-eabi/10.3.1/../../../arm-none-eabi/lib/thumb/v7e-m+fp/hard/libc_nano.a(lib_a-impure.o)
__sf_fake_stdin                                   /usr/lib/gcc/arm-none-eabi/10.3.1/../../../arm-none-eabi/lib/thumb/v7e-m+fp/hard/libc_nano.a(lib_a-impure.o)
__sf_fake_stdout                                  /usr/lib/gcc/arm-none-eabi/10.3.1/../../../arm-none-eabi/lib/thumb/v7e-m+fp/hard/libc_nano.a(lib_a-impure.o)
__stack                                           /usr/lib/gcc/arm-none-eabi/10.3.1/../../../arm-none-eabi/lib/thumb/v7e-m+fp/hard/crt0.o
_ebss                                             build/startup_gd32e10x_gcc.o
_edata                                            build/startup_gd32e10x_gcc.o
_estack                                           build/startup_gd32e10x_gcc.o
_exit                                             /usr/lib/gcc/arm-none-eabi/10.3.1/../../../arm-none-eabi/lib/thumb/v7e-m+fp/hard/libnosys.a(_exit.o)
                                                  /usr/lib/gcc/arm-none-eabi/10.3.1/../../../arm-none-eabi/lib/thumb/v7e-m+fp/hard/libc_nano.a(lib_a-exit.o)
_fini                                             /usr/lib/gcc/arm-none-eabi/10.3.1/thumb/v7e-m+fp/hard/crti.o
                                                  /usr/lib/gcc/arm-none-eabi/10.3.1/../../../arm-none-eabi/lib/thumb/v7e-m+fp/hard/libc_nano.a(lib_a-fini.o)
_global_atexit                                    /usr/lib/gcc/arm-none-eabi/10.3.1/../../../arm-none-eabi/lib/thumb/v7e-m+fp/hard/libc_nano.a(lib_a-__call_atexit.o)
                                                  /usr/lib/gcc/arm-none-eabi/10.3.1/../../../arm-none-eabi/lib/thumb/v7e-m+fp/hard/libc_nano.a(lib_a-__atexit.o)
_global_impure_ptr                                /usr/lib/gcc/arm-none-eabi/10.3.1/../../../arm-none-eabi/lib/thumb/v7e-m+fp/hard/libc_nano.a(lib_a-impure.o)
                                                  /usr/lib/gcc/arm-none-eabi/10.3.1/../../../arm-none-eabi/lib/thumb/v7e-m+fp/hard/libc_nano.a(lib_a-exit.o)
_impure_ptr                                       /usr/lib/gcc/arm-none-eabi/10.3.1/../../../arm-none-eabi/lib/thumb/v7e-m+fp/hard/libc_nano.a(lib_a-impure.o)
_init                                             /usr/lib/gcc/arm-none-eabi/10.3.1/thumb/v7e-m+fp/hard/crti.o
                                                  /usr/lib/gcc/arm-none-eabi/10.3.1/../../../arm-none-eabi/lib/thumb/v7e-m+fp/hard/libc_nano.a(lib_a-init.o)
_mainCRTStartup                                   /usr/lib/gcc/arm-none-eabi/10.3.1/../../../arm-none-eabi/lib/thumb/v7e-m+fp/hard/crt0.o
_sbss                                             build/startup_gd32e10x_gcc.o
_sdata                                            build/startup_gd32e10x_gcc.o
_sidata                                           build/startup_gd32e10x_gcc.o
_stack_init                                       /usr/lib/gcc/arm-none-eabi/10.3.1/../../../arm-none-eabi/lib/thumb/v7e-m+fp/hard/crt0.o
_start                                            /usr/lib/gcc/arm-none-eabi/10.3.1/../../../arm-none-eabi/lib/thumb/v7e-m+fp/hard/crt0.o
adc_calibration_enable                            build/gd32e10x_adc.o
adc_channel_length_config                         build/gd32e10x_adc.o
adc_data_alignment_config                         build/gd32e10x_adc.o
adc_deinit                                        build/gd32e10x_adc.o
adc_disable                                       build/gd32e10x_adc.o
adc_discontinuous_mode_config                     build/gd32e10x_adc.o
adc_dma_mode_disable                              build/gd32e10x_adc.o
adc_dma_mode_enable                               build/gd32e10x_adc.o
adc_enable                                        build/gd32e10x_adc.o
adc_external_trigger_config                       build/gd32e10x_adc.o
adc_external_trigger_source_config                build/gd32e10x_adc.o
adc_flag_clear                                    build/gd32e10x_adc.o
adc_flag_get                                      build/gd32e10x_adc.o
adc_inserted_channel_config                       build/gd32e10x_adc.o
adc_inserted_channel_offset_config                build/gd32e10x_adc.o
adc_inserted_data_read                            build/gd32e10x_adc.o
adc_inserted_software_startconv_flag_get          build/gd32e10x_adc.o
adc_interrupt_disable                             build/gd32e10x_adc.o
adc_interrupt_enable                              build/gd32e10x_adc.o
adc_interrupt_flag_clear                          build/gd32e10x_adc.o
adc_interrupt_flag_get                            build/gd32e10x_adc.o
adc_mode_config                                   build/gd32e10x_adc.o
adc_oversample_mode_config                        build/gd32e10x_adc.o
adc_oversample_mode_disable                       build/gd32e10x_adc.o
adc_oversample_mode_enable                        build/gd32e10x_adc.o
adc_regular_channel_config                        build/gd32e10x_adc.o
adc_regular_data_read                             build/gd32e10x_adc.o
adc_regular_software_startconv_flag_get           build/gd32e10x_adc.o
adc_resolution_config                             build/gd32e10x_adc.o
adc_software_trigger_enable                       build/gd32e10x_adc.o
adc_special_function_config                       build/gd32e10x_adc.o
adc_sync_mode_convert_value_read                  build/gd32e10x_adc.o
adc_tempsensor_vrefint_disable                    build/gd32e10x_adc.o
adc_tempsensor_vrefint_enable                     build/gd32e10x_adc.o
adc_watchdog_disable                              build/gd32e10x_adc.o
adc_watchdog_group_channel_enable                 build/gd32e10x_adc.o
adc_watchdog_single_channel_enable                build/gd32e10x_adc.o
adc_watchdog_threshold_config                     build/gd32e10x_adc.o
atexit                                            /usr/lib/gcc/arm-none-eabi/10.3.1/../../../arm-none-eabi/lib/thumb/v7e-m+fp/hard/libc_nano.a(lib_a-atexit.o)
                                                  /usr/lib/gcc/arm-none-eabi/10.3.1/../../../arm-none-eabi/lib/thumb/v7e-m+fp/hard/crt0.o
bkp_data_read                                     build/gd32e10x_bkp.o
bkp_data_write                                    build/gd32e10x_bkp.o
bkp_deinit                                        build/gd32e10x_bkp.o
bkp_flag_clear                                    build/gd32e10x_bkp.o
bkp_flag_get                                      build/gd32e10x_bkp.o
bkp_interrupt_disable                             build/gd32e10x_bkp.o
bkp_interrupt_enable                              build/gd32e10x_bkp.o
bkp_interrupt_flag_clear                          build/gd32e10x_bkp.o
bkp_interrupt_flag_get                            build/gd32e10x_bkp.o
bkp_rtc_calibration_output_disable                build/gd32e10x_bkp.o
bkp_rtc_calibration_output_enable                 build/gd32e10x_bkp.o
bkp_rtc_calibration_value_set                     build/gd32e10x_bkp.o
bkp_rtc_clock_calibration_direction_select        build/gd32e10x_bkp.o
bkp_rtc_clock_output_select                       build/gd32e10x_bkp.o
bkp_rtc_output_select                             build/gd32e10x_bkp.o
bkp_rtc_signal_output_disable                     build/gd32e10x_bkp.o
bkp_rtc_signal_output_enable                      build/gd32e10x_bkp.o
bkp_tamper_active_level_set                       build/gd32e10x_bkp.o
bkp_tamper_detection_disable                      build/gd32e10x_bkp.o
bkp_tamper_detection_enable                       build/gd32e10x_bkp.o
can1_filter_start_bank                            build/gd32e10x_can.o
can_debug_freeze_disable                          build/gd32e10x_can.o
can_debug_freeze_enable                           build/gd32e10x_can.o
can_deinit                                        build/gd32e10x_can.o
can_error_get                                     build/gd32e10x_can.o
can_fd_frequency_set                              build/gd32e10x_can.o
can_fd_function_disable                           build/gd32e10x_can.o
can_fd_function_enable                            build/gd32e10x_can.o
can_fd_init                                       build/gd32e10x_can.o
can_fifo_release                                  build/gd32e10x_can.o
can_filter_init                                   build/gd32e10x_can.o
can_filter_mask_mode_init                         build/gd32e10x_can.o
can_flag_clear                                    build/gd32e10x_can.o
can_flag_get                                      build/gd32e10x_can.o
can_frequency_set                                 build/gd32e10x_can.o
can_init                                          build/gd32e10x_can.o
can_interrupt_disable                             build/gd32e10x_can.o
can_interrupt_enable                              build/gd32e10x_can.o
can_interrupt_flag_clear                          build/gd32e10x_can.o
can_interrupt_flag_get                            build/gd32e10x_can.o
can_message_receive                               build/gd32e10x_can.o
can_message_transmit                              build/gd32e10x_can.o
can_monitor_mode_set                              build/gd32e10x_can.o
can_receive_error_number_get                      build/gd32e10x_can.o
can_receive_message_length_get                    build/gd32e10x_can.o
can_struct_para_init                              build/gd32e10x_can.o
can_time_trigger_mode_disable                     build/gd32e10x_can.o
can_time_trigger_mode_enable                      build/gd32e10x_can.o
can_transmission_stop                             build/gd32e10x_can.o
can_transmit_error_number_get                     build/gd32e10x_can.o
can_transmit_states                               build/gd32e10x_can.o
can_wakeup                                        build/gd32e10x_can.o
can_working_mode_set                              build/gd32e10x_can.o
configuration_descriptor                          build/custom_hid_core.o
                                                  build/app.o
crc_block_data_calculate                          build/gd32e10x_crc.o
crc_data_register_read                            build/gd32e10x_crc.o
crc_data_register_reset                           build/gd32e10x_crc.o
crc_deinit                                        build/gd32e10x_crc.o
crc_free_data_register_read                       build/gd32e10x_crc.o
crc_free_data_register_write                      build/gd32e10x_crc.o
crc_single_data_calculate                         build/gd32e10x_crc.o
ctc_clock_limit_value_config                      build/gd32e10x_ctc.o
ctc_counter_capture_value_read                    build/gd32e10x_ctc.o
ctc_counter_direction_read                        build/gd32e10x_ctc.o
ctc_counter_disable                               build/gd32e10x_ctc.o
ctc_counter_enable                                build/gd32e10x_ctc.o
ctc_counter_reload_value_config                   build/gd32e10x_ctc.o
ctc_counter_reload_value_read                     build/gd32e10x_ctc.o
ctc_deinit                                        build/gd32e10x_ctc.o
ctc_flag_clear                                    build/gd32e10x_ctc.o
ctc_flag_get                                      build/gd32e10x_ctc.o
ctc_hardware_trim_mode_config                     build/gd32e10x_ctc.o
ctc_interrupt_disable                             build/gd32e10x_ctc.o
ctc_interrupt_enable                              build/gd32e10x_ctc.o
ctc_interrupt_flag_clear                          build/gd32e10x_ctc.o
ctc_interrupt_flag_get                            build/gd32e10x_ctc.o
ctc_irc48m_trim_value_config                      build/gd32e10x_ctc.o
ctc_irc48m_trim_value_read                        build/gd32e10x_ctc.o
ctc_refsource_polarity_config                     build/gd32e10x_ctc.o
ctc_refsource_prescaler_config                    build/gd32e10x_ctc.o
ctc_refsource_signal_select                       build/gd32e10x_ctc.o
ctc_software_refsource_pulse_generate             build/gd32e10x_ctc.o
custom_hid_data_handler                           build/custom_hid_core.o
                                                  build/app.o
custom_hid_deinit                                 build/custom_hid_core.o
                                                  build/app.o
custom_hid_init                                   build/custom_hid_core.o
                                                  build/app.o
custom_hid_req_handler                            build/custom_hid_core.o
                                                  build/app.o
customhid_report_descriptor                       build/custom_hid_core.o
dac_concurrent_data_set                           build/gd32e10x_dac.o
dac_concurrent_disable                            build/gd32e10x_dac.o
dac_concurrent_enable                             build/gd32e10x_dac.o
dac_concurrent_output_buffer_disable              build/gd32e10x_dac.o
dac_concurrent_output_buffer_enable               build/gd32e10x_dac.o
dac_concurrent_software_trigger_disable           build/gd32e10x_dac.o
dac_concurrent_software_trigger_enable            build/gd32e10x_dac.o
dac_data_set                                      build/gd32e10x_dac.o
dac_deinit                                        build/gd32e10x_dac.o
dac_disable                                       build/gd32e10x_dac.o
dac_dma_disable                                   build/gd32e10x_dac.o
dac_dma_enable                                    build/gd32e10x_dac.o
dac_enable                                        build/gd32e10x_dac.o
dac_lfsr_noise_config                             build/gd32e10x_dac.o
dac_output_buffer_disable                         build/gd32e10x_dac.o
dac_output_buffer_enable                          build/gd32e10x_dac.o
dac_output_value_get                              build/gd32e10x_dac.o
dac_software_trigger_disable                      build/gd32e10x_dac.o
dac_software_trigger_enable                       build/gd32e10x_dac.o
dac_triangle_noise_config                         build/gd32e10x_dac.o
dac_trigger_disable                               build/gd32e10x_dac.o
dac_trigger_enable                                build/gd32e10x_dac.o
dac_trigger_source_config                         build/gd32e10x_dac.o
dac_wave_bit_width_config                         build/gd32e10x_dac.o
dac_wave_mode_config                              build/gd32e10x_dac.o
dbg_id_get                                        build/gd32e10x_dbg.o
dbg_low_power_disable                             build/gd32e10x_dbg.o
dbg_low_power_enable                              build/gd32e10x_dbg.o
dbg_periph_disable                                build/gd32e10x_dbg.o
                                                  build/gd32e10x_can.o
dbg_periph_enable                                 build/gd32e10x_dbg.o
                                                  build/gd32e10x_can.o
dbg_trace_pin_disable                             build/gd32e10x_dbg.o
dbg_trace_pin_enable                              build/gd32e10x_dbg.o
dbg_trace_pin_mode_set                            build/gd32e10x_dbg.o
delay                                             build/delay.o
                                                  build/app.o
delayMicroseconds                                 build/delay.o
                                                  build/app.o
device_descripter                                 build/custom_hid_core.o
                                                  build/app.o
dma_channel_disable                               build/gd32e10x_dma.o
dma_channel_enable                                build/gd32e10x_dma.o
dma_circulation_disable                           build/gd32e10x_dma.o
dma_circulation_enable                            build/gd32e10x_dma.o
dma_deinit                                        build/gd32e10x_dma.o
dma_flag_clear                                    build/gd32e10x_dma.o
dma_flag_get                                      build/gd32e10x_dma.o
dma_init                                          build/gd32e10x_dma.o
dma_interrupt_disable                             build/gd32e10x_dma.o
dma_interrupt_enable                              build/gd32e10x_dma.o
dma_interrupt_flag_clear                          build/gd32e10x_dma.o
dma_interrupt_flag_get                            build/gd32e10x_dma.o
dma_memory_address_config                         build/gd32e10x_dma.o
dma_memory_increase_disable                       build/gd32e10x_dma.o
dma_memory_increase_enable                        build/gd32e10x_dma.o
dma_memory_to_memory_disable                      build/gd32e10x_dma.o
dma_memory_to_memory_enable                       build/gd32e10x_dma.o
dma_memory_width_config                           build/gd32e10x_dma.o
dma_periph_address_config                         build/gd32e10x_dma.o
dma_periph_increase_disable                       build/gd32e10x_dma.o
dma_periph_increase_enable                        build/gd32e10x_dma.o
dma_periph_width_config                           build/gd32e10x_dma.o
dma_priority_config                               build/gd32e10x_dma.o
dma_struct_para_init                              build/gd32e10x_dma.o
dma_transfer_direction_config                     build/gd32e10x_dma.o
dma_transfer_number_config                        build/gd32e10x_dma.o
dma_transfer_number_get                           build/gd32e10x_dma.o
exit                                              /usr/lib/gcc/arm-none-eabi/10.3.1/../../../arm-none-eabi/lib/thumb/v7e-m+fp/hard/libc_nano.a(lib_a-exit.o)
                                                  /usr/lib/gcc/arm-none-eabi/10.3.1/../../../arm-none-eabi/lib/thumb/v7e-m+fp/hard/crt0.o
exmc_norsram_deinit                               build/gd32e10x_exmc.o
exmc_norsram_disable                              build/gd32e10x_exmc.o
exmc_norsram_enable                               build/gd32e10x_exmc.o
exmc_norsram_init                                 build/gd32e10x_exmc.o
exmc_norsram_page_size_config                     build/gd32e10x_exmc.o
exmc_norsram_struct_para_init                     build/gd32e10x_exmc.o
exti_deinit                                       build/gd32e10x_exti.o
exti_event_disable                                build/gd32e10x_exti.o
exti_event_enable                                 build/gd32e10x_exti.o
exti_flag_clear                                   build/gd32e10x_exti.o
exti_flag_get                                     build/gd32e10x_exti.o
exti_init                                         build/gd32e10x_exti.o
exti_interrupt_disable                            build/gd32e10x_exti.o
exti_interrupt_enable                             build/gd32e10x_exti.o
exti_interrupt_flag_clear                         build/gd32e10x_exti.o
                                                  build/gd32e10x_it.o
exti_interrupt_flag_get                           build/gd32e10x_exti.o
                                                  build/gd32e10x_it.o
exti_software_interrupt_disable                   build/gd32e10x_exti.o
exti_software_interrupt_enable                    build/gd32e10x_exti.o
flag                                              build/custom_hid_core.o
fmc_dbus_disable                                  build/gd32e10x_fmc.o
fmc_dbus_enable                                   build/gd32e10x_fmc.o
fmc_dbus_reset                                    build/gd32e10x_fmc.o
fmc_doubleword_program                            build/gd32e10x_fmc.o
fmc_flag_clear                                    build/gd32e10x_fmc.o
fmc_flag_get                                      build/gd32e10x_fmc.o
fmc_halfword_program                              build/gd32e10x_fmc.o
fmc_ibus_disable                                  build/gd32e10x_fmc.o
fmc_ibus_enable                                   build/gd32e10x_fmc.o
fmc_ibus_reset                                    build/gd32e10x_fmc.o
fmc_interrupt_disable                             build/gd32e10x_fmc.o
fmc_interrupt_enable                              build/gd32e10x_fmc.o
fmc_interrupt_flag_clear                          build/gd32e10x_fmc.o
fmc_interrupt_flag_get                            build/gd32e10x_fmc.o
fmc_lock                                          build/gd32e10x_fmc.o
fmc_mass_erase                                    build/gd32e10x_fmc.o
fmc_page_erase                                    build/gd32e10x_fmc.o
fmc_prefetch_disable                              build/gd32e10x_fmc.o
fmc_prefetch_enable                               build/gd32e10x_fmc.o
fmc_program_width_set                             build/gd32e10x_fmc.o
fmc_unlock                                        build/gd32e10x_fmc.o
fmc_word_program                                  build/gd32e10x_fmc.o
fmc_wscnt_set                                     build/gd32e10x_fmc.o
fwdgt_config                                      build/gd32e10x_fwdgt.o
fwdgt_counter_reload                              build/gd32e10x_fwdgt.o
fwdgt_enable                                      build/gd32e10x_fwdgt.o
fwdgt_flag_get                                    build/gd32e10x_fwdgt.o
fwdgt_write_disable                               build/gd32e10x_fwdgt.o
fwdgt_write_enable                                build/gd32e10x_fwdgt.o
g_can_fdlength_table                              build/gd32e10x_can.o
g_pfnVectors                                      build/startup_gd32e10x_gcc.o
gpio_afio_deinit                                  build/gd32e10x_gpio.o
gpio_bit_reset                                    build/gd32e10x_gpio.o
                                                  build/custom_hid_core.o
gpio_bit_set                                      build/gd32e10x_gpio.o
                                                  build/custom_hid_core.o
                                                  build/app.o
gpio_bit_write                                    build/gd32e10x_gpio.o
gpio_compensation_config                          build/gd32e10x_gpio.o
gpio_compensation_flag_get                        build/gd32e10x_gpio.o
gpio_deinit                                       build/gd32e10x_gpio.o
gpio_event_output_config                          build/gd32e10x_gpio.o
gpio_event_output_disable                         build/gd32e10x_gpio.o
gpio_event_output_enable                          build/gd32e10x_gpio.o
gpio_exti_source_select                           build/gd32e10x_gpio.o
gpio_init                                         build/gd32e10x_gpio.o
                                                  build/app.o
gpio_input_bit_get                                build/gd32e10x_gpio.o
gpio_input_port_get                               build/gd32e10x_gpio.o
gpio_output_bit_get                               build/gd32e10x_gpio.o
gpio_output_port_get                              build/gd32e10x_gpio.o
gpio_pin_lock                                     build/gd32e10x_gpio.o
gpio_pin_remap_config                             build/gd32e10x_gpio.o
gpio_port_write                                   build/gd32e10x_gpio.o
hardware_init_hook                                /usr/lib/gcc/arm-none-eabi/10.3.1/../../../arm-none-eabi/lib/thumb/v7e-m+fp/hard/crt0.o
i2c_ack_config                                    build/gd32e10x_i2c.o
i2c_ackpos_config                                 build/gd32e10x_i2c.o
i2c_clock_config                                  build/gd32e10x_i2c.o
i2c_data_receive                                  build/gd32e10x_i2c.o
i2c_data_transmit                                 build/gd32e10x_i2c.o
i2c_deinit                                        build/gd32e10x_i2c.o
i2c_disable                                       build/gd32e10x_i2c.o
i2c_dma_enable                                    build/gd32e10x_i2c.o
i2c_dma_last_transfer_config                      build/gd32e10x_i2c.o
i2c_dualaddr_disable                              build/gd32e10x_i2c.o
i2c_dualaddr_enable                               build/gd32e10x_i2c.o
i2c_enable                                        build/gd32e10x_i2c.o
i2c_flag_clear                                    build/gd32e10x_i2c.o
i2c_flag_get                                      build/gd32e10x_i2c.o
i2c_interrupt_disable                             build/gd32e10x_i2c.o
i2c_interrupt_enable                              build/gd32e10x_i2c.o
i2c_interrupt_flag_clear                          build/gd32e10x_i2c.o
i2c_interrupt_flag_get                            build/gd32e10x_i2c.o
i2c_master_addressing                             build/gd32e10x_i2c.o
i2c_mode_addr_config                              build/gd32e10x_i2c.o
i2c_pec_enable                                    build/gd32e10x_i2c.o
i2c_pec_transfer_enable                           build/gd32e10x_i2c.o
i2c_pec_value_get                                 build/gd32e10x_i2c.o
i2c_sam_disable                                   build/gd32e10x_i2c.o
i2c_sam_enable                                    build/gd32e10x_i2c.o
i2c_sam_timeout_disable                           build/gd32e10x_i2c.o
i2c_sam_timeout_enable                            build/gd32e10x_i2c.o
i2c_slave_response_to_gcall_config                build/gd32e10x_i2c.o
i2c_smbus_arp_enable                              build/gd32e10x_i2c.o
i2c_smbus_issue_alert                             build/gd32e10x_i2c.o
i2c_smbus_type_config                             build/gd32e10x_i2c.o
i2c_software_reset_config                         build/gd32e10x_i2c.o
i2c_start_on_bus                                  build/gd32e10x_i2c.o
i2c_stop_on_bus                                   build/gd32e10x_i2c.o
i2c_stretch_scl_low_config                        build/gd32e10x_i2c.o
i2s_disable                                       build/gd32e10x_spi.o
i2s_enable                                        build/gd32e10x_spi.o
i2s_init                                          build/gd32e10x_spi.o
i2s_psc_config                                    build/gd32e10x_spi.o
led_config                                        build/app.o
main                                              build/app.o
                                                  build/startup_gd32e10x_gcc.o
                                                  /usr/lib/gcc/arm-none-eabi/10.3.1/../../../arm-none-eabi/lib/thumb/v7e-m+fp/hard/crt0.o
malloc                                            /usr/lib/gcc/arm-none-eabi/10.3.1/../../../arm-none-eabi/lib/thumb/v7e-m+fp/hard/libc_nano.a(lib_a-__atexit.o)
memset                                            /usr/lib/gcc/arm-none-eabi/10.3.1/../../../arm-none-eabi/lib/thumb/v7e-m+fp/hard/libc_nano.a(lib_a-memset.o)
                                                  /usr/lib/gcc/arm-none-eabi/10.3.1/../../../arm-none-eabi/lib/thumb/v7e-m+fp/hard/crt0.o
nvic_irq_disable                                  build/gd32e10x_misc.o
nvic_irq_enable                                   build/gd32e10x_misc.o
                                                  build/app.o
nvic_priority_group_set                           build/gd32e10x_misc.o
                                                  build/app.o
nvic_vector_table_set                             build/gd32e10x_misc.o
                                                  build/system_gd32e10x.o
ob_data_get                                       build/gd32e10x_fmc.o
ob_data_program                                   build/gd32e10x_fmc.o
ob_erase                                          build/gd32e10x_fmc.o
ob_lock                                           build/gd32e10x_fmc.o
ob_security_protection_config                     build/gd32e10x_fmc.o
ob_security_protection_flag_get                   build/gd32e10x_fmc.o
ob_unlock                                         build/gd32e10x_fmc.o
ob_user_get                                       build/gd32e10x_fmc.o
ob_user_write                                     build/gd32e10x_fmc.o
ob_write_protection_enable                        build/gd32e10x_fmc.o
ob_write_protection_get                           build/gd32e10x_fmc.o
pmu_backup_write_disable                          build/gd32e10x_pmu.o
pmu_backup_write_enable                           build/gd32e10x_pmu.o
pmu_deinit                                        build/gd32e10x_pmu.o
pmu_flag_clear                                    build/gd32e10x_pmu.o
pmu_flag_get                                      build/gd32e10x_pmu.o
pmu_ldo_output_select                             build/gd32e10x_pmu.o
pmu_lvd_disable                                   build/gd32e10x_pmu.o
pmu_lvd_select                                    build/gd32e10x_pmu.o
pmu_to_deepsleepmode                              build/gd32e10x_pmu.o
                                                  build/usbd_int.o
pmu_to_sleepmode                                  build/gd32e10x_pmu.o
pmu_to_standbymode                                build/gd32e10x_pmu.o
pmu_wakeup_pin_disable                            build/gd32e10x_pmu.o
pmu_wakeup_pin_enable                             build/gd32e10x_pmu.o
qspi_disable                                      build/gd32e10x_spi.o
qspi_enable                                       build/gd32e10x_spi.o
qspi_io23_output_disable                          build/gd32e10x_spi.o
qspi_io23_output_enable                           build/gd32e10x_spi.o
qspi_read_enable                                  build/gd32e10x_spi.o
qspi_write_enable                                 build/gd32e10x_spi.o
rcu_adc_clock_config                              build/gd32e10x_rcu.o
rcu_ahb_clock_config                              build/gd32e10x_rcu.o
rcu_all_reset_flag_clear                          build/gd32e10x_rcu.o
rcu_apb1_clock_config                             build/gd32e10x_rcu.o
rcu_apb2_clock_config                             build/gd32e10x_rcu.o
rcu_bkp_reset_disable                             build/gd32e10x_rcu.o
                                                  build/gd32e10x_bkp.o
rcu_bkp_reset_enable                              build/gd32e10x_rcu.o
                                                  build/gd32e10x_bkp.o
rcu_ck48m_clock_config                            build/gd32e10x_rcu.o
rcu_ckout0_config                                 build/gd32e10x_rcu.o
rcu_clock_freq_get                                build/gd32e10x_rcu.o
                                                  build/gd32e10x_usart.o
                                                  build/gd32e10x_spi.o
                                                  build/gd32e10x_i2c.o
                                                  build/gd32e10x_can.o
                                                  build/app.o
rcu_deepsleep_voltage_set                         build/gd32e10x_rcu.o
rcu_deinit                                        build/gd32e10x_rcu.o
rcu_flag_get                                      build/gd32e10x_rcu.o
rcu_hxtal_clock_monitor_disable                   build/gd32e10x_rcu.o
rcu_hxtal_clock_monitor_enable                    build/gd32e10x_rcu.o
rcu_i2s1_clock_config                             build/gd32e10x_rcu.o
rcu_i2s2_clock_config                             build/gd32e10x_rcu.o
rcu_interrupt_disable                             build/gd32e10x_rcu.o
rcu_interrupt_enable                              build/gd32e10x_rcu.o
rcu_interrupt_flag_clear                          build/gd32e10x_rcu.o
rcu_interrupt_flag_get                            build/gd32e10x_rcu.o
rcu_irc8m_adjust_value_set                        build/gd32e10x_rcu.o
rcu_lxtal_drive_capability_config                 build/gd32e10x_rcu.o
rcu_osci_bypass_mode_disable                      build/gd32e10x_rcu.o
rcu_osci_bypass_mode_enable                       build/gd32e10x_rcu.o
rcu_osci_off                                      build/gd32e10x_rcu.o
rcu_osci_on                                       build/gd32e10x_rcu.o
rcu_osci_stab_wait                                build/gd32e10x_rcu.o
rcu_periph_clock_disable                          build/gd32e10x_rcu.o
rcu_periph_clock_enable                           build/gd32e10x_rcu.o
                                                  build/gd32e10x_it.o
                                                  build/app.o
rcu_periph_clock_sleep_disable                    build/gd32e10x_rcu.o
rcu_periph_clock_sleep_enable                     build/gd32e10x_rcu.o
rcu_periph_reset_disable                          build/gd32e10x_rcu.o
                                                  build/gd32e10x_wwdgt.o
                                                  build/gd32e10x_usart.o
                                                  build/gd32e10x_timer.o
                                                  build/gd32e10x_spi.o
                                                  build/gd32e10x_pmu.o
                                                  build/gd32e10x_i2c.o
                                                  build/gd32e10x_gpio.o
                                                  build/gd32e10x_dac.o
                                                  build/gd32e10x_ctc.o
                                                  build/gd32e10x_can.o
                                                  build/gd32e10x_adc.o
rcu_periph_reset_enable                           build/gd32e10x_rcu.o
                                                  build/gd32e10x_wwdgt.o
                                                  build/gd32e10x_usart.o
                                                  build/gd32e10x_timer.o
                                                  build/gd32e10x_spi.o
                                                  build/gd32e10x_pmu.o
                                                  build/gd32e10x_i2c.o
                                                  build/gd32e10x_gpio.o
                                                  build/gd32e10x_dac.o
                                                  build/gd32e10x_ctc.o
                                                  build/gd32e10x_can.o
                                                  build/gd32e10x_adc.o
rcu_pll1_config                                   build/gd32e10x_rcu.o
rcu_pll2_config                                   build/gd32e10x_rcu.o
rcu_pll_config                                    build/gd32e10x_rcu.o
rcu_pllpresel_config                              build/gd32e10x_rcu.o
rcu_predv0_config                                 build/gd32e10x_rcu.o
rcu_predv1_config                                 build/gd32e10x_rcu.o
rcu_rtc_clock_config                              build/gd32e10x_rcu.o
rcu_system_clock_source_config                    build/gd32e10x_rcu.o
rcu_system_clock_source_get                       build/gd32e10x_rcu.o
rcu_usb_clock_config                              build/gd32e10x_rcu.o
                                                  build/gd32e10x_it.o
                                                  build/app.o
rtc_alarm_config                                  build/gd32e10x_rtc.o
rtc_configuration_mode_enter                      build/gd32e10x_rtc.o
rtc_configuration_mode_exit                       build/gd32e10x_rtc.o
rtc_counter_get                                   build/gd32e10x_rtc.o
rtc_counter_set                                   build/gd32e10x_rtc.o
rtc_divider_get                                   build/gd32e10x_rtc.o
rtc_flag_clear                                    build/gd32e10x_rtc.o
rtc_flag_get                                      build/gd32e10x_rtc.o
rtc_interrupt_disable                             build/gd32e10x_rtc.o
rtc_interrupt_enable                              build/gd32e10x_rtc.o
rtc_interrupt_flag_clear                          build/gd32e10x_rtc.o
rtc_interrupt_flag_get                            build/gd32e10x_rtc.o
rtc_lwoff_wait                                    build/gd32e10x_rtc.o
rtc_prescaler_set                                 build/gd32e10x_rtc.o
rtc_register_sync_wait                            build/gd32e10x_rtc.o
rxBuff                                            build/custom_hid_core.o
software_init_hook                                /usr/lib/gcc/arm-none-eabi/10.3.1/../../../arm-none-eabi/lib/thumb/v7e-m+fp/hard/crt0.o
spi_bidirectional_transfer_config                 build/gd32e10x_spi.o
spi_crc_error_clear                               build/gd32e10x_spi.o
spi_crc_get                                       build/gd32e10x_spi.o
spi_crc_next                                      build/gd32e10x_spi.o
spi_crc_off                                       build/gd32e10x_spi.o
spi_crc_on                                        build/gd32e10x_spi.o
spi_crc_polynomial_get                            build/gd32e10x_spi.o
spi_crc_polynomial_set                            build/gd32e10x_spi.o
spi_disable                                       build/gd32e10x_spi.o
spi_dma_disable                                   build/gd32e10x_spi.o
spi_dma_enable                                    build/gd32e10x_spi.o
spi_enable                                        build/gd32e10x_spi.o
spi_i2s_data_frame_format_config                  build/gd32e10x_spi.o
spi_i2s_data_receive                              build/gd32e10x_spi.o
spi_i2s_data_transmit                             build/gd32e10x_spi.o
spi_i2s_deinit                                    build/gd32e10x_spi.o
spi_i2s_flag_get                                  build/gd32e10x_spi.o
spi_i2s_interrupt_disable                         build/gd32e10x_spi.o
spi_i2s_interrupt_enable                          build/gd32e10x_spi.o
spi_i2s_interrupt_flag_get                        build/gd32e10x_spi.o
spi_init                                          build/gd32e10x_spi.o
spi_nss_internal_high                             build/gd32e10x_spi.o
spi_nss_internal_low                              build/gd32e10x_spi.o
spi_nss_output_disable                            build/gd32e10x_spi.o
spi_nss_output_enable                             build/gd32e10x_spi.o
spi_nssp_mode_disable                             build/gd32e10x_spi.o
spi_nssp_mode_enable                              build/gd32e10x_spi.o
spi_struct_para_init                              build/gd32e10x_spi.o
spi_ti_mode_disable                               build/gd32e10x_spi.o
spi_ti_mode_enable                                build/gd32e10x_spi.o
system_lowpower_reset                             build/gd32e10x_misc.o
system_lowpower_set                               build/gd32e10x_misc.o
systick_clksource_set                             build/gd32e10x_misc.o
timer_auto_reload_shadow_disable                  build/gd32e10x_timer.o
timer_auto_reload_shadow_enable                   build/gd32e10x_timer.o
timer_automatic_output_disable                    build/gd32e10x_timer.o
timer_automatic_output_enable                     build/gd32e10x_timer.o
timer_autoreload_value_config                     build/gd32e10x_timer.o
timer_break_config                                build/gd32e10x_timer.o
timer_break_disable                               build/gd32e10x_timer.o
timer_break_enable                                build/gd32e10x_timer.o
timer_break_struct_para_init                      build/gd32e10x_timer.o
timer_channel_capture_value_register_read         build/gd32e10x_timer.o
timer_channel_complementary_output_polarity_config build/gd32e10x_timer.o
timer_channel_complementary_output_state_config   build/gd32e10x_timer.o
timer_channel_control_shadow_config               build/gd32e10x_timer.o
timer_channel_control_shadow_update_config        build/gd32e10x_timer.o
timer_channel_dma_request_source_select           build/gd32e10x_timer.o
timer_channel_input_capture_prescaler_config      build/gd32e10x_timer.o
timer_channel_input_struct_para_init              build/gd32e10x_timer.o
timer_channel_output_clear_config                 build/gd32e10x_timer.o
timer_channel_output_config                       build/gd32e10x_timer.o
timer_channel_output_fast_config                  build/gd32e10x_timer.o
timer_channel_output_mode_config                  build/gd32e10x_timer.o
timer_channel_output_polarity_config              build/gd32e10x_timer.o
timer_channel_output_pulse_value_config           build/gd32e10x_timer.o
timer_channel_output_shadow_config                build/gd32e10x_timer.o
timer_channel_output_state_config                 build/gd32e10x_timer.o
timer_channel_output_struct_para_init             build/gd32e10x_timer.o
timer_counter_alignment                           build/gd32e10x_timer.o
timer_counter_down_direction                      build/gd32e10x_timer.o
timer_counter_read                                build/gd32e10x_timer.o
timer_counter_up_direction                        build/gd32e10x_timer.o
timer_counter_value_config                        build/gd32e10x_timer.o
timer_deinit                                      build/gd32e10x_timer.o
timer_disable                                     build/gd32e10x_timer.o
timer_dma_disable                                 build/gd32e10x_timer.o
timer_dma_enable                                  build/gd32e10x_timer.o
timer_dma_transfer_config                         build/gd32e10x_timer.o
timer_enable                                      build/gd32e10x_timer.o
timer_event_software_generate                     build/gd32e10x_timer.o
timer_external_clock_mode0_config                 build/gd32e10x_timer.o
timer_external_clock_mode1_config                 build/gd32e10x_timer.o
timer_external_clock_mode1_disable                build/gd32e10x_timer.o
timer_external_trigger_as_external_clock_config   build/gd32e10x_timer.o
timer_external_trigger_config                     build/gd32e10x_timer.o
timer_flag_clear                                  build/gd32e10x_timer.o
timer_flag_get                                    build/gd32e10x_timer.o
timer_hall_mode_config                            build/gd32e10x_timer.o
timer_init                                        build/gd32e10x_timer.o
timer_input_capture_config                        build/gd32e10x_timer.o
timer_input_pwm_capture_config                    build/gd32e10x_timer.o
timer_input_trigger_source_select                 build/gd32e10x_timer.o