<html>
<body>
<pre>
<h1>µVision Build Log</h1>
<h2>Tool Versions:</h2>
IDE-Version: µVision V5.38.0.0
Copyright (C) 2022 ARM Ltd and ARM Germany GmbH. All rights reserved.
License Information: gag fgsdfg, shsrgsr, LIC=----
 
Tool Versions:
Toolchain:       MDK-Lite  Version: 5.38.0.0
Toolchain Path:  C:\Keil_v5\ARM\ARMCLANG\Bin
C Compiler:      ArmClang.exe V6.19
Assembler:       Armasm.exe V6.19
Linker/Locator:  ArmLink.exe V6.19
Library Manager: ArmAr.exe V6.19
Hex Converter:   FromElf.exe V6.19
CPU DLL:         SARMCM3.DLL V5.38.0.0
Dialog DLL:      DCM.DLL V1.17.5.0
Target DLL:      Segger\JL2CM3.dll V2.99.42.0
Dialog DLL:      TCM.DLL V1.56.4.0
 
<h2>Project:</h2>
C:\Users\guing\Downloads\GD32E10x_Firmware_Library_V1.0.3\Project\USBFS\USB_Device\test\test.uvprojx
Project File Date:  07/12/2023

<h2>Output:</h2>
*** Using Compiler 'V6.19', folder: 'C:\Keil_v5\ARM\ARMCLANG\Bin'
Rebuild target 'test'
compiling delay.c...
compiling gd32e10x_exti.c...
compiling usb_delay.c...
compiling custom_hid_core.c...
compiling gd32e10x_it.c...
compiling system_gd32e10x.c...
compiling app.c...
compiling gd32e10x_misc.c...
compiling gd32e10x_gpio.c...
compiling gd32e10x_pmu.c...
compiling gd32e10x_ctc.c...
compiling gd32e10x_rcu.c...
compiling gd32e10x_fmc.c...
assembling startup_gd32e10x.s...
compiling gd32e10x_timer.c...
compiling usbd_core.c...
compiling usb_core.c...
compiling usbd_int.c...
compiling usbd_std.c...
linking...
Program Size: Code=7516 RO-data=468 RW-data=352 ZI-data=2320  
".\Objects\test.axf" - 0 Error(s), 0 Warning(s).

<h2>Software Packages used:</h2>

Package Vendor: GigaDevice
                https://gd32mcu.com/data/documents/pack/GigaDevice.GD32E10x_DFP.1.2.1.pack
                GigaDevice.GD32E10x_DFP.1.2.1
                GigaDevice GD32E10x Series Device Support and Examples

<h2>Collection of Component include folders:</h2>
  C:/Users/guing/AppData/Local/Arm/Packs/GigaDevice/GD32E10x_DFP/1.2.1/Device/Include

<h2>Collection of Component Files used:</h2>
Build Time Elapsed:  00:00:04
</pre>
</body>
</html>
